Archive member included because of file (symbol)

build/sky/contiki-ng-sky.a(uart1-putchar.o)
                              udp-client.o (putchar)
build/sky/contiki-ng-sky.a(platform.o)
                              build/sky/obj/contiki-main.o (platform_init_stage_one)
build/sky/contiki-ng-sky.a(msp430.o)
                              build/sky/contiki-ng-sky.a(platform.o) (msp430_dco_required)
build/sky/contiki-ng-sky.a(clock.o)
                              build/sky/obj/contiki-main.o (clock_init)
build/sky/contiki-ng-sky.a(leds.o)
                              build/sky/contiki-ng-sky.a(platform.o) (leds_init)
build/sky/contiki-ng-sky.a(leds-arch.o)
                              build/sky/contiki-ng-sky.a(leds.o) (leds_arch_init)
build/sky/contiki-ng-sky.a(watchdog.o)
                              build/sky/obj/contiki-main.o (watchdog_start)
build/sky/contiki-ng-sky.a(autostart.o)
                              build/sky/obj/contiki-main.o (autostart_start)
build/sky/contiki-ng-sky.a(ctimer.o)
                              build/sky/obj/contiki-main.o (ctimer_init)
build/sky/contiki-ng-sky.a(energest.o)
                              build/sky/obj/contiki-main.o (energest_init)
build/sky/contiki-ng-sky.a(etimer.o)
                              build/sky/contiki-ng-sky.a(clock.o) (etimer_request_poll)
build/sky/contiki-ng-sky.a(log.o)
                              udp-client.o (log_6addr)
build/sky/contiki-ng-sky.a(node-id.o)
                              build/sky/obj/contiki-main.o (node_id_init)
build/sky/contiki-ng-sky.a(process.o)
                              build/sky/contiki-ng-sky.a(ctimer.o) (process_current)
build/sky/contiki-ng-sky.a(rtimer.o)
                              build/sky/obj/contiki-main.o (rtimer_init)
build/sky/contiki-ng-sky.a(timer.o)
                              build/sky/contiki-ng-sky.a(platform.o) (timer_set)
build/sky/contiki-ng-sky.a(list.o)
                              build/sky/contiki-ng-sky.a(ctimer.o) (list_init)
build/sky/contiki-ng-sky.a(random.o)
                              build/sky/contiki-ng-sky.a(platform.o) (random_init)
build/sky/contiki-ng-sky.a(linkaddr.o)
                              build/sky/contiki-ng-sky.a(platform.o) (linkaddr_copy)
build/sky/contiki-ng-sky.a(netstack.o)
                              build/sky/obj/contiki-main.o (netstack_init)
build/sky/contiki-ng-sky.a(queuebuf.o)
                              build/sky/obj/contiki-main.o (queuebuf_init)
build/sky/contiki-ng-sky.a(csma.o)
                              build/sky/obj/contiki-main.o (csma_driver)
build/sky/contiki-ng-sky.a(csma-output.o)
                              build/sky/contiki-ng-sky.a(csma.o) (csma_output_packet)
build/sky/contiki-ng-sky.a(csma-security.o)
                              build/sky/contiki-ng-sky.a(csma-output.o) (csma_security_create_frame)
build/sky/contiki-ng-sky.a(sicslowpan.o)
                              build/sky/obj/contiki-main.o (sicslowpan_driver)
build/sky/contiki-ng-sky.a(simple-udp.o)
                              udp-client.o (simple_udp_sendto)
build/sky/contiki-ng-sky.a(tcpip.o)
                              build/sky/contiki-ng-sky.a(simple-udp.o) (udp_new)
build/sky/contiki-ng-sky.a(uip6.o)
                              build/sky/contiki-ng-sky.a(sicslowpan.o) (uip_aligned_buf)
build/sky/contiki-ng-sky.a(uipbuf.o)
                              build/sky/contiki-ng-sky.a(uip6.o) (uipbuf_add_ext_hdr)
build/sky/contiki-ng-sky.a(uip-ds6.o)
                              build/sky/contiki-ng-sky.a(tcpip.o) (uip_ds6_is_addr_onlink)
build/sky/contiki-ng-sky.a(uip-ds6-nbr.o)
                              build/sky/contiki-ng-sky.a(uip-ds6.o) (uip_ds6_neighbors_init)
build/sky/contiki-ng-sky.a(uip-ds6-route.o)
                              build/sky/contiki-ng-sky.a(uip-ds6.o) (uip_ds6_route_init)
build/sky/contiki-ng-sky.a(uip-icmp6.o)
                              build/sky/contiki-ng-sky.a(uip6.o) (uip_icmp6_input)
build/sky/contiki-ng-sky.a(uiplib.o)
                              build/sky/contiki-ng-sky.a(log.o) (uiplib_ipaddr_snprint)
build/sky/contiki-ng-sky.a(uip-nd6.o)
                              build/sky/contiki-ng-sky.a(uip6.o) (uip_nd6_init)
build/sky/contiki-ng-sky.a(uip-udp-packet.)
                              build/sky/contiki-ng-sky.a(simple-udp.o) (uip_udp_packet_sendto)
build/sky/contiki-ng-sky.a(rpl.o)
                              udp-client.o (rpl_lite_driver)
build/sky/contiki-ng-sky.a(rpl-dag.o)
                              build/sky/contiki-ng-sky.a(rpl.o) (curr_instance)
build/sky/contiki-ng-sky.a(rpl-dag-root.o)
                              build/sky/contiki-ng-sky.a(rpl.o) (rpl_dag_root_set_prefix)
build/sky/contiki-ng-sky.a(rpl-ext-header.)
                              build/sky/contiki-ng-sky.a(rpl.o) (rpl_ext_header_srh_get_next_hop)
build/sky/contiki-ng-sky.a(rpl-icmp6.o)
                              build/sky/contiki-ng-sky.a(rpl-dag.o) (rpl_icmp6_update_nbr_table)
build/sky/contiki-ng-sky.a(rpl-mrhof.o)
[...]
Memory Configuration

Name             Origin             Length             Attributes
sfr              0x00000000         0x00000010
peripheral_8bit  0x00000010         0x000000f0
peripheral_16bit 0x00000100         0x00000100
ram_mirror       0x00000200         0x00000800         xw
infomem          0x00001000         0x00000100
infob            0x00001000         0x00000080
infoa            0x00001080         0x00000080
ram              0x00001100         0x00002800         xw
rom              0x00004000         0x0000bfe0         xr
vectors          0x0000ffe0         0x00000020
bsl              0x00000000         0x00000000
infoc            0x00000000         0x00000000
infod            0x00000000         0x00000000
ram2             0x00000000         0x00000000         xw
usbram           0x00000000         0x00000000         xw
far_rom          0x00000000         0x00000000
*default*        0x00000000         0xffffffff

Linker script and memory map

LOAD /usr/local/msp430/bin/../lib/gcc/msp430/4.7.0/mmpy-16/crt0ivtbl16.o
                0x00002db2                _stack = _end
LOAD udp-client.o
LOAD build/sky/obj/contiki-main.o
LOAD build/sky/contiki-ng-sky.a
LOAD /usr/local/msp430/bin/../lib/gcc/msp430/4.7.0/mmpy-16/libgcc.a
LOAD /usr/local/msp430/bin/../lib/gcc/msp430/4.7.0/../../../../msp430/lib/mmpy-16/libc.a
LOAD /usr/local/msp430/bin/../lib/gcc/msp430/4.7.0/mmpy-16/libgcc.a
LOAD /usr/local/msp430/bin/../lib/gcc/msp430/4.7.0/mmpy-16/libcrt0.a
                0x00000080                PROVIDE (__info_segment_size, 0x80)
                0x00001000                PROVIDE (__infob, 0x1000)
                0x00001080                PROVIDE (__infoa, 0x1080)
                0x00000000                __IE1 = 0x0
                0x00000002                __IFG1 = 0x2
                0x00000004                __ME1 = 0x4
                0x00000001                __IE2 = 0x1
                0x00000003                __IFG2 = 0x3
                0x00000005                __ME2 = 0x5
                0x00000120                __WDTCTL = 0x120
                0x00000130                __MPY = 0x130
                0x00000132                __MPYS = 0x132
                0x00000134                __MAC = 0x134
                0x00000136                __MACS = 0x136
                0x00000138                __OP2 = 0x138
                0x0000013a                __RESLO = 0x13a
                0x0000013c                __RESHI = 0x13c
                0x0000013e                __SUMEXT = 0x13e
                0x00000020                __P1IN = 0x20
                0x00000021                __P1OUT = 0x21
                0x00000022                __P1DIR = 0x22
                0x00000023                __P1IFG = 0x23
                0x00000024                __P1IES = 0x24
                0x00000025                __P1IE = 0x25
                0x00000026                __P1SEL = 0x26
                0x00000028                __P2IN = 0x28
                0x00000029                __P2OUT = 0x29
                0x0000002a                __P2DIR = 0x2a
                0x0000002b                __P2IFG = 0x2b
                0x0000002c                __P2IES = 0x2c
                0x0000002d                __P2IE = 0x2d
                0x0000002e                __P2SEL = 0x2e
                0x00000018                __P3IN = 0x18
                0x00000019                __P3OUT = 0x19
                0x0000001a                __P3DIR = 0x1a
                0x0000001b                __P3SEL = 0x1b
                0x0000001c                __P4IN = 0x1c
                0x0000001d                __P4OUT = 0x1d
                0x0000001e                __P4DIR = 0x1e
                0x0000001f                __P4SEL = 0x1f
                0x00000030                __P5IN = 0x30
                0x00000031                __P5OUT = 0x31
                0x00000032                __P5DIR = 0x32
                0x00000033                __P5SEL = 0x33
                0x00000034                __P6IN = 0x34
                0x00000035                __P6OUT = 0x35
                0x00000036                __P6DIR = 0x36
                0x00000037                __P6SEL = 0x37
                0x00000070                __U0CTL = 0x70
                0x00000071                __U0TCTL = 0x71
                0x00000072                __U0RCTL = 0x72
                0x00000073                __U0MCTL = 0x73
                0x00000074                __U0BR0 = 0x74
                0x00000075                __U0BR1 = 0x75
                0x00000076                __U0RXBUF = 0x76
                0x00000077                __U0TXBUF = 0x77
                0x00000078                __U1CTL = 0x78
                0x00000079                __U1TCTL = 0x79
                0x0000007a                __U1RCTL = 0x7a
                0x0000007b                __U1MCTL = 0x7b
                0x0000007c                __U1BR0 = 0x7c
                0x0000007d                __U1BR1 = 0x7d
                0x0000007e                __U1RXBUF = 0x7e
                0x0000007f                __U1TXBUF = 0x7f
                0x00000050                __I2CIE = 0x50
                0x00000051                __I2CIFG = 0x51
                0x00000052                __I2CNDAT = 0x52
                0x00000071                __I2CTCTL = 0x71
                0x00000072                __I2CDCTL = 0x72
                0x00000073                __I2CPSC = 0x73
                0x00000074                __I2CSCLH = 0x74
                0x00000075                __I2CSCLL = 0x75
                0x00000076                __I2CDRB = 0x76
                0x00000076                __I2CDRW = 0x76
                0x00000118                __I2COA = 0x118
                0x0000011a                __I2CSA = 0x11a
                0x0000011c                __I2CIV = 0x11c
                0x0000012e                __TAIV = 0x12e
                0x00000160                __TACTL = 0x160
                0x00000162                __TACCTL0 = 0x162
                0x00000164                __TACCTL1 = 0x164
                0x00000166                __TACCTL2 = 0x166
                0x00000170                __TAR = 0x170
                0x00000172                __TACCR0 = 0x172
                0x00000174                __TACCR1 = 0x174
                0x00000176                __TACCR2 = 0x176
                0x0000011e                __TBIV = 0x11e
                0x00000180                __TBCTL = 0x180
                0x00000182                __TBCCTL0 = 0x182
                0x00000184                __TBCCTL1 = 0x184
                0x00000186                __TBCCTL2 = 0x186
                0x00000188                __TBCCTL3 = 0x188
                0x0000018a                __TBCCTL4 = 0x18a
                0x0000018c                __TBCCTL5 = 0x18c
                0x0000018e                __TBCCTL6 = 0x18e
                0x00000190                __TBR = 0x190
                0x00000192                __TBCCR0 = 0x192
                0x00000194                __TBCCR1 = 0x194
                0x00000196                __TBCCR2 = 0x196
                0x00000198                __TBCCR3 = 0x198
                0x0000019a                __TBCCR4 = 0x19a
                0x0000019c                __TBCCR5 = 0x19c
                0x0000019e                __TBCCR6 = 0x19e
                0x00000056                __DCOCTL = 0x56
                0x00000057                __BCSCTL1 = 0x57
                0x00000058                __BCSCTL2 = 0x58
                0x00000055                __SVSCTL = 0x55
                0x00000128                __FCTL1 = 0x128
                0x0000012a                __FCTL2 = 0x12a
                0x0000012c                __FCTL3 = 0x12c
                0x00000059                __CACTL1 = 0x59
                0x0000005a                __CACTL2 = 0x5a
                0x0000005b                __CAPD = 0x5b
                0x000001a0                __ADC12CTL0 = 0x1a0
                0x000001a2                __ADC12CTL1 = 0x1a2
                0x000001a4                __ADC12IFG = 0x1a4
                0x000001a6                __ADC12IE = 0x1a6
                0x000001a8                __ADC12IV = 0x1a8
                0x00000140                __ADC12MEM0 = 0x140
                0x00000142                __ADC12MEM1 = 0x142
                0x00000144                __ADC12MEM2 = 0x144
                0x00000146                __ADC12MEM3 = 0x146
                0x00000148                __ADC12MEM4 = 0x148
                0x0000014a                __ADC12MEM5 = 0x14a
                0x0000014c                __ADC12MEM6 = 0x14c
                0x0000014e                __ADC12MEM7 = 0x14e
                0x00000150                __ADC12MEM8 = 0x150
                0x00000152                __ADC12MEM9 = 0x152
                0x00000154                __ADC12MEM10 = 0x154
                0x00000156                __ADC12MEM11 = 0x156
                0x00000158                __ADC12MEM12 = 0x158
                0x0000015a                __ADC12MEM13 = 0x15a
                0x0000015c                __ADC12MEM14 = 0x15c
                0x0000015e                __ADC12MEM15 = 0x15e
                0x00000080                __ADC12MCTL0 = 0x80
                0x00000081                __ADC12MCTL1 = 0x81
                0x00000082                __ADC12MCTL2 = 0x82
                0x00000083                __ADC12MCTL3 = 0x83
                0x00000084                __ADC12MCTL4 = 0x84
                0x00000085                __ADC12MCTL5 = 0x85
                0x00000086                __ADC12MCTL6 = 0x86
                0x00000087                __ADC12MCTL7 = 0x87
                0x00000088                __ADC12MCTL8 = 0x88
                0x00000089                __ADC12MCTL9 = 0x89
                0x0000008a                __ADC12MCTL10 = 0x8a
                0x0000008b                __ADC12MCTL11 = 0x8b
                0x0000008c                __ADC12MCTL12 = 0x8c
                0x0000008d                __ADC12MCTL13 = 0x8d
                0x0000008e                __ADC12MCTL14 = 0x8e
                0x0000008f                __ADC12MCTL15 = 0x8f
                0x000001c0                __DAC12_0CTL = 0x1c0
                0x000001c2                __DAC12_1CTL = 0x1c2
                0x000001c8                __DAC12_0DAT = 0x1c8
                0x000001ca                __DAC12_1DAT = 0x1ca
                0x00000122                __DMACTL0 = 0x122
                0x00000124                __DMACTL1 = 0x124
                0x000001e0                __DMA0CTL = 0x1e0
                0x000001e8                __DMA1CTL = 0x1e8
                0x000001f0                __DMA2CTL = 0x1f0
                0x000001e2                __DMA0SA = 0x1e2
                0x000001e4                __DMA0DA = 0x1e4
                0x000001e6                __DMA0SZ = 0x1e6
                0x000001ea                __DMA1SA = 0x1ea
                0x000001ec                __DMA1DA = 0x1ec
                0x000001ee                __DMA1SZ = 0x1ee
                0x000001f2                __DMA2SA = 0x1f2
                0x000001f4                __DMA2DA = 0x1f4
                0x000001f6                __DMA2SZ = 0x1f6

.hash
 *(.hash)

.dynsym
 *(.dynsym)

.dynstr
 *(.dynstr)

.gnu.version
 *(.gnu.version)

.gnu.version_d
 *(.gnu.version_d)

.gnu.version_r
 *(.gnu.version_r)

.rel.init
 *(.rel.init)

.rela.init
 *(.rela.init)

.rel.fini
 *(.rel.fini)

.rela.fini
 *(.rela.fini)

.rel.text
 *(.rel.text .rel.text.* .rel.gnu.linkonce.t.*)

.rela.text
 *(.rela.text .rela.text.* .rela.gnu.linkonce.t.*)

.rel.rodata
 *(.rel.rodata .rel.rodata.* .rel.gnu.linkonce.r.*)

.rela.rodata
 *(.rela.rodata .rela.rodata.* .rela.gnu.linkonce.r.*)

.rel.data
 *(.rel.data .rel.data.* .rel.gnu.linkonce.d.*)

.rela.data
 *(.rela.data .rela.data.* .rela.gnu.linkonce.d.*)

.rel.bss
 *(.rel.bss .rel.bss.* .rel.gnu.linkonce.b.*)

.rela.bss
 *(.rela.bss .rela.bss.* .rela.gnu.linkonce.b.*)

.rel.ctors
 *(.rel.ctors)

.rela.ctors
 *(.rela.ctors)

.rel.dtors
 *(.rel.dtors)

.rela.dtors
 *(.rela.dtors)

.rel.got
 *(.rel.got)

.rela.got
 *(.rela.got)

.rel.plt
 *(.rel.plt)

.rela.plt
 *(.rela.plt)

.text           0x00004000     0xa328
                0x00004000                . = ALIGN (0x2)
 *(.init .init.*)
 *(.init0)
 .init0         0x00004000        0x0 /usr/local/msp430/bin/../lib/gcc/msp430/4.7.0/mmpy-16/libcrt0.a(_reset_vector__.o)
                0x00004000                _reset_vector__
 *(.init1)
 .init1         0x00004000        0xc /usr/local/msp430/bin/../lib/gcc/msp430/4.7.0/mmpy-16/libcrt0.a(__watchdog_support.o)
                0x00004000                __watchdog_support
 *(.init2)
 .init2         0x0000400c        0x4 /usr/local/msp430/bin/../lib/gcc/msp430/4.7.0/mmpy-16/libcrt0.a(__init_stack.o)
                0x0000400c                __init_stack
 *(.init3)
 .init3         0x00004010        0x0 /usr/local/msp430/bin/../lib/gcc/msp430/4.7.0/mmpy-16/libcrt0.a(__low_level_init.o)
                0x00004010                __low_level_init
 *(.init4)
 .init4         0x00004010       0x18 /usr/local/msp430/bin/../lib/gcc/msp430/4.7.0/mmpy-16/libcrt0.a(_copy_data.o)
                0x00004010                __do_copy_data
 .init4         0x00004028       0x16 /usr/local/msp430/bin/../lib/gcc/msp430/4.7.0/mmpy-16/libcrt0.a(_clear_bss.o)
                0x00004028                __do_clear_bss
 *(.init5)
 *(.init6)
 *(.init7)
 *(.init8)
 *(.init9)
 .init9         0x0000403e      0x22e build/sky/obj/contiki-main.o
                0x0000403e                main
 *(.fini9)
 .fini9         0x0000426c        0x0 /usr/local/msp430/bin/../lib/gcc/msp430/4.7.0/mmpy-16/libcrt0.a(__stop_progExec__.o)
                0x0000426c                __stop_progExec__
 *(.fini8)
 *(.fini7)
 *(.fini6)
 *(.fini5)
 *(.fini4)
 *(.fini3)
 *(.fini2)
 *(.fini1)
 *(.fini0)
 .fini0         0x0000426c        0x6 /usr/local/msp430/bin/../lib/gcc/msp430/4.7.0/mmpy-16/libcrt0.a(_endless_loop__.o)
                0x0000426c                _endless_loop__
 *(.fini .fini.*)
                0x00004272                . = ALIGN (0x2)
                0x00004272                __ctors_start = .
 *(.ctors)
                0x00004272                __ctors_end = .
                0x00004272                __dtors_start = .
 *(.dtors)
                0x00004272                __dtors_end = .
                0x00004272                . = ALIGN (0x2)
 *(.text .text.* .gnu.linkonce.t.*)
 .text          0x00004272        0x4 /usr/local/msp430/bin/../lib/gcc/msp430/4.7.0/mmpy-16/crt0ivtbl16.o
                0x00004272                __isr_14
                0x00004272                __isr_11
                0x00004272                __isr_2
                0x00004272                __isr_7
                0x00004272                __isr_0
                0x00004272                __isr_8
                0x00004272                __isr_3
                0x00004272                __isr_12
                0x00004272                __isr_13
                0x00004272                __isr_9
 .text.udp_rx_callback
                0x00004276       0x3e udp-client.o
 .text.process_thread_udp_client_process
                0x000042b4      0x124 udp-client.o
 .text.putchar  0x000043d8       0x10 build/sky/contiki-ng-sky.a(uart1-putchar.o)
                0x000043d8                putchar
 .text.platform_init_stage_one
                0x000043e8       0x12 build/sky/contiki-ng-sky.a(platform.o)
                0x000043e8                platform_init_stage_one
 .text.platform_init_stage_two
                0x000043fa       0x64 build/sky/contiki-ng-sky.a(platform.o)
                0x000043fa                platform_init_stage_two
 .text.platform_init_stage_three
                0x0000445e       0x7a build/sky/contiki-ng-sky.a(platform.o)
                0x0000445e                platform_init_stage_three
 .text.platform_idle
                0x000044d8       0x54 build/sky/contiki-ng-sky.a(platform.o)
                0x000044d8                platform_idle
 .text.msp430_init_dco
                0x0000452c       0x82 build/sky/contiki-ng-sky.a(msp430.o)
                0x0000452c                msp430_init_dco
 .text.msp430_add_lpm_req
                0x000045ae        0xc build/sky/contiki-ng-sky.a(msp430.o)
                0x000045ae                msp430_add_lpm_req
 .text.msp430_cpu_init
                0x000045ba       0x2a build/sky/contiki-ng-sky.a(msp430.o)
                0x000045ba                msp430_cpu_init
 .text.splhigh_
                0x000045e4        0x8 build/sky/contiki-ng-sky.a(msp430.o)
                0x000045e4                splhigh_
 .text.msp430_sync_dco
                0x000045ec       0x6c build/sky/contiki-ng-sky.a(msp430.o)
                0x000045ec                msp430_sync_dco
 .text.timera1  0x00004658       0xdc build/sky/contiki-ng-sky.a(clock.o)
                0x00004658                __isr_5
                0x00004658                timera1
 .text.clock_time
                0x00004734       0x1a build/sky/contiki-ng-sky.a(clock.o)
                0x00004734                clock_time
 .text.clock_init
                0x0000474e       0x28 build/sky/contiki-ng-sky.a(clock.o)
                0x0000474e                clock_init
 .text.clock_delay
                0x00004776        0xc build/sky/contiki-ng-sky.a(clock.o)
                0x00004776                clock_delay
 .text.clock_seconds
                0x00004782       0x1a build/sky/contiki-ng-sky.a(clock.o)
                0x00004782                clock_seconds
 .text.leds_init
                0x0000479c        0x6 build/sky/contiki-ng-sky.a(leds.o)
                0x0000479c                leds_init
 .text.leds_on  0x000047a2       0x12 build/sky/contiki-ng-sky.a(leds.o)
                0x000047a2                leds_on
 .text.leds_off
                0x000047b4       0x12 build/sky/contiki-ng-sky.a(leds.o)
                0x000047b4                leds_off
 .text.leds_arch_init
                0x000047c6        0xe build/sky/contiki-ng-sky.a(leds-arch.o)
                0x000047c6                leds_arch_init
 .text.leds_arch_get
                0x000047d4       0x34 build/sky/contiki-ng-sky.a(leds-arch.o)
                0x000047d4                leds_arch_get
 .text.leds_arch_set
                0x00004808       0x3e build/sky/contiki-ng-sky.a(leds-arch.o)
                0x00004808                leds_arch_set
 .text.watchdog_interrupt
                0x00004846        0x6 build/sky/contiki-ng-sky.a(watchdog.o)
                0x00004846                __isr_10
                0x00004846                watchdog_interrupt
 .text.watchdog_start
                0x0000484c       0x14 build/sky/contiki-ng-sky.a(watchdog.o)
                0x0000484c                watchdog_start
 .text.watchdog_periodic
                0x00004860       0x12 build/sky/contiki-ng-sky.a(watchdog.o)
                0x00004860                watchdog_periodic
 .text.watchdog_stop
                0x00004872       0x16 build/sky/contiki-ng-sky.a(watchdog.o)
                0x00004872                watchdog_stop
 .text.watchdog_init
                0x00004888       0x12 build/sky/contiki-ng-sky.a(watchdog.o)
                0x00004888                watchdog_init
 .text.autostart_start
                0x0000489a       0x16 build/sky/contiki-ng-sky.a(autostart.o)
                0x0000489a                autostart_start
 .text.process_thread_ctimer_process
                0x000048b0       0xa8 build/sky/contiki-ng-sky.a(ctimer.o)
 .text.ctimer_init
                0x00004958       0x18 build/sky/contiki-ng-sky.a(ctimer.o)
                0x00004958                ctimer_init
 .text.ctimer_set_with_process
                0x00004970       0x4e build/sky/contiki-ng-sky.a(ctimer.o)
                0x00004970                ctimer_set_with_process
 .text.ctimer_set
                0x000049be       0x10 build/sky/contiki-ng-sky.a(ctimer.o)
                0x000049be                ctimer_set
 .text.ctimer_reset
                0x000049ce       0x30 build/sky/contiki-ng-sky.a(ctimer.o)
                0x000049ce                ctimer_reset
 .text.ctimer_stop
                0x000049fe       0x28 build/sky/contiki-ng-sky.a(ctimer.o)
                0x000049fe                ctimer_stop
 .text.ctimer_expired
                0x00004a26       0x30 build/sky/contiki-ng-sky.a(ctimer.o)
                0x00004a26                ctimer_expired
 .text.energest_init
                0x00004a56        0x2 build/sky/contiki-ng-sky.a(energest.o)
                0x00004a56                energest_init
 .text.energest_flush
                0x00004a58        0x2 build/sky/contiki-ng-sky.a(energest.o)
                0x00004a58                energest_flush
 .text.update_time
                0x00004a5a       0x78 build/sky/contiki-ng-sky.a(etimer.o)
 .text.etimer_request_poll
                0x00004ad2        0xa build/sky/contiki-ng-sky.a(etimer.o)
                0x00004ad2                etimer_request_poll
 .text.process_thread_etimer_process
                0x00004adc       0xcc build/sky/contiki-ng-sky.a(etimer.o)
 .text.add_timer
                0x00004ba8       0x40 build/sky/contiki-ng-sky.a(etimer.o)
 .text.etimer_set
                0x00004be8       0x12 build/sky/contiki-ng-sky.a(etimer.o)
                0x00004be8                etimer_set
 .text.etimer_reset
                0x00004bfa       0x12 build/sky/contiki-ng-sky.a(etimer.o)
                0x00004bfa                etimer_reset
 .text.etimer_expired
                0x00004c0c        0xe build/sky/contiki-ng-sky.a(etimer.o)
                0x00004c0c                etimer_expired
 .text.etimer_pending
                0x00004c1a        0xc build/sky/contiki-ng-sky.a(etimer.o)
                0x00004c1a                etimer_pending
 .text.etimer_next_expiration_time
                0x00004c26       0x16 build/sky/contiki-ng-sky.a(etimer.o)
                0x00004c26                etimer_next_expiration_time
 .text.etimer_stop
                0x00004c3c       0x3e build/sky/contiki-ng-sky.a(etimer.o)
                0x00004c3c                etimer_stop
 .text.log_6addr
                0x00004c7a       0x32 build/sky/contiki-ng-sky.a(log.o)
                0x00004c7a                log_6addr
 .text.log_lladdr
                0x00004cac       0x44 build/sky/contiki-ng-sky.a(log.o)
                0x00004cac                log_lladdr
 .text.node_id_init
                0x00004cf0       0x14 build/sky/contiki-ng-sky.a(node-id.o)
                0x00004cf0                node_id_init
 .text.call_process
                0x00004d04       0x46 build/sky/contiki-ng-sky.a(process.o)
 .text.exit_process
                0x00004d4a       0x96 build/sky/contiki-ng-sky.a(process.o)
 .text.do_poll  0x00004de0       0x30 build/sky/contiki-ng-sky.a(process.o)
 .text.process_alloc_event
                0x00004e10        0xe build/sky/contiki-ng-sky.a(process.o)
                0x00004e10                process_alloc_event
 .text.process_init
                0x00004e1e       0x18 build/sky/contiki-ng-sky.a(process.o)
                0x00004e1e                process_init
 .text.process_run
                0x00004e36       0x92 build/sky/contiki-ng-sky.a(process.o)
                0x00004e36                process_run
 .text.process_nevents
                0x00004ec8        0xe build/sky/contiki-ng-sky.a(process.o)
                0x00004ec8                process_nevents
 .text.process_post
                0x00004ed6       0x42 build/sky/contiki-ng-sky.a(process.o)
                0x00004ed6                process_post
 .text.process_post_synch
                0x00004f18       0x12 build/sky/contiki-ng-sky.a(process.o)
                0x00004f18                process_post_synch
 .text.process_start
                0x00004f2a       0x36 build/sky/contiki-ng-sky.a(process.o)
                0x00004f2a                process_start
 .text.process_poll
                0x00004f60       0x18 build/sky/contiki-ng-sky.a(process.o)
                0x00004f60                process_poll
 .text.rtimer_init
                0x00004f78        0x6 build/sky/contiki-ng-sky.a(rtimer.o)
                0x00004f78                rtimer_init
 .text.rtimer_run_next
                0x00004f7e       0x26 build/sky/contiki-ng-sky.a(rtimer.o)
                0x00004f7e                rtimer_run_next
 .text.timer_set
                0x00004fa4       0x1c build/sky/contiki-ng-sky.a(timer.o)
                0x00004fa4                timer_set
 .text.timer_expired
                0x00004fc0       0x2a build/sky/contiki-ng-sky.a(timer.o)
                0x00004fc0                timer_expired
 .text.timer_reset
                0x00004fea       0x1c build/sky/contiki-ng-sky.a(timer.o)
                0x00004fea                timer_reset
 .text.list_init
                0x00005006        0x6 build/sky/contiki-ng-sky.a(list.o)
                0x00005006                list_init
 .text.list_head
                0x0000500c        0x4 build/sky/contiki-ng-sky.a(list.o)
                0x0000500c                list_head
 .text.list_tail
                0x00005010       0x12 build/sky/contiki-ng-sky.a(list.o)
                0x00005010                list_tail
 .text.list_remove
                0x00005022       0x34 build/sky/contiki-ng-sky.a(list.o)
                0x00005022                list_remove
 .text.list_push
                0x00005056       0x1a build/sky/contiki-ng-sky.a(list.o)
                0x00005056                list_push
 .text.list_add
                0x00005070       0x2a build/sky/contiki-ng-sky.a(list.o)
                0x00005070                list_add
 .text.list_length
                0x0000509a       0x10 build/sky/contiki-ng-sky.a(list.o)
                0x0000509a                list_length
 .text.list_item_next
                0x000050aa        0xc build/sky/contiki-ng-sky.a(list.o)
                0x000050aa                list_item_next
 .text.random_init
                0x000050b6        0x6 build/sky/contiki-ng-sky.a(random.o)
                0x000050b6                random_init
 .text.random_rand
                0x000050bc        0x6 build/sky/contiki-ng-sky.a(random.o)
                0x000050bc                random_rand
 .text.linkaddr_copy
                0x000050c2        0x8 build/sky/contiki-ng-sky.a(linkaddr.o)
                0x000050c2                linkaddr_copy
 .text.linkaddr_cmp
                0x000050ca       0x12 build/sky/contiki-ng-sky.a(linkaddr.o)
                0x000050ca                linkaddr_cmp
 .text.linkaddr_set_node_addr
                0x000050dc        0xc build/sky/contiki-ng-sky.a(linkaddr.o)
                0x000050dc                linkaddr_set_node_addr
 .text.netstack_process_ip_callback
                0x000050e8       0x4e build/sky/contiki-ng-sky.a(netstack.o)
                0x000050e8                netstack_process_ip_callback
 .text.netstack_init
                0x00005136        0xe build/sky/contiki-ng-sky.a(netstack.o)
                0x00005136                netstack_init
 .text.queuebuf_init
                0x00005144       0x12 build/sky/contiki-ng-sky.a(queuebuf.o)
                0x00005144                queuebuf_init
 .text.queuebuf_numfree
                0x00005156        0xa build/sky/contiki-ng-sky.a(queuebuf.o)
                0x00005156                queuebuf_numfree
 .text.queuebuf_new_from_packetbuf
                0x00005160       0x52 build/sky/contiki-ng-sky.a(queuebuf.o)
                0x00005160                queuebuf_new_from_packetbuf
 .text.queuebuf_update_attr_from_packetbuf
                0x000051b2       0x12 build/sky/contiki-ng-sky.a(queuebuf.o)
                0x000051b2                queuebuf_update_attr_from_packetbuf
 .text.queuebuf_free
                0x000051c4       0x2a build/sky/contiki-ng-sky.a(queuebuf.o)
                0x000051c4                queuebuf_free
 .text.queuebuf_to_packetbuf
                0x000051ee       0x32 build/sky/contiki-ng-sky.a(queuebuf.o)
                0x000051ee                queuebuf_to_packetbuf
 .text.on       0x00005220        0x6 build/sky/contiki-ng-sky.a(csma.o)
 .text.off      0x00005226        0x6 build/sky/contiki-ng-sky.a(csma.o)
 .text.max_payload
                0x0000522c       0x16 build/sky/contiki-ng-sky.a(csma.o)
 .text.send_packet
                0x00005242        0x6 build/sky/contiki-ng-sky.a(csma.o)
 .text.init     0x00005248        0xa build/sky/contiki-ng-sky.a(csma.o)
 .text.input_packet
                0x00005252       0x58 build/sky/contiki-ng-sky.a(csma.o)
 .text.schedule_transmission
                0x000052aa       0x70 build/sky/contiki-ng-sky.a(csma-output.o)
 .text.tx_done  0x0000531a       0x9a build/sky/contiki-ng-sky.a(csma-output.o)
 .text.transmit_from_queue
                0x000053b4      0x1bc build/sky/contiki-ng-sky.a(csma-output.o)
 .text.csma_output_packet
                0x00005570      0x184 build/sky/contiki-ng-sky.a(csma-output.o)
                0x00005570                csma_output_packet
 .text.csma_output_init
                0x000056f4       0x1a build/sky/contiki-ng-sky.a(csma-output.o)
                0x000056f4                csma_output_init
 .text.csma_security_create_frame
                0x0000570e       0x10 build/sky/contiki-ng-sky.a(csma-security.o)
                0x0000570e                csma_security_create_frame
 .text.csma_security_parse_frame
                0x0000571e        0x6 build/sky/contiki-ng-sky.a(csma-security.o)
                0x0000571e                csma_security_parse_frame
 .text.clear_fragments
                0x00005724       0x40 build/sky/contiki-ng-sky.a(sicslowpan.o)
 .text.addr_context_lookup_by_number
                0x00005764       0x16 build/sky/contiki-ng-sky.a(sicslowpan.o)
 .text.sicslowpan_init
                0x0000577a       0x18 build/sky/contiki-ng-sky.a(sicslowpan.o)
                0x0000577a                sicslowpan_init
 .text.set_packet_attrs
                0x00005792       0x66 build/sky/contiki-ng-sky.a(sicslowpan.o)
 .text.compress_addr_64
                0x000057f8       0xae build/sky/contiki-ng-sky.a(sicslowpan.o)
 .text.addr_context_lookup_by_prefix
                0x000058a6       0x20 build/sky/contiki-ng-sky.a(sicslowpan.o)
 .text.send_packet
                0x000058c6       0x1a build/sky/contiki-ng-sky.a(sicslowpan.o)
 .text.fragment_copy_payload_and_send
                0x000058e0       0x66 build/sky/contiki-ng-sky.a(sicslowpan.o)
 .text.output   0x00005946      0x7c2 build/sky/contiki-ng-sky.a(sicslowpan.o)
 .text.packet_sent
                0x00006108       0x56 build/sky/contiki-ng-sky.a(sicslowpan.o)
 .text.store_fragment
                0x0000615e       0xc8 build/sky/contiki-ng-sky.a(sicslowpan.o)
 .text.add_fragment
                0x00006226      0x1fc build/sky/contiki-ng-sky.a(sicslowpan.o)
 .text.uncompress_addr
                0x00006422       0xb4 build/sky/contiki-ng-sky.a(sicslowpan.o)
 .text.input    0x000064d6      0x832 build/sky/contiki-ng-sky.a(sicslowpan.o)
 .text.process_thread_simple_udp_process
                0x00006d08       0xb8 build/sky/contiki-ng-sky.a(simple-udp.o)
 .text.simple_udp_sendto
                0x00006dc0       0x2c build/sky/contiki-ng-sky.a(simple-udp.o)
                0x00006dc0                simple_udp_sendto
 .text.simple_udp_register
                0x00006dec       0x96 build/sky/contiki-ng-sky.a(simple-udp.o)
                0x00006dec                simple_udp_register
 .text.tcpip_output
                0x00006e82       0x22 build/sky/contiki-ng-sky.a(tcpip.o)
                0x00006e82                tcpip_output
 .text.udp_new  0x00006ea4       0x1a build/sky/contiki-ng-sky.a(tcpip.o)
                0x00006ea4                udp_new
 .text.tcpip_input
                0x00006ebe       0x1e build/sky/contiki-ng-sky.a(tcpip.o)
                0x00006ebe                tcpip_input
 .text.tcpip_ipv6_output
                0x00006edc      0x114 build/sky/contiki-ng-sky.a(tcpip.o)
                0x00006edc                tcpip_ipv6_output
 .text.packet_input.part.3
                0x00006ff0       0x12 build/sky/contiki-ng-sky.a(tcpip.o)
 .text.process_thread_tcpip_process
                0x00007002       0xcc build/sky/contiki-ng-sky.a(tcpip.o)
 .text.tcpip_uipcall
                0x000070ce       0x2a build/sky/contiki-ng-sky.a(tcpip.o)
                0x000070ce                tcpip_uipcall
 .text.chksum   0x000070f8       0x32 build/sky/contiki-ng-sky.a(uip6.o)
 .text.upper_layer_chksum
                0x0000712a       0x58 build/sky/contiki-ng-sky.a(uip6.o)
 .text.ext_hdr_options_process
                0x00007182       0xa4 build/sky/contiki-ng-sky.a(uip6.o)
 .text.uip_check_mtu
                0x00007226       0x1e build/sky/contiki-ng-sky.a(uip6.o)
 .text.uip_update_ttl
                0x00007244       0x24 build/sky/contiki-ng-sky.a(uip6.o)
 .text.uip_icmp6chksum
                0x00007268        0xa build/sky/contiki-ng-sky.a(uip6.o)
                0x00007268                uip_icmp6chksum
 .text.uip_udpchksum
                0x00007272        0xa build/sky/contiki-ng-sky.a(uip6.o)
                0x00007272                uip_udpchksum
 .text.uip_init
                0x0000727c       0x3c build/sky/contiki-ng-sky.a(uip6.o)
                0x0000727c                uip_init
 .text.uip_remove_ext_hdr
                0x000072b8       0x5e build/sky/contiki-ng-sky.a(uip6.o)
                0x000072b8                uip_remove_ext_hdr
 .text.uip_udp_new
                0x00007316       0xac build/sky/contiki-ng-sky.a(uip6.o)
                0x00007316                uip_udp_new
 .text.uip_process
                0x000073c2      0x4e0 build/sky/contiki-ng-sky.a(uip6.o)
                0x000073c2                uip_process
 .text.uip_htonl
                0x000078a2       0x2e build/sky/contiki-ng-sky.a(uip6.o)
                0x000078a2                uip_htonl
 .text.uipbuf_add_ext_hdr
                0x000078d0       0x1c build/sky/contiki-ng-sky.a(uipbuf.o)
                0x000078d0                uipbuf_add_ext_hdr
 .text.uipbuf_set_len
                0x000078ec       0x12 build/sky/contiki-ng-sky.a(uipbuf.o)
                0x000078ec                uipbuf_set_len
 .text.uipbuf_set_len_field
                0x000078fe        0xe build/sky/contiki-ng-sky.a(uipbuf.o)
                0x000078fe                uipbuf_set_len_field
 .text.uipbuf_get_len_field
                0x0000790c        0xe build/sky/contiki-ng-sky.a(uipbuf.o)
                0x0000790c                uipbuf_get_len_field
 .text.uipbuf_get_next_header
                0x0000791a       0x62 build/sky/contiki-ng-sky.a(uipbuf.o)
                0x0000791a                uipbuf_get_next_header
 .text.uipbuf_get_last_header
                0x0000797c       0x3e build/sky/contiki-ng-sky.a(uipbuf.o)
                0x0000797c                uipbuf_get_last_header
 .text.uipbuf_search_header
                0x000079ba       0x4e build/sky/contiki-ng-sky.a(uipbuf.o)
                0x000079ba                uipbuf_search_header
 .text.uipbuf_get_attr
                0x00007a08       0x14 build/sky/contiki-ng-sky.a(uipbuf.o)
                0x00007a08                uipbuf_get_attr
 .text.uipbuf_clear_attr
                0x00007a1c       0x12 build/sky/contiki-ng-sky.a(uipbuf.o)
                0x00007a1c                uipbuf_clear_attr
 .text.uipbuf_clear
                0x00007a2e       0x12 build/sky/contiki-ng-sky.a(uipbuf.o)
                0x00007a2e                uipbuf_clear
 .text.uipbuf_init
                0x00007a40       0x1a build/sky/contiki-ng-sky.a(uipbuf.o)
                0x00007a40                uipbuf_init
 .text.uip_ds6_default_prefix
                0x00007a5a        0x6 build/sky/contiki-ng-sky.a(uip-ds6.o)
                0x00007a5a                uip_ds6_default_prefix
 .text.uip_ds6_list_loop
                0x00007a60       0x92 build/sky/contiki-ng-sky.a(uip-ds6.o)
                0x00007a60                uip_ds6_list_loop
 .text.uip_ds6_prefix_add
                0x00007af2       0x80 build/sky/contiki-ng-sky.a(uip-ds6.o)
                0x00007af2                uip_ds6_prefix_add
 .text.uip_ds6_is_addr_onlink
                0x00007b72       0x54 build/sky/contiki-ng-sky.a(uip-ds6.o)
                0x00007b72                uip_ds6_is_addr_onlink
 .text.uip_ds6_addr_lookup
                0x00007bc6       0x2a build/sky/contiki-ng-sky.a(uip-ds6.o)
                0x00007bc6                uip_ds6_addr_lookup
 .text.uip_ds6_get_link_local
                0x00007bf0       0x3e build/sky/contiki-ng-sky.a(uip-ds6.o)
                0x00007bf0                uip_ds6_get_link_local
 .text.uip_ds6_maddr_add
                0x00007c2e       0x4c build/sky/contiki-ng-sky.a(uip-ds6.o)
                0x00007c2e                uip_ds6_maddr_add
 .text.uip_ds6_addr_add
                0x00007c7a       0xc4 build/sky/contiki-ng-sky.a(uip-ds6.o)
                0x00007c7a                uip_ds6_addr_add
 .text.uip_ds6_maddr_rm
                0x00007d3e        0xa build/sky/contiki-ng-sky.a(uip-ds6.o)
                0x00007d3e                uip_ds6_maddr_rm
 .text.uip_ds6_maddr_lookup
                0x00007d48       0x2a build/sky/contiki-ng-sky.a(uip-ds6.o)
                0x00007d48                uip_ds6_maddr_lookup
 .text.uip_ds6_addr_rm
                0x00007d72       0x54 build/sky/contiki-ng-sky.a(uip-ds6.o)
                0x00007d72                uip_ds6_addr_rm
 .text.uip_ds6_periodic
                0x00007dc6       0x46 build/sky/contiki-ng-sky.a(uip-ds6.o)
                0x00007dc6                uip_ds6_periodic
 .text.uip_ds6_set_addr_iid
                0x00007e0c       0x14 build/sky/contiki-ng-sky.a(uip-ds6.o)
                0x00007e0c                uip_ds6_set_addr_iid
 .text.uip_ds6_set_lladdr_from_iid
                0x00007e20       0x14 build/sky/contiki-ng-sky.a(uip-ds6.o)
                0x00007e20                uip_ds6_set_lladdr_from_iid
 .text.get_match_length
                0x00007e34       0x44 build/sky/contiki-ng-sky.a(uip-ds6.o)
                0x00007e34                get_match_length
 .text.uip_ds6_select_src
                0x00007e78       0xaa build/sky/contiki-ng-sky.a(uip-ds6.o)
                0x00007e78                uip_ds6_select_src
 .text.uip_ds6_compute_reachable_time
                0x00007f22       0x3e build/sky/contiki-ng-sky.a(uip-ds6.o)
                0x00007f22                uip_ds6_compute_reachable_time
 .text.uip_ds6_init
                0x00007f60      0x164 build/sky/contiki-ng-sky.a(uip-ds6.o)
                0x00007f60                uip_ds6_init
 .text.uip_ds6_nbr_rm
                0x000080c4       0x1e build/sky/contiki-ng-sky.a(uip-ds6-nbr.o)
                0x000080c4                uip_ds6_nbr_rm
 .text.uip_ds6_neighbors_init
                0x000080e2       0x12 build/sky/contiki-ng-sky.a(uip-ds6-nbr.o)
                0x000080e2                uip_ds6_neighbors_init
 .text.uip_ds6_nbr_add
                0x000080f4       0x3e build/sky/contiki-ng-sky.a(uip-ds6-nbr.o)
                0x000080f4                uip_ds6_nbr_add
 .text.uip_ds6_nbr_get_ll
                0x00008132        0xc build/sky/contiki-ng-sky.a(uip-ds6-nbr.o)
                0x00008132                uip_ds6_nbr_get_ll
 .text.uip_ds6_nbr_head
                0x0000813e        0xa build/sky/contiki-ng-sky.a(uip-ds6-nbr.o)
                0x0000813e                uip_ds6_nbr_head
 .text.uip_ds6_nbr_next
                0x00008148        0xc build/sky/contiki-ng-sky.a(uip-ds6-nbr.o)
                0x00008148                uip_ds6_nbr_next
 .text.uip_ds6_nbr_lookup
                0x00008154       0x3a build/sky/contiki-ng-sky.a(uip-ds6-nbr.o)
                0x00008154                uip_ds6_nbr_lookup
 .text.uip_ds6_nbr_ll_lookup
                0x0000818e        0xc build/sky/contiki-ng-sky.a(uip-ds6-nbr.o)
                0x0000818e                uip_ds6_nbr_ll_lookup
 .text.uip_ds6_nbr_update_ll
                0x0000819a       0x76 build/sky/contiki-ng-sky.a(uip-ds6-nbr.o)
                0x0000819a                uip_ds6_nbr_update_ll
 .text.uip_ds6_nbr_ipaddr_from_lladdr
                0x00008210        0x6 build/sky/contiki-ng-sky.a(uip-ds6-nbr.o)
                0x00008210                uip_ds6_nbr_ipaddr_from_lladdr
 .text.uip_ds6_nbr_lladdr_from_ipaddr
                0x00008216       0x12 build/sky/contiki-ng-sky.a(uip-ds6-nbr.o)
                0x00008216                uip_ds6_nbr_lladdr_from_ipaddr
 .text.uip_ds6_link_callback
                0x00008228        0x2 build/sky/contiki-ng-sky.a(uip-ds6-nbr.o)
                0x00008228                uip_ds6_link_callback
 .text.uip_ds6_route_init
                0x0000822a       0x12 build/sky/contiki-ng-sky.a(uip-ds6-route.o)
                0x0000822a                uip_ds6_route_init
 .text.uip_ds6_route_nexthop
                0x0000823c        0x4 build/sky/contiki-ng-sky.a(uip-ds6-route.o)
                0x0000823c                uip_ds6_route_nexthop
 .text.uip_ds6_route_lookup
                0x00008240        0x4 build/sky/contiki-ng-sky.a(uip-ds6-route.o)
                0x00008240                uip_ds6_route_lookup
 .text.uip_ds6_route_rm
                0x00008244        0x2 build/sky/contiki-ng-sky.a(uip-ds6-route.o)
                0x00008244                uip_ds6_route_rm
 .text.uip_ds6_defrt_rm
                0x00008246       0x3c build/sky/contiki-ng-sky.a(uip-ds6-route.o)
                0x00008246                uip_ds6_defrt_rm
 .text.uip_ds6_defrt_lookup
                0x00008282       0x40 build/sky/contiki-ng-sky.a(uip-ds6-route.o)
                0x00008282                uip_ds6_defrt_lookup
 .text.uip_ds6_defrt_add
                0x000082c2       0x72 build/sky/contiki-ng-sky.a(uip-ds6-route.o)
                0x000082c2                uip_ds6_defrt_add
 .text.uip_ds6_defrt_choose
                0x00008334       0x3a build/sky/contiki-ng-sky.a(uip-ds6-route.o)
                0x00008334                uip_ds6_defrt_choose
 .text.uip_ds6_defrt_periodic
                0x0000836e       0x38 build/sky/contiki-ng-sky.a(uip-ds6-route.o)
                0x0000836e                uip_ds6_defrt_periodic
 .text.echo_reply_input
                0x000083a6       0x68 build/sky/contiki-ng-sky.a(uip-icmp6.o)
 .text.echo_request_input
                0x0000840e       0x86 build/sky/contiki-ng-sky.a(uip-icmp6.o)
 .text.uip_icmp6_input
                0x00008494       0x48 build/sky/contiki-ng-sky.a(uip-icmp6.o)
                0x00008494                uip_icmp6_input
 .text.uip_icmp6_register_input_handler
                0x000084dc        0xc build/sky/contiki-ng-sky.a(uip-icmp6.o)
                0x000084dc                uip_icmp6_register_input_handler
 .text.uip_icmp6_error_output
                0x000084e8      0x146 build/sky/contiki-ng-sky.a(uip-icmp6.o)
                0x000084e8                uip_icmp6_error_output
 .text.uip_icmp6_send
                0x0000862e       0x94 build/sky/contiki-ng-sky.a(uip-icmp6.o)
                0x0000862e                uip_icmp6_send
 .text.uip_icmp6_init
                0x000086c2       0x12 build/sky/contiki-ng-sky.a(uip-icmp6.o)
                0x000086c2                uip_icmp6_init
 .text.uiplib_ipaddr_snprint
                0x000086d4      0x12c build/sky/contiki-ng-sky.a(uiplib.o)
                0x000086d4                uiplib_ipaddr_snprint
 .text.ns_input
                0x00008800      0x288 build/sky/contiki-ng-sky.a(uip-nd6.o)
 .text.uip_nd6_init
                0x00008a88        0xa build/sky/contiki-ng-sky.a(uip-nd6.o)
                0x00008a88                uip_nd6_init
 .text.uip_udp_packet_send
                0x00008a92       0x2a build/sky/contiki-ng-sky.a(uip-udp-packet.)
                0x00008a92                uip_udp_packet_send
 .text.uip_udp_packet_sendto
                0x00008abc       0x66 build/sky/contiki-ng-sky.a(uip-udp-packet.)
                0x00008abc                uip_udp_packet_sendto
 .text.rpl_has_joined
                0x00008b22       0x12 build/sky/contiki-ng-sky.a(rpl.o)
                0x00008b22                rpl_has_joined
 .text.rpl_is_reachable
                0x00008b34       0x12 build/sky/contiki-ng-sky.a(rpl.o)
                0x00008b34                rpl_is_reachable
 .text.neighbor_state_changed
                0x00008b46        0x2 build/sky/contiki-ng-sky.a(rpl.o)
 .text.drop_route
                0x00008b48        0x2 build/sky/contiki-ng-sky.a(rpl.o)
 .text.get_sr_node_ipaddr
                0x00008b4a       0x34 build/sky/contiki-ng-sky.a(rpl.o)
 .text.init     0x00008b7e       0x42 build/sky/contiki-ng-sky.a(rpl.o)
 .text.set_ip_from_prefix
                0x00008bc0       0x38 build/sky/contiki-ng-sky.a(rpl.o)
 .text.rpl_link_callback
                0x00008bf8       0x1e build/sky/contiki-ng-sky.a(rpl.o)
                0x00008bf8                rpl_link_callback
 .text.rpl_lollipop_greater_than
                0x00008c16       0x3c build/sky/contiki-ng-sky.a(rpl.o)
                0x00008c16                rpl_lollipop_greater_than
 .text.rpl_get_global_address
                0x00008c52       0xbe build/sky/contiki-ng-sky.a(rpl.o)
                0x00008c52                rpl_get_global_address
 .text.rpl_reset_prefix
                0x00008d10       0x24 build/sky/contiki-ng-sky.a(rpl.o)
                0x00008d10                rpl_reset_prefix
 .text.rpl_set_prefix_from_addr
                0x00008d34       0x92 build/sky/contiki-ng-sky.a(rpl.o)
                0x00008d34                rpl_set_prefix_from_addr
 .text.rpl_get_leaf_only
                0x00008dc6        0x6 build/sky/contiki-ng-sky.a(rpl.o)
                0x00008dc6                rpl_get_leaf_only
 .text.init_dag
                0x00008dcc       0x84 build/sky/contiki-ng-sky.a(rpl-dag.o)
 .text.init_dag_from_dio
                0x00008e50       0x96 build/sky/contiki-ng-sky.a(rpl-dag.o)
 .text.rpl_dag_get_root_ipaddr
                0x00008ee6       0x1e build/sky/contiki-ng-sky.a(rpl-dag.o)
                0x00008ee6                rpl_dag_get_root_ipaddr
 .text.rpl_dag_leave
                0x00008f04       0x4a build/sky/contiki-ng-sky.a(rpl-dag.o)
                0x00008f04                rpl_dag_leave
 .text.rpl_dag_poison_and_leave
                0x00008f4e        0xc build/sky/contiki-ng-sky.a(rpl-dag.o)
                0x00008f4e                rpl_dag_poison_and_leave
 .text.rpl_dag_periodic
                0x00008f5a       0x6a build/sky/contiki-ng-sky.a(rpl-dag.o)
                0x00008f5a                rpl_dag_periodic
 .text.rpl_is_addr_in_our_dag
                0x00008fc4       0x34 build/sky/contiki-ng-sky.a(rpl-dag.o)
                0x00008fc4                rpl_is_addr_in_our_dag
 .text.rpl_local_repair
                0x00008ff8       0x2a build/sky/contiki-ng-sky.a(rpl-dag.o)
                0x00008ff8                rpl_local_repair
 .text.rpl_global_repair
                0x00009022       0x2e build/sky/contiki-ng-sky.a(rpl-dag.o)
                0x00009022                rpl_global_repair
 .text.rpl_dag_ready_to_advertise
                0x00009050       0x22 build/sky/contiki-ng-sky.a(rpl-dag.o)
                0x00009050                rpl_dag_ready_to_advertise
 .text.rpl_dag_update_state
                0x00009072      0x14c build/sky/contiki-ng-sky.a(rpl-dag.o)
                0x00009072                rpl_dag_update_state
 .text.rpl_process_dio
                0x000091be      0x1c8 build/sky/contiki-ng-sky.a(rpl-dag.o)
                0x000091be                rpl_process_dio
 .text.rpl_process_dis
                0x00009386       0x2a build/sky/contiki-ng-sky.a(rpl-dag.o)
                0x00009386                rpl_process_dis
 .text.rpl_process_dao
                0x000093b0       0x6c build/sky/contiki-ng-sky.a(rpl-dag.o)
                0x000093b0                rpl_process_dao
 .text.rpl_process_dao_ack
                0x0000941c       0x54 build/sky/contiki-ng-sky.a(rpl-dag.o)
                0x0000941c                rpl_process_dao_ack
 .text.rpl_process_hbh
                0x00009470       0x2e build/sky/contiki-ng-sky.a(rpl-dag.o)
                0x00009470                rpl_process_hbh
 .text.rpl_dag_init_root
                0x0000949e       0xbe build/sky/contiki-ng-sky.a(rpl-dag.o)
                0x0000949e                rpl_dag_init_root
 .text.rpl_dag_init
                0x0000955c       0x10 build/sky/contiki-ng-sky.a(rpl-dag.o)
                0x0000955c                rpl_dag_init
 .text.rpl_dag_root_set_prefix
                0x0000956c       0x62 build/sky/contiki-ng-sky.a(rpl-dag-root.o)
                0x0000956c                rpl_dag_root_set_prefix
 .text.rpl_dag_root_start
                0x000095ce       0x8e build/sky/contiki-ng-sky.a(rpl-dag-root.o)
                0x000095ce                rpl_dag_root_start
 .text.rpl_dag_root_is_root
                0x0000965c       0x14 build/sky/contiki-ng-sky.a(rpl-dag-root.o)
                0x0000965c                rpl_dag_root_is_root
 .text.update_hbh_header
                0x00009670       0x4a build/sky/contiki-ng-sky.a(rpl-ext-header.)
 .text.rpl_ext_header_srh_get_next_hop
                0x000096ba       0x84 build/sky/contiki-ng-sky.a(rpl-ext-header.)
                0x000096ba                rpl_ext_header_srh_get_next_hop
 .text.rpl_ext_header_srh_update
                0x0000973e      0x106 build/sky/contiki-ng-sky.a(rpl-ext-header.)
                0x0000973e                rpl_ext_header_srh_update
 .text.rpl_ext_header_hbh_update
                0x00009844       0x9e build/sky/contiki-ng-sky.a(rpl-ext-header.)
                0x00009844                rpl_ext_header_hbh_update
 .text.rpl_ext_header_remove
                0x000098e2       0xcc build/sky/contiki-ng-sky.a(rpl-ext-header.)
                0x000098e2                rpl_ext_header_remove
 .text.rpl_ext_header_update
                0x000099ae      0x2aa build/sky/contiki-ng-sky.a(rpl-ext-header.)
                0x000099ae                rpl_ext_header_update
 .text.get32    0x00009c58       0x46 build/sky/contiki-ng-sky.a(rpl-icmp6.o)
 .text.set32    0x00009c9e       0x2a build/sky/contiki-ng-sky.a(rpl-icmp6.o)
 .text.get16    0x00009cc8        0xe build/sky/contiki-ng-sky.a(rpl-icmp6.o)
 .text.set16    0x00009cd6       0x10 build/sky/contiki-ng-sky.a(rpl-icmp6.o)
 .text.dao_ack_input
                0x00009ce6       0x2a build/sky/contiki-ng-sky.a(rpl-icmp6.o)
 .text.dao_input
                0x00009d10      0x13e build/sky/contiki-ng-sky.a(rpl-icmp6.o)
 .text.dio_input
                0x00009e4e      0x29c build/sky/contiki-ng-sky.a(rpl-icmp6.o)
 .text.dis_input
                0x0000a0ea       0x1e build/sky/contiki-ng-sky.a(rpl-icmp6.o)
 .text.rpl_icmp6_update_nbr_table
                0x0000a108       0x36 build/sky/contiki-ng-sky.a(rpl-icmp6.o)
                0x0000a108                rpl_icmp6_update_nbr_table
 .text.rpl_icmp6_dis_output
                0x0000a13e       0x34 build/sky/contiki-ng-sky.a(rpl-icmp6.o)
                0x0000a13e                rpl_icmp6_dis_output
 .text.rpl_icmp6_dio_output
                0x0000a172      0x23a build/sky/contiki-ng-sky.a(rpl-icmp6.o)
                0x0000a172                rpl_icmp6_dio_output
 .text.rpl_icmp6_dao_output
                0x0000a3ac       0xe6 build/sky/contiki-ng-sky.a(rpl-icmp6.o)
                0x0000a3ac                rpl_icmp6_dao_output
 .text.rpl_icmp6_dao_ack_output
                0x0000a492       0x44 build/sky/contiki-ng-sky.a(rpl-icmp6.o)
                0x0000a492                rpl_icmp6_dao_ack_output
 .text.rpl_icmp6_init
                0x0000a4d6       0x2a build/sky/contiki-ng-sky.a(rpl-icmp6.o)
                0x0000a4d6                rpl_icmp6_init
 .text.reset    0x0000a500        0x2 build/sky/contiki-ng-sky.a(rpl-mrhof.o)
 .text.update_metric_container
                0x0000a502        0x6 build/sky/contiki-ng-sky.a(rpl-mrhof.o)
 .text.nbr_link_metric
                0x0000a508       0x12 build/sky/contiki-ng-sky.a(rpl-mrhof.o)
 .text.nbr_has_usable_link
                0x0000a51a       0x14 build/sky/contiki-ng-sky.a(rpl-mrhof.o)
 .text.nbr_path_cost
                0x0000a52e       0x38 build/sky/contiki-ng-sky.a(rpl-mrhof.o)
 .text.within_hysteresis
                0x0000a566       0x54 build/sky/contiki-ng-sky.a(rpl-mrhof.o)
 .text.nbr_is_acceptable_parent
                0x0000a5ba       0x2c build/sky/contiki-ng-sky.a(rpl-mrhof.o)
 .text.rank_via_nbr
                0x0000a5e6       0x48 build/sky/contiki-ng-sky.a(rpl-mrhof.o)
 .text.best_parent
                0x0000a62e       0x7c build/sky/contiki-ng-sky.a(rpl-mrhof.o)
 .text.remove_neighbor
                0x0000a6aa       0x24 build/sky/contiki-ng-sky.a(rpl-neighbor.o)
 .text.rpl_neighbor_get_from_lladdr
                0x0000a6ce        0xc build/sky/contiki-ng-sky.a(rpl-neighbor.o)
                0x0000a6ce                rpl_neighbor_get_from_lladdr
 .text.rpl_neighbor_rank_via_nbr
                0x0000a6da       0x18 build/sky/contiki-ng-sky.a(rpl-neighbor.o)
                0x0000a6da                rpl_neighbor_rank_via_nbr
 .text.rpl_neighbor_get_lladdr
                0x0000a6f2        0xc build/sky/contiki-ng-sky.a(rpl-neighbor.o)
                0x0000a6f2                rpl_neighbor_get_lladdr
 .text.rpl_neighbor_get_ipaddr
                0x0000a6fe        0xa build/sky/contiki-ng-sky.a(rpl-neighbor.o)
                0x0000a6fe                rpl_neighbor_get_ipaddr
 .text.rpl_neighbor_get_link_stats
                0x0000a708        0xa build/sky/contiki-ng-sky.a(rpl-neighbor.o)
                0x0000a708                rpl_neighbor_get_link_stats
 .text.rpl_neighbor_is_fresh
                0x0000a712        0xa build/sky/contiki-ng-sky.a(rpl-neighbor.o)
                0x0000a712                rpl_neighbor_is_fresh
 .text.best_parent
                0x0000a71c       0xb2 build/sky/contiki-ng-sky.a(rpl-neighbor.o)
 .text.rpl_neighbor_is_parent
                0x0000a7ce       0x18 build/sky/contiki-ng-sky.a(rpl-neighbor.o)
                0x0000a7ce                rpl_neighbor_is_parent
 .text.rpl_neighbor_set_preferred_parent
                0x0000a7e6       0x44 build/sky/contiki-ng-sky.a(rpl-neighbor.o)
                0x0000a7e6                rpl_neighbor_set_preferred_parent
 .text.rpl_neighbor_remove_all
                0x0000a82a       0x2a build/sky/contiki-ng-sky.a(rpl-neighbor.o)
                0x0000a82a                rpl_neighbor_remove_all
 .text.rpl_neighbor_get_from_ipaddr
                0x0000a854       0x14 build/sky/contiki-ng-sky.a(rpl-neighbor.o)
                0x0000a854                rpl_neighbor_get_from_ipaddr
 .text.rpl_neighbor_select_best
                0x0000a868       0x54 build/sky/contiki-ng-sky.a(rpl-neighbor.o)
                0x0000a868                rpl_neighbor_select_best
 .text.rpl_neighbor_init
                0x0000a8bc        0xe build/sky/contiki-ng-sky.a(rpl-neighbor.o)
                0x0000a8bc                rpl_neighbor_init
 .text.handle_state_update
                0x0000a8ca       0x20 build/sky/contiki-ng-sky.a(rpl-timers.o)
 .text.handle_leaving_timer
                0x0000a8ea        0xc build/sky/contiki-ng-sky.a(rpl-timers.o)
 .text.schedule_dao_retransmission
                0x0000a8f6       0x34 build/sky/contiki-ng-sky.a(rpl-timers.o)
 .text.new_dio_interval
                0x0000a92a       0x8a build/sky/contiki-ng-sky.a(rpl-timers.o)
 .text.handle_unicast_dio_timer
                0x0000a9b4       0x12 build/sky/contiki-ng-sky.a(rpl-timers.o)
 .text.send_new_dao
                0x0000a9c6       0x28 build/sky/contiki-ng-sky.a(rpl-timers.o)
 .text.resend_dao
                0x0000a9ee       0x24 build/sky/contiki-ng-sky.a(rpl-timers.o)
 .text.handle_dao_ack_timer
                0x0000aa12       0x12 build/sky/contiki-ng-sky.a(rpl-timers.o)
 .text.handle_dio_timer
                0x0000aa24       0x6e build/sky/contiki-ng-sky.a(rpl-timers.o)
 .text.rpl_timers_schedule_periodic_dis
                0x0000aa92       0x40 build/sky/contiki-ng-sky.a(rpl-timers.o)
                0x0000aa92                rpl_timers_schedule_periodic_dis
 .text.handle_periodic_timer
                0x0000aad2       0x3a build/sky/contiki-ng-sky.a(rpl-timers.o)
 .text.handle_dis_timer
                0x0000ab0c       0x26 build/sky/contiki-ng-sky.a(rpl-timers.o)
 .text.rpl_timers_dio_reset
                0x0000ab32       0x20 build/sky/contiki-ng-sky.a(rpl-timers.o)
                0x0000ab32                rpl_timers_dio_reset
 .text.rpl_timers_schedule_unicast_dio
                0x0000ab52       0x20 build/sky/contiki-ng-sky.a(rpl-timers.o)
                0x0000ab52                rpl_timers_schedule_unicast_dio
 .text.rpl_timers_schedule_dao
                0x0000ab72       0x3c build/sky/contiki-ng-sky.a(rpl-timers.o)
                0x0000ab72                rpl_timers_schedule_dao
 .text.rpl_timers_schedule_dao_ack
                0x0000abae       0x34 build/sky/contiki-ng-sky.a(rpl-timers.o)
                0x0000abae                rpl_timers_schedule_dao_ack
 .text.rpl_timers_notify_dao_ack
                0x0000abe2       0x82 build/sky/contiki-ng-sky.a(rpl-timers.o)
                0x0000abe2                rpl_timers_notify_dao_ack
 .text.get_probing_delay
                0x0000ac64       0x1c build/sky/contiki-ng-sky.a(rpl-timers.o)
                0x0000ac64                get_probing_delay
 .text.get_probing_target
                0x0000ac80       0xee build/sky/contiki-ng-sky.a(rpl-timers.o)
                0x0000ac80                get_probing_target
 .text.rpl_schedule_probing
                0x0000ad6e       0x20 build/sky/contiki-ng-sky.a(rpl-timers.o)
                0x0000ad6e                rpl_schedule_probing
 .text.handle_probing_timer
                0x0000ad8e       0x2a build/sky/contiki-ng-sky.a(rpl-timers.o)
 .text.rpl_schedule_probing_now
                0x0000adb8       0x24 build/sky/contiki-ng-sky.a(rpl-timers.o)
                0x0000adb8                rpl_schedule_probing_now
 .text.rpl_timers_unschedule_leaving
                0x0000addc       0x1c build/sky/contiki-ng-sky.a(rpl-timers.o)
                0x0000addc                rpl_timers_unschedule_leaving
 .text.rpl_timers_schedule_leaving
                0x0000adf8       0x2a build/sky/contiki-ng-sky.a(rpl-timers.o)
                0x0000adf8                rpl_timers_schedule_leaving
 .text.rpl_timers_init
                0x0000ae22       0x1c build/sky/contiki-ng-sky.a(rpl-timers.o)
                0x0000ae22                rpl_timers_init
 .text.rpl_timers_stop_dag_timers
                0x0000ae3e       0x4c build/sky/contiki-ng-sky.a(rpl-timers.o)
                0x0000ae3e                rpl_timers_stop_dag_timers
 .text.rpl_timers_unschedule_state_update
                0x0000ae8a       0x10 build/sky/contiki-ng-sky.a(rpl-timers.o)
                0x0000ae8a                rpl_timers_unschedule_state_update
 .text.rpl_timers_schedule_state_update
                0x0000ae9a       0x1c build/sky/contiki-ng-sky.a(rpl-timers.o)
                0x0000ae9a                rpl_timers_schedule_state_update
 .text.flood_input
                0x0000aeb6       0xa4 build/sky/contiki-ng-sky.a(rpl-icmp6-malic)
                0x0000aeb6                flood_input
 .text.init_platform
                0x0000af5a        0xc build/sky/contiki-ng-sky.a(contiki-sky-pla)
                0x0000af5a                init_platform
 .text.status   0x0000af66       0x18 build/sky/contiki-ng-sky.a(button-sensor.o)
 .text.value    0x0000af7e       0x20 build/sky/contiki-ng-sky.a(button-sensor.o)
 .text.configure
                0x0000af9e       0x4c build/sky/contiki-ng-sky.a(button-sensor.o)
 .text.irq_p2   0x0000afea       0x46 build/sky/contiki-ng-sky.a(button-sensor.o)
                0x0000afea                irq_p2
                0x0000afea                __isr_1
 .text.owreadb  0x0000b030       0x50 build/sky/contiki-ng-sky.a(ds2411.o)
 .text.ds2411_init
                0x0000b080      0x120 build/sky/contiki-ng-sky.a(ds2411.o)
                0x0000b080                ds2411_init
 .text.xmem_init
                0x0000b1a0       0x3c build/sky/contiki-ng-sky.a(xmem.o)
                0x0000b1a0                xmem_init
 .text.process_thread_sensors_process
                0x0000b1dc       0xc2 build/sky/contiki-ng-sky.a(sensors.o)
 .text.sensors_changed
                0x0000b29e       0x2a build/sky/contiki-ng-sky.a(sensors.o)
                0x0000b29e                sensors_changed
 .text.get_object
                0x0000b2c8        0x4 build/sky/contiki-ng-sky.a(cc2420.o)
 .text.set_object
                0x0000b2cc        0x4 build/sky/contiki-ng-sky.a(cc2420.o)
 .text.strobe   0x0000b2d0       0x1c build/sky/contiki-ng-sky.a(cc2420.o)
 .text.getreg   0x0000b2ec       0x4c build/sky/contiki-ng-sky.a(cc2420.o)
 .text.setreg   0x0000b338       0x4c build/sky/contiki-ng-sky.a(cc2420.o)
 .text.write_ram
                0x0000b384       0x7c build/sky/contiki-ng-sky.a(cc2420.o)
 .text.write_fifo_buf
                0x0000b400       0x3c build/sky/contiki-ng-sky.a(cc2420.o)
 .text.get_status
                0x0000b43c       0x20 build/sky/contiki-ng-sky.a(cc2420.o)
 .text.on       0x0000b45c       0x1a build/sky/contiki-ng-sky.a(cc2420.o)
 .text.cc2420_receiving_packet
                0x0000b476        0xc build/sky/contiki-ng-sky.a(cc2420.o)
 .text.pending_packet
                0x0000b482        0x8 build/sky/contiki-ng-sky.a(cc2420.o)
 .text.wait_for_transmission
                0x0000b48a       0x22 build/sky/contiki-ng-sky.a(cc2420.o)
 .text.wait_for_status
                0x0000b4ac       0x28 build/sky/contiki-ng-sky.a(cc2420.o)
 .text.getrxdata
                0x0000b4d4       0x50 build/sky/contiki-ng-sky.a(cc2420.o)
 .text.flushrx  0x0000b524       0x1a build/sky/contiki-ng-sky.a(cc2420.o)
 .text.off      0x0000b53e       0x28 build/sky/contiki-ng-sky.a(cc2420.o)
 .text.RELEASE_LOCK
                0x0000b566       0x28 build/sky/contiki-ng-sky.a(cc2420.o)
 .text.set_key  0x0000b58e       0x18 build/sky/contiki-ng-sky.a(cc2420.o)
 .text.set_frame_filtering
                0x0000b5a6       0x30 build/sky/contiki-ng-sky.a(cc2420.o)
 .text.set_auto_ack
                0x0000b5d6       0x30 build/sky/contiki-ng-sky.a(cc2420.o)
 .text.set_poll_mode
                0x0000b606       0x2c build/sky/contiki-ng-sky.a(cc2420.o)
 .text.cc2420_prepare
                0x0000b632       0x3c build/sky/contiki-ng-sky.a(cc2420.o)
 .text.cc2420_on
                0x0000b66e       0x22 build/sky/contiki-ng-sky.a(cc2420.o)
                0x0000b66e                cc2420_on
 .text.cc2420_transmit
                0x0000b690       0x5a build/sky/contiki-ng-sky.a(cc2420.o)
 .text.cc2420_send
                0x0000b6ea       0x12 build/sky/contiki-ng-sky.a(cc2420.o)
 .text.cc2420_off
                0x0000b6fc       0x30 build/sky/contiki-ng-sky.a(cc2420.o)
                0x0000b6fc                cc2420_off
 .text.cc2420_cca
                0x0000b72c       0x68 build/sky/contiki-ng-sky.a(cc2420.o)
 .text.cc2420_read
                0x0000b794       0xbe build/sky/contiki-ng-sky.a(cc2420.o)
 .text.process_thread_cc2420_process
                0x0000b852       0x62 build/sky/contiki-ng-sky.a(cc2420.o)
 .text.encrypt  0x0000b8b4       0x88 build/sky/contiki-ng-sky.a(cc2420.o)
 .text.cc2420_set_channel
                0x0000b93c       0x3c build/sky/contiki-ng-sky.a(cc2420.o)
                0x0000b93c                cc2420_set_channel
 .text.cc2420_set_pan_addr
                0x0000b978       0x4c build/sky/contiki-ng-sky.a(cc2420.o)
                0x0000b978                cc2420_set_pan_addr
 .text.cc2420_interrupt
                0x0000b9c4       0x16 build/sky/contiki-ng-sky.a(cc2420.o)
                0x0000b9c4                cc2420_interrupt
 .text.cc2420_set_txpower
                0x0000b9da       0x2c build/sky/contiki-ng-sky.a(cc2420.o)
                0x0000b9da                cc2420_set_txpower
 .text.cc2420_get_txpower
                0x0000ba06       0x1e build/sky/contiki-ng-sky.a(cc2420.o)
                0x0000ba06                cc2420_get_txpower
 .text.cc2420_rssi
                0x0000ba24       0x4c build/sky/contiki-ng-sky.a(cc2420.o)
                0x0000ba24                cc2420_rssi
 .text.get_value
                0x0000ba70      0x116 build/sky/contiki-ng-sky.a(cc2420.o)
 .text.cc2420_set_cca_threshold
                0x0000bb86       0x16 build/sky/contiki-ng-sky.a(cc2420.o)
                0x0000bb86                cc2420_set_cca_threshold
 .text.set_value
                0x0000bb9c      0x150 build/sky/contiki-ng-sky.a(cc2420.o)
 .text.cc2420_init
                0x0000bcec       0xea build/sky/contiki-ng-sky.a(cc2420.o)
                0x0000bcec                cc2420_init
 .text.cc2420_port1_interrupt
                0x0000bdd6       0x20 build/sky/contiki-ng-sky.a(cc2420-arch.o)
                0x0000bdd6                __isr_4
                0x0000bdd6                cc2420_port1_interrupt
 .text.cc2420_arch_init
                0x0000bdf6       0x1a build/sky/contiki-ng-sky.a(cc2420-arch.o)
                0x0000bdf6                cc2420_arch_init
 .text.uart1_active
                0x0000be10       0x18 build/sky/contiki-ng-sky.a(uart1.o)
                0x0000be10                uart1_active
 .text.uart1_writeb
                0x0000be28       0x18 build/sky/contiki-ng-sky.a(uart1.o)
                0x0000be28                uart1_writeb
 .text.uart1_init
                0x0000be40       0xf4 build/sky/contiki-ng-sky.a(uart1.o)
                0x0000be40                uart1_init
 .text.timera0  0x0000bf34       0x2e build/sky/contiki-ng-sky.a(rtimer-arch.o)
                0x0000bf34                __isr_6
                0x0000bf34                timera0
 .text.rtimer_arch_init
                0x0000bf62        0xe build/sky/contiki-ng-sky.a(rtimer-arch.o)
                0x0000bf62                rtimer_arch_init
 .text.rtimer_arch_now
                0x0000bf70        0xe build/sky/contiki-ng-sky.a(rtimer-arch.o)
                0x0000bf70                rtimer_arch_now
 .text.rtimer_arch_schedule
                0x0000bf7e        0x6 build/sky/contiki-ng-sky.a(rtimer-arch.o)
                0x0000bf7e                rtimer_arch_schedule
 .text.stimer_set
                0x0000bf84       0x1c build/sky/contiki-ng-sky.a(stimer.o)
                0x0000bf84                stimer_set
 .text.stimer_expired
                0x0000bfa0       0x30 build/sky/contiki-ng-sky.a(stimer.o)
                0x0000bfa0                stimer_expired
 .text.memb_init
                0x0000bfd0       0x36 build/sky/contiki-ng-sky.a(memb.o)
                0x0000bfd0                memb_init
 .text.memb_alloc
                0x0000c006       0x3e build/sky/contiki-ng-sky.a(memb.o)
                0x0000c006                memb_alloc
 .text.memb_free
                0x0000c044       0x3a build/sky/contiki-ng-sky.a(memb.o)
                0x0000c044                memb_free
 .text.memb_inmemb
                0x0000c07e       0x2a build/sky/contiki-ng-sky.a(memb.o)
                0x0000c07e                memb_inmemb
 .text.memb_numfree
                0x0000c0a8       0x26 build/sky/contiki-ng-sky.a(memb.o)
                0x0000c0a8                memb_numfree
 .text.periodic
                0x0000c0ce       0x28 build/sky/contiki-ng-sky.a(link-stats.o)
 .text.link_stats_from_lladdr
                0x0000c0f6        0xc build/sky/contiki-ng-sky.a(link-stats.o)
                0x0000c0f6                link_stats_from_lladdr
 .text.link_stats_is_fresh
                0x0000c102       0x30 build/sky/contiki-ng-sky.a(link-stats.o)
                0x0000c102                link_stats_is_fresh
 .text.guess_etx_from_rssi
                0x0000c132       0x42 build/sky/contiki-ng-sky.a(link-stats.o)
                0x0000c132                guess_etx_from_rssi
 .text.link_stats_packet_sent
                0x0000c174       0xda build/sky/contiki-ng-sky.a(link-stats.o)
                0x0000c174                link_stats_packet_sent
 .text.link_stats_input_callback
                0x0000c24e       0xb4 build/sky/contiki-ng-sky.a(link-stats.o)
                0x0000c24e                link_stats_input_callback
 .text.link_stats_reset
                0x0000c302       0x2a build/sky/contiki-ng-sky.a(link-stats.o)
                0x0000c302                link_stats_reset
 .text.link_stats_init
                0x0000c32c       0x22 build/sky/contiki-ng-sky.a(link-stats.o)
                0x0000c32c                link_stats_init
 .text.item_from_index
                0x0000c34e       0x2a build/sky/contiki-ng-sky.a(nbr-table.o)
 .text.index_from_key
                0x0000c378       0x26 build/sky/contiki-ng-sky.a(nbr-table.o)
 .text.index_from_item
                0x0000c39e       0x1e build/sky/contiki-ng-sky.a(nbr-table.o)
 .text.nbr_set_bit
                0x0000c3bc       0x58 build/sky/contiki-ng-sky.a(nbr-table.o)
 .text.index_from_lladdr
                0x0000c414       0x42 build/sky/contiki-ng-sky.a(nbr-table.o)
 .text.nbr_get_bit.constprop.0
                0x0000c456       0x2e build/sky/contiki-ng-sky.a(nbr-table.o)
 .text.nbr_table_is_registered
                0x0000c484       0x22 build/sky/contiki-ng-sky.a(nbr-table.o)
                0x0000c484                nbr_table_is_registered
 .text.nbr_table_register
                0x0000c4a6       0x40 build/sky/contiki-ng-sky.a(nbr-table.o)
                0x0000c4a6                nbr_table_register
 .text.nbr_table_next
                0x0000c4e6       0x54 build/sky/contiki-ng-sky.a(nbr-table.o)
                0x0000c4e6                nbr_table_next
 .text.nbr_table_head
                0x0000c53a       0x3a build/sky/contiki-ng-sky.a(nbr-table.o)
                0x0000c53a                nbr_table_head
 .text.nbr_table_add_lladdr
                0x0000c574      0x168 build/sky/contiki-ng-sky.a(nbr-table.o)
                0x0000c574                nbr_table_add_lladdr
 .text.nbr_table_get_from_lladdr
                0x0000c6dc       0x2c build/sky/contiki-ng-sky.a(nbr-table.o)
                0x0000c6dc                nbr_table_get_from_lladdr
 .text.nbr_table_remove
                0x0000c708       0x32 build/sky/contiki-ng-sky.a(nbr-table.o)
                0x0000c708                nbr_table_remove
 .text.nbr_table_lock
                0x0000c73a       0x10 build/sky/contiki-ng-sky.a(nbr-table.o)
                0x0000c73a                nbr_table_lock
 .text.nbr_table_unlock
                0x0000c74a       0x10 build/sky/contiki-ng-sky.a(nbr-table.o)
                0x0000c74a                nbr_table_unlock
 .text.nbr_table_get_lladdr
                0x0000c75a       0x22 build/sky/contiki-ng-sky.a(nbr-table.o)
                0x0000c75a                nbr_table_get_lladdr
 .text.packetbuf_hdrreduce
                0x0000c77c       0x1a build/sky/contiki-ng-sky.a(packetbuf.o)
                0x0000c77c                packetbuf_hdrreduce
 .text.packetbuf_set_datalen
                0x0000c796        0x6 build/sky/contiki-ng-sky.a(packetbuf.o)
                0x0000c796                packetbuf_set_datalen
 .text.packetbuf_hdrptr
                0x0000c79c        0x6 build/sky/contiki-ng-sky.a(packetbuf.o)
                0x0000c79c                packetbuf_hdrptr
 .text.packetbuf_datalen
                0x0000c7a2        0x6 build/sky/contiki-ng-sky.a(packetbuf.o)
                0x0000c7a2                packetbuf_datalen
 .text.packetbuf_hdrlen
                0x0000c7a8        0xa build/sky/contiki-ng-sky.a(packetbuf.o)
                0x0000c7a8                packetbuf_hdrlen
 .text.packetbuf_dataptr
                0x0000c7b2        0xc build/sky/contiki-ng-sky.a(packetbuf.o)
                0x0000c7b2                packetbuf_dataptr
 .text.packetbuf_copyto
                0x0000c7be       0x46 build/sky/contiki-ng-sky.a(packetbuf.o)
                0x0000c7be                packetbuf_copyto
 .text.packetbuf_totlen
                0x0000c804        0xc build/sky/contiki-ng-sky.a(packetbuf.o)
                0x0000c804                packetbuf_totlen
 .text.packetbuf_hdralloc
                0x0000c810       0x3c build/sky/contiki-ng-sky.a(packetbuf.o)
                0x0000c810                packetbuf_hdralloc
 .text.packetbuf_attr_clear
                0x0000c84c       0x28 build/sky/contiki-ng-sky.a(packetbuf.o)
                0x0000c84c                packetbuf_attr_clear
 .text.packetbuf_clear
                0x0000c874       0x12 build/sky/contiki-ng-sky.a(packetbuf.o)
                0x0000c874                packetbuf_clear
 .text.packetbuf_copyfrom
                0x0000c886       0x2e build/sky/contiki-ng-sky.a(packetbuf.o)
                0x0000c886                packetbuf_copyfrom
 .text.packetbuf_attr_copyto
                0x0000c8b4       0x22 build/sky/contiki-ng-sky.a(packetbuf.o)
                0x0000c8b4                packetbuf_attr_copyto
 .text.packetbuf_attr_copyfrom
                0x0000c8d6       0x24 build/sky/contiki-ng-sky.a(packetbuf.o)
                0x0000c8d6                packetbuf_attr_copyfrom
 .text.packetbuf_set_attr
                0x0000c8fa        0xc build/sky/contiki-ng-sky.a(packetbuf.o)
                0x0000c8fa                packetbuf_set_attr
 .text.packetbuf_attr
                0x0000c906        0xa build/sky/contiki-ng-sky.a(packetbuf.o)
                0x0000c906                packetbuf_attr
 .text.packetbuf_set_addr
                0x0000c910       0x18 build/sky/contiki-ng-sky.a(packetbuf.o)
                0x0000c910                packetbuf_set_addr
 .text.packetbuf_addr
                0x0000c928       0x12 build/sky/contiki-ng-sky.a(packetbuf.o)
                0x0000c928                packetbuf_addr
 .text.packetbuf_holds_broadcast
                0x0000c93a        0xe build/sky/contiki-ng-sky.a(packetbuf.o)
                0x0000c93a                packetbuf_holds_broadcast
 .text.mac_call_sent_callback
                0x0000c948       0x14 build/sky/contiki-ng-sky.a(mac.o)
                0x0000c948                mac_call_sent_callback
 .text.mac_sequence_is_duplicate
                0x0000c95c       0x84 build/sky/contiki-ng-sky.a(mac-sequence.o)
                0x0000c95c                mac_sequence_is_duplicate
 .text.mac_sequence_register_seqno
                0x0000c9e0       0x90 build/sky/contiki-ng-sky.a(mac-sequence.o)
                0x0000c9e0                mac_sequence_register_seqno
 .text.parse    0x0000ca70       0xa0 build/sky/contiki-ng-sky.a(framer-802154.o)
 .text.framer_802154_setup_params
                0x0000cb10       0xb8 build/sky/contiki-ng-sky.a(framer-802154.o)
                0x0000cb10                framer_802154_setup_params
 .text.create_frame
                0x0000cbc8       0xde build/sky/contiki-ng-sky.a(framer-802154.o)
 .text.create   0x0000cca6        0x8 build/sky/contiki-ng-sky.a(framer-802154.o)
 .text.hdr_length
                0x0000ccae        0x8 build/sky/contiki-ng-sky.a(framer-802154.o)
 .text.node_matches_address.part.0
                0x0000ccb6       0x2e build/sky/contiki-ng-sky.a(uip-sr.o)
 .text.uip_sr_get_node
                0x0000cce4       0x44 build/sky/contiki-ng-sky.a(uip-sr.o)
                0x0000cce4                uip_sr_get_node
 .text.uip_sr_is_addr_reachable
                0x0000cd28       0x4e build/sky/contiki-ng-sky.a(uip-sr.o)
                0x0000cd28                uip_sr_is_addr_reachable
 .text.uip_sr_expire_parent
                0x0000cd76       0x42 build/sky/contiki-ng-sky.a(uip-sr.o)
                0x0000cd76                uip_sr_expire_parent
 .text.uip_sr_update_node
                0x0000cdb8       0xbc build/sky/contiki-ng-sky.a(uip-sr.o)
                0x0000cdb8                uip_sr_update_node
 .text.uip_sr_init
                0x0000ce74       0x16 build/sky/contiki-ng-sky.a(uip-sr.o)
                0x0000ce74                uip_sr_init
 .text.uip_sr_periodic
                0x0000ce8a       0x9a build/sky/contiki-ng-sky.a(uip-sr.o)
                0x0000ce8a                uip_sr_periodic
 .text.uip_sr_free_all
                0x0000cf24       0x3c build/sky/contiki-ng-sky.a(uip-sr.o)
                0x0000cf24                uip_sr_free_all
 .text.update_state
                0x0000cf60       0x78 build/sky/contiki-ng-sky.a(rpl-nbr-policy.)
 .text.rpl_nbr_policy_find_removable
                0x0000cfd8       0x50 build/sky/contiki-ng-sky.a(rpl-nbr-policy.)
                0x0000cfd8                rpl_nbr_policy_find_removable
 .text.spi_init
                0x0000d028       0x30 build/sky/contiki-ng-sky.a(spi-legacy.o)
                0x0000d028                spi_init
 .text.frame802154_get_pan_id
                0x0000d058        0x6 build/sky/contiki-ng-sky.a(frame802154.o)
                0x0000d058                frame802154_get_pan_id
 .text.frame802154_has_panid
                0x0000d05e       0xe0 build/sky/contiki-ng-sky.a(frame802154.o)
                0x0000d05e                frame802154_has_panid
 .text.field_len
                0x0000d13e       0xac build/sky/contiki-ng-sky.a(frame802154.o)
 .text.frame802154_is_broadcast_addr
                0x0000d1ea       0x28 build/sky/contiki-ng-sky.a(frame802154.o)
                0x0000d1ea                frame802154_is_broadcast_addr
 .text.frame802154_hdrlen
                0x0000d212       0x32 build/sky/contiki-ng-sky.a(frame802154.o)
                0x0000d212                frame802154_hdrlen
 .text.frame802154_create_fcf
                0x0000d244       0x96 build/sky/contiki-ng-sky.a(frame802154.o)
                0x0000d244                frame802154_create_fcf
 .text.frame802154_create
                0x0000d2da       0xe4 build/sky/contiki-ng-sky.a(frame802154.o)
                0x0000d2da                frame802154_create
 .text.frame802154_parse_fcf
                0x0000d3be       0xbc build/sky/contiki-ng-sky.a(frame802154.o)
                0x0000d3be                frame802154_parse_fcf
 .text.frame802154_parse
                0x0000d47a      0x168 build/sky/contiki-ng-sky.a(frame802154.o)
                0x0000d47a                frame802154_parse
 .text.libgcc   0x0000d5e2       0x2c /usr/local/msp430/bin/../lib/gcc/msp430/4.7.0/mmpy-16/libgcc.a(_mulsi3.o)
                0x0000d5e2                __mulsi3
 .text.libgcc   0x0000d60e       0x22 /usr/local/msp430/bin/../lib/gcc/msp430/4.7.0/mmpy-16/libgcc.a(_udivmod16.o)
                0x0000d60e                __udivhi3
                0x0000d60e                __ext_udivmod16
                0x0000d628                __umodhi3
 .text.libgcc   0x0000d630       0x3a /usr/local/msp430/bin/../lib/gcc/msp430/4.7.0/mmpy-16/libgcc.a(_divmod16.o)
                0x0000d630                __ext_divmod16
                0x0000d630                __divhi3
                0x0000d662                __modhi3
 .text.libgcc   0x0000d66a       0x40 /usr/local/msp430/bin/../lib/gcc/msp430/4.7.0/mmpy-16/libgcc.a(_udivmod32.o)
                0x0000d66a                __udivsi3
                0x0000d66a                __ext_udivmod32
                0x0000d6a0                __umodsi3
 .text.libgcc   0x0000d6aa       0x4c /usr/local/msp430/bin/../lib/gcc/msp430/4.7.0/mmpy-16/libgcc.a(_divmod32.o)
                0x0000d6aa                __ext_divmod32
                0x0000d6aa                __divsi3
                0x0000d6ec                __modsi3
 .text.printf   0x0000d6f6       0x10 /usr/local/msp430/bin/../lib/gcc/msp430/4.7.0/../../../../msp430/lib/mmpy-16/libc.a(printf.o)
                0x0000d6f6                printf
 .text.append   0x0000d706       0x22 /usr/local/msp430/bin/../lib/gcc/msp430/4.7.0/../../../../msp430/lib/mmpy-16/libc.a(sprintf.o)
 .text.call_vuprintf
                0x0000d728       0x3a /usr/local/msp430/bin/../lib/gcc/msp430/4.7.0/../../../../msp430/lib/mmpy-16/libc.a(sprintf.o)
 .text.snprintf
                0x0000d762       0x1a /usr/local/msp430/bin/../lib/gcc/msp430/4.7.0/../../../../msp430/lib/mmpy-16/libc.a(sprintf.o)
                0x0000d762                snprintf
 .text.print_field
                0x0000d77c      0x194 /usr/local/msp430/bin/../lib/gcc/msp430/4.7.0/../../../../msp430/lib/mmpy-16/libc.a(vuprintf.o)
 .text.vuprintf
                0x0000d910      0x63c /usr/local/msp430/bin/../lib/gcc/msp430/4.7.0/../../../../msp430/lib/mmpy-16/libc.a(vuprintf.o)
                0x0000d910                vuprintf
 .text.puts     0x0000df4c       0x2c /usr/local/msp430/bin/../lib/gcc/msp430/4.7.0/../../../../msp430/lib/mmpy-16/libc.a(puts.o)
                0x0000df4c                puts
 .text.rand     0x0000df78       0x26 /usr/local/msp430/bin/../lib/gcc/msp430/4.7.0/../../../../msp430/lib/mmpy-16/libc.a(rand.o)
                0x0000df78                rand
 .text.srand    0x0000df9e        0xa /usr/local/msp430/bin/../lib/gcc/msp430/4.7.0/../../../../msp430/lib/mmpy-16/libc.a(rand.o)
                0x0000df9e                srand
 .text.memcmp   0x0000dfa8       0x30 /usr/local/msp430/bin/../lib/gcc/msp430/4.7.0/../../../../msp430/lib/mmpy-16/libc.a(memcmp.o)
                0x0000dfa8                memcmp
 .text.memcpy   0x0000dfd8       0xfa /usr/local/msp430/bin/../lib/gcc/msp430/4.7.0/../../../../msp430/lib/mmpy-16/libc.a(memcpy.o)
                0x0000dfd8                memcpy
 .text.memmove  0x0000e0d2       0xfa /usr/local/msp430/bin/../lib/gcc/msp430/4.7.0/../../../../msp430/lib/mmpy-16/libc.a(memmove.o)
                0x0000e0d2                memmove
 .text.memset   0x0000e1cc       0x6a /usr/local/msp430/bin/../lib/gcc/msp430/4.7.0/../../../../msp430/lib/mmpy-16/libc.a(memset.o)
                0x0000e1cc                memset
 .text.libgcc   0x0000e236       0xf0 /usr/local/msp430/bin/../lib/gcc/msp430/4.7.0/mmpy-16/libgcc.a(_udivmod64.o)
                0x0000e236                __xabi_udivmod64
                0x0000e294                __udivdi3
                0x0000e2ba                __umoddi3
                0x0000e2e8                __udivmoddi4
 .text.crt0     0x0000e326        0x2 /usr/local/msp430/bin/../lib/gcc/msp430/4.7.0/mmpy-16/libcrt0.a(_unexpected_.o)
                0x0000e326                _unexpected_
 *(.near.text .near.text.*)

.rodata         0x0000e328      0x505
                0x0000e328                . = ALIGN (0x2)
 *(.rodata .rodata.* .gnu.linkonce.r.*)
 .rodata        0x0000e328       0x7a udp-client.o
                0x0000e392                autostart_processes
 .rodata        0x0000e3a2       0xf2 build/sky/obj/contiki-main.o
 .rodata        0x0000e494       0x31 build/sky/contiki-ng-sky.a(platform.o)
 .rodata        0x0000e4c5        0xf build/sky/contiki-ng-sky.a(ctimer.o)
 .rodata        0x0000e4d4        0xc build/sky/contiki-ng-sky.a(etimer.o)
 .rodata        0x0000e4e0       0xb2 build/sky/contiki-ng-sky.a(log.o)
 .rodata        0x0000e592        0x8 build/sky/contiki-ng-sky.a(linkaddr.o)
                0x0000e592                linkaddr_null
 .rodata        0x0000e59a       0x14 build/sky/contiki-ng-sky.a(csma.o)
                0x0000e5a0                csma_driver
 .rodata        0x0000e5ae       0x26 build/sky/contiki-ng-sky.a(sicslowpan.o)
                0x0000e5ba                sicslowpan_driver
                0x0000e5c2                llprefix
                0x0000e5c4                unc_mxconf
                0x0000e5c8                unc_ctxconf
                0x0000e5cc                unc_llconf
 .rodata        0x0000e5d4       0x13 build/sky/contiki-ng-sky.a(simple-udp.o)
 .rodata        0x0000e5e7        0xd build/sky/contiki-ng-sky.a(tcpip.o)
 .rodata        0x0000e5f4        0xb build/sky/contiki-ng-sky.a(uip6.o)
 .rodata        0x0000e5ff       0x2d build/sky/contiki-ng-sky.a(uiplib.o)
 .rodata        0x0000e62c       0x32 build/sky/contiki-ng-sky.a(rpl.o)
                0x0000e636                rpl_lite_driver
 .rodata        0x0000e65e       0xe0 build/sky/contiki-ng-sky.a(rpl-dag.o)
 .rodata        0x0000e73e       0x15 build/sky/contiki-ng-sky.a(rpl-timers.o)
 .rodata        0x0000e753       0x3f build/sky/contiki-ng-sky.a(rpl-icmp6-malic)
 .rodata        0x0000e792       0x10 build/sky/contiki-ng-sky.a(button-sensor.o)
                0x0000e79a                button_sensor
 .rodata        0x0000e7a2        0x8 build/sky/contiki-ng-sky.a(sensors.o)
 *fill*         0x0000e7aa        0x2 00
 .rodata.get_value
                0x0000e7ac       0x24 build/sky/contiki-ng-sky.a(cc2420.o)
 .rodata.set_value
                0x0000e7d0       0x10 build/sky/contiki-ng-sky.a(cc2420.o)
 .rodata        0x0000e7e0       0x3e build/sky/contiki-ng-sky.a(cc2420.o)
                0x0000e7e0                cc2420_aes_128_driver
                0x0000e7e4                cc2420_driver
 .rodata        0x0000e81e        0x6 build/sky/contiki-ng-sky.a(framer-802154.o)
                0x0000e81e                framer_802154
 .rodata        0x0000e824        0x2 build/sky/contiki-ng-sky.a(frame802154.o)
 .rodata.vuprintf
                0x0000e826        0x7 /usr/local/msp430/bin/../lib/gcc/msp430/4.7.0/../../../../msp430/lib/mmpy-16/libc.a(vuprintf.o)
 *(.near.rodata .near.rodata.*)
                0x0000e82e                . = ALIGN (0x2)
                0x0000e82e                _etext = .

.data           0x00001100      0x13a load address 0x0000e82e
                0x00001100                . = ALIGN (0x2)
                0x00001100                __data_start = .
 *(.data .data.* .gnu.linkonce.d.*)
 .data          0x00001100        0xa udp-client.o
                0x00001100                udp_client_process
 .data          0x0000110a        0x2 build/sky/contiki-ng-sky.a(msp430.o)
 .data          0x0000110c        0xa build/sky/contiki-ng-sky.a(ctimer.o)
                0x0000110c                ctimer_process
 .data          0x00001116        0xa build/sky/contiki-ng-sky.a(etimer.o)
                0x00001116                etimer_process
 .data          0x00001120       0x4a build/sky/contiki-ng-sky.a(log.o)
                0x00001120                all_modules
                0x00001168                curr_log_level_main
 .data          0x0000116a       0x10 build/sky/contiki-ng-sky.a(queuebuf.o)
 .data          0x0000117a       0x18 build/sky/contiki-ng-sky.a(csma-output.o)
 .data          0x00001192        0xa build/sky/contiki-ng-sky.a(simple-udp.o)
                0x00001192                simple_udp_process
 .data          0x0000119c        0xa build/sky/contiki-ng-sky.a(tcpip.o)
                0x0000119c                tcpip_process
 .data          0x000011a6        0x8 build/sky/contiki-ng-sky.a(uip-ds6-nbr.o)
 .data          0x000011ae        0x8 build/sky/contiki-ng-sky.a(uip-ds6-route.o)
 .data          0x000011b6        0xc build/sky/contiki-ng-sky.a(uip-icmp6.o)
 .data          0x000011c2        0x6 build/sky/contiki-ng-sky.a(uip-nd6.o)
 .data          0x000011c8       0x1e build/sky/contiki-ng-sky.a(rpl-icmp6.o)
 .data          0x000011e6       0x12 build/sky/contiki-ng-sky.a(rpl-mrhof.o)
                0x000011e6                rpl_mrhof
 .data          0x000011f8        0xa build/sky/contiki-ng-sky.a(rpl-neighbor.o)
                0x000011f8                rpl_neighbors
 .data          0x00001202        0x4 build/sky/contiki-ng-sky.a(contiki-sky-pla)
                0x00001202                sensors
 .data          0x00001206        0xa build/sky/contiki-ng-sky.a(sensors.o)
                0x00001206                sensors_process
 .data          0x00001210        0xc build/sky/contiki-ng-sky.a(cc2420.o)
                0x00001210                cc2420_process
 .data          0x0000121c        0x8 build/sky/contiki-ng-sky.a(link-stats.o)
 .data          0x00001224        0x8 build/sky/contiki-ng-sky.a(nbr-table.o)
 .data          0x0000122c        0x8 build/sky/contiki-ng-sky.a(uip-sr.o)
 .data          0x00001234        0x2 build/sky/contiki-ng-sky.a(frame802154.o)
 .data.next     0x00001236        0x4 /usr/local/msp430/bin/../lib/gcc/msp430/4.7.0/../../../../msp430/lib/mmpy-16/libc.a(rand.o)
 *(.near.data .near.data.*)
                0x0000123a                . = ALIGN (0x2)
                0x0000123a                _edata = .
                0x0000e82e                __data_load_start = LOADADDR (.data)
                0x0000013a                __data_size = SIZEOF (.data)

.bss            0x0000123a     0x1b76 load address 0x0000e968
                0x0000123a                __bss_start = .
 *(.bss .bss.*)
 .bss           0x0000123a       0x4a udp-client.o
 .bss           0x00001284        0x8 build/sky/contiki-ng-sky.a(platform.o)
 .bss           0x0000128c        0xa build/sky/contiki-ng-sky.a(clock.o)
 .bss           0x00001296        0x2 build/sky/contiki-ng-sky.a(watchdog.o)
 .bss           0x00001298        0x4 build/sky/contiki-ng-sky.a(ctimer.o)
 .bss           0x0000129c        0x6 build/sky/contiki-ng-sky.a(etimer.o)
 .bss           0x000012a2       0x14 build/sky/contiki-ng-sky.a(log.o)
                0x000012a2                curr_log_level_lwm2m
                0x000012a4                curr_log_level_coap
                0x000012a6                curr_log_level_6top
                0x000012a8                curr_log_level_framer
                0x000012aa                curr_log_level_mac
                0x000012ac                curr_log_level_nullnet
                0x000012ae                curr_log_level_6lowpan
                0x000012b0                curr_log_level_ipv6
                0x000012b2                curr_log_level_tcpip
                0x000012b4                curr_log_level_rpl
 .bss           0x000012b6        0x2 build/sky/contiki-ng-sky.a(node-id.o)
                0x000012b6                node_id
 .bss           0x000012b8       0xc8 build/sky/contiki-ng-sky.a(process.o)
                0x000012b8                process_current
                0x000012ba                process_list
 .bss           0x00001380        0x2 build/sky/contiki-ng-sky.a(rtimer.o)
 .bss           0x00001382        0x2 build/sky/contiki-ng-sky.a(netstack.o)
 .bss           0x00001384      0x580 build/sky/contiki-ng-sky.a(queuebuf.o)
 .bss           0x00001904       0xbe build/sky/contiki-ng-sky.a(csma-output.o)
 .bss           0x000019c2      0x6e0 build/sky/contiki-ng-sky.a(sicslowpan.o)
 .bss           0x000020a2       0xf1 build/sky/contiki-ng-sky.a(simple-udp.o)
 *fill*         0x00002193        0x1 00
 .bss           0x00002194        0xc build/sky/contiki-ng-sky.a(tcpip.o)
 .bss           0x000021a0        0x8 build/sky/contiki-ng-sky.a(uip6.o)
                0x000021a0                uip_last_proto
                0x000021a2                uip_ext_len
                0x000021a4                uip_ext_bitmap
 .bss           0x000021a8       0x18 build/sky/contiki-ng-sky.a(uipbuf.o)
 .bss           0x000021c0       0x28 build/sky/contiki-ng-sky.a(uip-ds6.o)
 .bss           0x000021e8      0x120 build/sky/contiki-ng-sky.a(uip-ds6-nbr.o)
 .bss           0x00002308       0x3c build/sky/contiki-ng-sky.a(uip-ds6-route.o)
 .bss           0x00002344       0x14 build/sky/contiki-ng-sky.a(uip-icmp6.o)
 .bss           0x00002358        0x8 build/sky/contiki-ng-sky.a(uip-nd6.o)
 .bss           0x00002360        0x1 build/sky/contiki-ng-sky.a(rpl.o)
 *fill*         0x00002361        0x1 00
 .bss           0x00002362       0x12 build/sky/contiki-ng-sky.a(rpl-dag-root.o)
 .bss           0x00002374       0x80 build/sky/contiki-ng-sky.a(rpl-neighbor.o)
 .bss           0x000023f4       0x28 build/sky/contiki-ng-sky.a(rpl-timers.o)
 .bss           0x0000241c        0x8 build/sky/contiki-ng-sky.a(button-sensor.o)
 .bss           0x00002424        0x6 build/sky/contiki-ng-sky.a(sensors.o)
 .bss           0x0000242a       0x10 build/sky/contiki-ng-sky.a(cc2420.o)
 .bss           0x0000243a       0x9a build/sky/contiki-ng-sky.a(uart1.o)
 .bss           0x000024d4       0xa0 build/sky/contiki-ng-sky.a(link-stats.o)
 .bss           0x00002574       0xe4 build/sky/contiki-ng-sky.a(nbr-table.o)
 .bss           0x00002658       0x86 build/sky/contiki-ng-sky.a(packetbuf.o)
 .bss           0x000026de       0xe0 build/sky/contiki-ng-sky.a(mac-sequence.o)
 .bss           0x000027be        0x2 build/sky/contiki-ng-sky.a(framer-802154.o)
 .bss           0x000027c0      0x134 build/sky/contiki-ng-sky.a(uip-sr.o)
 .bss           0x000028f4        0x8 build/sky/contiki-ng-sky.a(rpl-nbr-policy.)
 .bss.destination_
                0x000028fc        0x2 /usr/local/msp430/bin/../lib/gcc/msp430/4.7.0/../../../../msp430/lib/mmpy-16/libc.a(sprintf.o)
 .bss.available_
                0x000028fe        0x2 /usr/local/msp430/bin/../lib/gcc/msp430/4.7.0/../../../../msp430/lib/mmpy-16/libc.a(sprintf.o)
 *(.near.bss .near.bss.*)
 *(COMMON)
 COMMON         0x00002900        0xe udp-client.o
                0x00002900                selector
                0x00002902                icmp_dropped
                0x00002904                malicious_nodes_list
                0x00002906                icmp_forwarded
                0x00002908                legitimate_nodes_list
                0x0000290a                flood
                0x0000290c                dis_sent_flood
 COMMON         0x0000290e        0x2 build/sky/contiki-ng-sky.a(msp430.o)
                0x0000290e                msp430_dco_required
 COMMON         0x00002910        0x8 build/sky/contiki-ng-sky.a(linkaddr.o)
                0x00002910                linkaddr_node_addr
 COMMON         0x00002918        0x1 build/sky/contiki-ng-sky.a(tcpip.o)
                0x00002918                tcpip_event
 *fill*         0x00002919        0x1 00
 COMMON         0x0000291a      0x1d6 build/sky/contiki-ng-sky.a(uip6.o)
                0x0000291a                uip_len
                0x0000291c                uip_sappdata
                0x0000291e                uip_lladdr
                0x00002926                uip_aligned_buf
                0x00002a16                uip_flags
                0x00002a18                uip_udp_conn
                0x00002a1a                uip_appdata
                0x00002a1c                uip_conn
                0x00002a1e                uip_slen
                0x00002a20                uip_udp_conns
 COMMON         0x00002af0      0x15c build/sky/contiki-ng-sky.a(uip-ds6.o)
                0x00002af0                uip_ds6_timer_ra