Archive member included because of file (symbol)

build/z1/contiki-ng-z1.a(uart0-putchar.o)
                              udp-server.o (putchar)
build/z1/contiki-ng-z1.a(platform.o)
                              build/z1/obj/contiki-main.o (platform_init_stage_one)
build/z1/contiki-ng-z1.a(msp430.o)
                              build/z1/contiki-ng-z1.a(platform.o) (msp430_dco_required)
build/z1/contiki-ng-z1.a(clock.o)
                              build/z1/obj/contiki-main.o (clock_init)
build/z1/contiki-ng-z1.a(watchdog.o)
                              build/z1/obj/contiki-main.o (watchdog_start)
build/z1/contiki-ng-z1.a(autostart.o)
                              build/z1/obj/contiki-main.o (autostart_start)
build/z1/contiki-ng-z1.a(ctimer.o)
                              build/z1/obj/contiki-main.o (ctimer_init)
build/z1/contiki-ng-z1.a(energest.o)
                              build/z1/obj/contiki-main.o (energest_init)
build/z1/contiki-ng-z1.a(etimer.o)
                              build/z1/contiki-ng-z1.a(clock.o) (etimer_request_poll)
build/z1/contiki-ng-z1.a(log.o)
                              udp-server.o (log_6addr)
build/z1/contiki-ng-z1.a(node-id.o)
                              build/z1/obj/contiki-main.o (node_id_init)
build/z1/contiki-ng-z1.a(process.o)
                              build/z1/contiki-ng-z1.a(ctimer.o) (process_current)
build/z1/contiki-ng-z1.a(rtimer.o)
                              build/z1/obj/contiki-main.o (rtimer_init)
build/z1/contiki-ng-z1.a(stack-check.o)
                              build/z1/obj/contiki-main.o (stack_check_init)
build/z1/contiki-ng-z1.a(timer.o)
                              build/z1/contiki-ng-z1.a(platform.o) (timer_set)
build/z1/contiki-ng-z1.a(list.o)
                              build/z1/contiki-ng-z1.a(ctimer.o) (list_init)
build/z1/contiki-ng-z1.a(random.o)
                              build/z1/contiki-ng-z1.a(platform.o) (random_init)
build/z1/contiki-ng-z1.a(linkaddr.o)
                              build/z1/contiki-ng-z1.a(platform.o) (linkaddr_copy)
build/z1/contiki-ng-z1.a(netstack.o)
                              build/z1/obj/contiki-main.o (netstack_init)
build/z1/contiki-ng-z1.a(queuebuf.o)
                              build/z1/obj/contiki-main.o (queuebuf_init)
build/z1/contiki-ng-z1.a(csma.o)
                              build/z1/obj/contiki-main.o (csma_driver)
build/z1/contiki-ng-z1.a(csma-output.o)
                              build/z1/contiki-ng-z1.a(csma.o) (csma_output_packet)
build/z1/contiki-ng-z1.a(csma-security.o)
                              build/z1/contiki-ng-z1.a(csma-output.o) (csma_security_create_frame)
build/z1/contiki-ng-z1.a(sicslowpan.o)
                              build/z1/obj/contiki-main.o (sicslowpan_driver)
build/z1/contiki-ng-z1.a(simple-udp.o)
                              udp-server.o (simple_udp_sendto)
build/z1/contiki-ng-z1.a(tcpip.o)
                              build/z1/contiki-ng-z1.a(simple-udp.o) (udp_new)
build/z1/contiki-ng-z1.a(uip6.o)
                              build/z1/contiki-ng-z1.a(sicslowpan.o) (uip_aligned_buf)
build/z1/contiki-ng-z1.a(uipbuf.o)
                              build/z1/contiki-ng-z1.a(uip6.o) (uipbuf_add_ext_hdr)
build/z1/contiki-ng-z1.a(uip-ds6.o)
                              build/z1/contiki-ng-z1.a(tcpip.o) (uip_ds6_is_addr_onlink)
build/z1/contiki-ng-z1.a(uip-ds6-nbr.o)
                              build/z1/contiki-ng-z1.a(uip-ds6.o) (uip_ds6_neighbors_init)
build/z1/contiki-ng-z1.a(uip-ds6-route.o)
                              build/z1/contiki-ng-z1.a(uip-ds6.o) (uip_ds6_route_init)
build/z1/contiki-ng-z1.a(uip-icmp6.o)
                              build/z1/contiki-ng-z1.a(uip6.o) (uip_icmp6_input)
build/z1/contiki-ng-z1.a(uiplib.o)
                              build/z1/contiki-ng-z1.a(log.o) (uiplib_ipaddr_snprint)
build/z1/contiki-ng-z1.a(uip-nd6.o)
                              build/z1/contiki-ng-z1.a(uip6.o) (uip_nd6_init)
build/z1/contiki-ng-z1.a(uip-udp-packet.)
                              build/z1/contiki-ng-z1.a(simple-udp.o) (uip_udp_packet_sendto)
build/z1/contiki-ng-z1.a(rpl.o)
                              udp-server.o (rpl_lite_driver)
build/z1/contiki-ng-z1.a(rpl-dag.o)
                              build/z1/contiki-ng-z1.a(rpl.o) (curr_instance)
build/z1/contiki-ng-z1.a(rpl-dag-root.o)
                              build/z1/contiki-ng-z1.a(rpl.o) (rpl_dag_root_set_prefix)
build/z1/contiki-ng-z1.a(rpl-ext-header.)
                              build/z1/contiki-ng-z1.a(rpl.o) (rpl_ext_header_srh_get_next_hop)
build/z1/contiki-ng-z1.a(rpl-icmp6.o)
                              build/z1/contiki-ng-z1.a(rpl.o) (rpl_icmp6_set_malicious)
build/z1/contiki-ng-z1.a(rpl-mrhof.o)
                              build/z1/contiki-ng-z1.a(rpl-dag.o) (rpl_mrhof)
build/z1/contiki-ng-z1.a(rpl-neighbor.o)
                              build/z1/contiki-ng-z1.a(rpl-dag.o) (rpl_neighbors)
build/z1/contiki-ng-z1.a(rpl-timers.o)
[...]
Memory Configuration

Name             Origin             Length             Attributes
sfr              0x00000000         0x00000010
peripheral_8bit  0x00000010         0x000000f0
peripheral_16bit 0x00000100         0x00000100
ram_mirror       0x00000200         0x00000800         xw
infomem          0x00001000         0x00000100
infod            0x00001000         0x00000040
infoc            0x00001040         0x00000040
infob            0x00001080         0x00000040
infoa            0x000010c0         0x00000040
ram              0x00001100         0x00002000         xw
rom              0x00003100         0x0000cebe         xr
vectors          0x0000ffc0         0x00000040
far_rom          0x00010000         0x0000a000
bsl              0x00000000         0x00000000
ram2             0x00000000         0x00000000         xw
usbram           0x00000000         0x00000000         xw
*default*        0x00000000         0xffffffff

Linker script and memory map

LOAD /usr/local/msp430/bin/../lib/gcc/msp430/4.7.0/mcpu-430x/mmpy-16/msr20/mc20/crt0ivtbl32.o
                0x00000041                __P1SEL2 = 0x41
                0x00000045                __P5SEL2 = 0x45
                0x00002ab8                _stack = _end
LOAD udp-server.o
LOAD build/z1/obj/contiki-main.o
LOAD build/z1/contiki-ng-z1.a
LOAD /usr/local/msp430/bin/../lib/gcc/msp430/4.7.0/mcpu-430x/mmpy-16/msr20/mc20/libgcc.a
LOAD /usr/local/msp430/bin/../lib/gcc/msp430/4.7.0/../../../../msp430/lib/mcpu-430x/mmpy-16/msr20/mc20/libc.a
LOAD /usr/local/msp430/bin/../lib/gcc/msp430/4.7.0/mcpu-430x/mmpy-16/msr20/mc20/libgcc.a
LOAD /usr/local/msp430/bin/../lib/gcc/msp430/4.7.0/mcpu-430x/mmpy-16/msr20/mc20/libcrt0.a
                0x00000040                PROVIDE (__info_segment_size, 0x40)
                0x00001000                PROVIDE (__infod, 0x1000)
                0x00001040                PROVIDE (__infoc, 0x1040)
                0x00001080                PROVIDE (__infob, 0x1080)
                0x000010c0                PROVIDE (__infoa, 0x10c0)
                0x00000000                __IE1 = 0x0
                0x00000002                __IFG1 = 0x2
                0x00000001                __IE2 = 0x1
                0x00000003                __IFG2 = 0x3
                0x00000006                __UC1IE = 0x6
                0x00000007                __UC1IFG = 0x7
                0x000001a0                __ADC12CTL0 = 0x1a0
                0x000001a2                __ADC12CTL1 = 0x1a2
                0x000001a4                __ADC12IFG = 0x1a4
                0x000001a6                __ADC12IE = 0x1a6
                0x000001a8                __ADC12IV = 0x1a8
                0x00000140                __ADC12MEM0 = 0x140
                0x00000142                __ADC12MEM1 = 0x142
                0x00000144                __ADC12MEM2 = 0x144
                0x00000146                __ADC12MEM3 = 0x146
                0x00000148                __ADC12MEM4 = 0x148
                0x0000014a                __ADC12MEM5 = 0x14a
                0x0000014c                __ADC12MEM6 = 0x14c
                0x0000014e                __ADC12MEM7 = 0x14e
                0x00000150                __ADC12MEM8 = 0x150
                0x00000152                __ADC12MEM9 = 0x152
                0x00000154                __ADC12MEM10 = 0x154
                0x00000156                __ADC12MEM11 = 0x156
                0x00000158                __ADC12MEM12 = 0x158
                0x0000015a                __ADC12MEM13 = 0x15a
                0x0000015c                __ADC12MEM14 = 0x15c
                0x0000015e                __ADC12MEM15 = 0x15e
                0x00000080                __ADC12MCTL0 = 0x80
                0x00000081                __ADC12MCTL1 = 0x81
                0x00000082                __ADC12MCTL2 = 0x82
                0x00000083                __ADC12MCTL3 = 0x83
                0x00000084                __ADC12MCTL4 = 0x84
                0x00000085                __ADC12MCTL5 = 0x85
                0x00000086                __ADC12MCTL6 = 0x86
                0x00000087                __ADC12MCTL7 = 0x87
                0x00000088                __ADC12MCTL8 = 0x88
                0x00000089                __ADC12MCTL9 = 0x89
                0x0000008a                __ADC12MCTL10 = 0x8a
                0x0000008b                __ADC12MCTL11 = 0x8b
                0x0000008c                __ADC12MCTL12 = 0x8c
                0x0000008d                __ADC12MCTL13 = 0x8d
                0x0000008e                __ADC12MCTL14 = 0x8e
                0x0000008f                __ADC12MCTL15 = 0x8f
                0x00000056                __DCOCTL = 0x56
                0x00000057                __BCSCTL1 = 0x57
                0x00000058                __BCSCTL2 = 0x58
                0x00000053                __BCSCTL3 = 0x53
                0x00000059                __CACTL1 = 0x59
                0x0000005a                __CACTL2 = 0x5a
                0x0000005b                __CAPD = 0x5b
                0x000001c0                __DAC12_0CTL = 0x1c0
                0x000001c2                __DAC12_1CTL = 0x1c2
                0x000001c8                __DAC12_0DAT = 0x1c8
                0x000001ca                __DAC12_1DAT = 0x1ca
                0x00000122                __DMACTL0 = 0x122
                0x00000124                __DMACTL1 = 0x124
                0x00000126                __DMAIV = 0x126
                0x000001d0                __DMA0CTL = 0x1d0
                0x000001dc                __DMA1CTL = 0x1dc
                0x000001e8                __DMA2CTL = 0x1e8
                0x000001d2                __DMA0SA = 0x1d2
                0x000001d2                __DMA0SAL = 0x1d2
                0x000001d6                __DMA0DA = 0x1d6
                0x000001d6                __DMA0DAL = 0x1d6
                0x000001da                __DMA0SZ = 0x1da
                0x000001de                __DMA1SA = 0x1de
                0x000001de                __DMA1SAL = 0x1de
                0x000001e2                __DMA1DA = 0x1e2
                0x000001e2                __DMA1DAL = 0x1e2
                0x000001e6                __DMA1SZ = 0x1e6
                0x000001ea                __DMA2SA = 0x1ea
                0x000001ea                __DMA2SAL = 0x1ea
                0x000001ee                __DMA2DA = 0x1ee
                0x000001ee                __DMA2DAL = 0x1ee
                0x000001f2                __DMA2SZ = 0x1f2
                0x00000128                __FCTL1 = 0x128
                0x0000012a                __FCTL2 = 0x12a
                0x0000012c                __FCTL3 = 0x12c
                0x000001be                __FCTL4 = 0x1be
                0x00000130                __MPY = 0x130
                0x00000132                __MPYS = 0x132
                0x00000134                __MAC = 0x134
                0x00000136                __MACS = 0x136
                0x00000138                __OP2 = 0x138
                0x0000013a                __RESLO = 0x13a
                0x0000013c                __RESHI = 0x13c
                0x0000013e                __SUMEXT = 0x13e
                0x00000020                __P1IN = 0x20
                0x00000021                __P1OUT = 0x21
                0x00000022                __P1DIR = 0x22
                0x00000023                __P1IFG = 0x23
                0x00000024                __P1IES = 0x24
                0x00000025                __P1IE = 0x25
                0x00000026                __P1SEL = 0x26
                0x00000027                __P1REN = 0x27
                0x00000028                __P2IN = 0x28
                0x00000029                __P2OUT = 0x29
                0x0000002a                __P2DIR = 0x2a
                0x0000002b                __P2IFG = 0x2b
                0x0000002c                __P2IES = 0x2c
                0x0000002d                __P2IE = 0x2d
                0x0000002e                __P2SEL = 0x2e
                0x0000002f                __P2REN = 0x2f
                0x00000018                __P3IN = 0x18
                0x00000019                __P3OUT = 0x19
                0x0000001a                __P3DIR = 0x1a
                0x0000001b                __P3SEL = 0x1b
                0x00000010                __P3REN = 0x10
                0x0000001c                __P4IN = 0x1c
                0x0000001d                __P4OUT = 0x1d
                0x0000001e                __P4DIR = 0x1e
                0x0000001f                __P4SEL = 0x1f
                0x00000011                __P4REN = 0x11
                0x00000030                __P5IN = 0x30
                0x00000031                __P5OUT = 0x31
                0x00000032                __P5DIR = 0x32
                0x00000033                __P5SEL = 0x33
                0x00000012                __P5REN = 0x12
                0x00000034                __P6IN = 0x34
                0x00000035                __P6OUT = 0x35
                0x00000036                __P6DIR = 0x36
                0x00000037                __P6SEL = 0x37
                0x00000013                __P6REN = 0x13
                0x00000038                __P7IN = 0x38
                0x0000003a                __P7OUT = 0x3a
                0x0000003c                __P7DIR = 0x3c
                0x0000003e                __P7SEL = 0x3e
                0x00000014                __P7REN = 0x14
                0x00000039                __P8IN = 0x39
                0x0000003b                __P8OUT = 0x3b
                0x0000003d                __P8DIR = 0x3d
                0x0000003f                __P8SEL = 0x3f
                0x00000015                __P8REN = 0x15
                0x00000038                __PAIN = 0x38
                0x0000003a                __PAOUT = 0x3a
                0x0000003c                __PADIR = 0x3c
                0x0000003e                __PASEL = 0x3e
                0x00000014                __PAREN = 0x14
                0x00000055                __SVSCTL = 0x55
                0x0000012e                __TAIV = 0x12e
                0x00000160                __TACTL = 0x160
                0x00000162                __TACCTL0 = 0x162
                0x00000164                __TACCTL1 = 0x164
                0x00000166                __TACCTL2 = 0x166
                0x00000170                __TAR = 0x170
                0x00000172                __TACCR0 = 0x172
                0x00000174                __TACCR1 = 0x174
                0x00000176                __TACCR2 = 0x176
                0x0000011e                __TBIV = 0x11e
                0x00000180                __TBCTL = 0x180
                0x00000182                __TBCCTL0 = 0x182
                0x00000184                __TBCCTL1 = 0x184
                0x00000186                __TBCCTL2 = 0x186
                0x00000188                __TBCCTL3 = 0x188
                0x0000018a                __TBCCTL4 = 0x18a
                0x0000018c                __TBCCTL5 = 0x18c
                0x0000018e                __TBCCTL6 = 0x18e
                0x00000190                __TBR = 0x190
                0x00000192                __TBCCR0 = 0x192
                0x00000194                __TBCCR1 = 0x194
                0x00000196                __TBCCR2 = 0x196
                0x00000198                __TBCCR3 = 0x198
                0x0000019a                __TBCCR4 = 0x19a
                0x0000019c                __TBCCR5 = 0x19c
                0x0000019e                __TBCCR6 = 0x19e
                0x00000060                __UCA0CTL0 = 0x60
                0x00000061                __UCA0CTL1 = 0x61
                0x00000062                __UCA0BR0 = 0x62
                0x00000063                __UCA0BR1 = 0x63
                0x00000064                __UCA0MCTL = 0x64
                0x00000065                __UCA0STAT = 0x65
                0x00000066                __UCA0RXBUF = 0x66
                0x00000067                __UCA0TXBUF = 0x67
                0x0000005d                __UCA0ABCTL = 0x5d
                0x0000005e                __UCA0IRTCTL = 0x5e
                0x0000005f                __UCA0IRRCTL = 0x5f
                0x00000068                __UCB0CTL0 = 0x68
                0x00000069                __UCB0CTL1 = 0x69
                0x0000006a                __UCB0BR0 = 0x6a
                0x0000006b                __UCB0BR1 = 0x6b
                0x0000006c                __UCB0I2CIE = 0x6c
                0x0000006d                __UCB0STAT = 0x6d
                0x0000006e                __UCB0RXBUF = 0x6e
                0x0000006f                __UCB0TXBUF = 0x6f
                0x00000118                __UCB0I2COA = 0x118
                0x0000011a                __UCB0I2CSA = 0x11a
                0x000000d0                __UCA1CTL0 = 0xd0
                0x000000d1                __UCA1CTL1 = 0xd1
                0x000000d2                __UCA1BR0 = 0xd2
                0x000000d3                __UCA1BR1 = 0xd3
                0x000000d4                __UCA1MCTL = 0xd4
                0x000000d5                __UCA1STAT = 0xd5
                0x000000d6                __UCA1RXBUF = 0xd6
                0x000000d7                __UCA1TXBUF = 0xd7
                0x000000cd                __UCA1ABCTL = 0xcd
                0x000000ce                __UCA1IRTCTL = 0xce
                0x000000cf                __UCA1IRRCTL = 0xcf
                0x000000d8                __UCB1CTL0 = 0xd8
                0x000000d9                __UCB1CTL1 = 0xd9
                0x000000da                __UCB1BR0 = 0xda
                0x000000db                __UCB1BR1 = 0xdb
                0x000000dc                __UCB1I2CIE = 0xdc
                0x000000dd                __UCB1STAT = 0xdd
                0x000000de                __UCB1RXBUF = 0xde
                0x000000df                __UCB1TXBUF = 0xdf
                0x0000017c                __UCB1I2COA = 0x17c
                0x0000017e                __UCB1I2CSA = 0x17e
                0x00000120                __WDTCTL = 0x120
                0x000010c0                __TLV_CHECKSUM = 0x10c0
                0x000010f6                __TLV_DCO_30_TAG = 0x10f6
                0x000010f7                __TLV_DCO_30_LEN = 0x10f7
                0x000010da                __TLV_ADC12_1_TAG = 0x10da
                0x000010db                __TLV_ADC12_1_LEN = 0x10db
                0x000010f8                __CALDCO_16MHZ = 0x10f8
                0x000010f9                __CALBC1_16MHZ = 0x10f9
                0x000010fa                __CALDCO_12MHZ = 0x10fa
                0x000010fb                __CALBC1_12MHZ = 0x10fb
                0x000010fc                __CALDCO_8MHZ = 0x10fc
                0x000010fd                __CALBC1_8MHZ = 0x10fd
                0x000010fe                __CALDCO_1MHZ = 0x10fe
                0x000010ff                __CALBC1_1MHZ = 0x10ff

.hash
 *(.hash)

.dynsym
 *(.dynsym)

.dynstr
 *(.dynstr)

.gnu.version
 *(.gnu.version)

.gnu.version_d
 *(.gnu.version_d)

.gnu.version_r
 *(.gnu.version_r)

.rel.init
 *(.rel.init)

.rela.init
 *(.rela.init)

.rel.fini
 *(.rel.fini)

.rela.fini
 *(.rela.fini)

.rel.text
 *(.rel.text .rel.text.* .rel.gnu.linkonce.t.*)

.rela.text
 *(.rela.text .rela.text.* .rela.gnu.linkonce.t.*)

.rel.rodata
 *(.rel.rodata .rel.rodata.* .rel.gnu.linkonce.r.*)

.rela.rodata
 *(.rela.rodata .rela.rodata.* .rela.gnu.linkonce.r.*)

.rel.data
 *(.rel.data .rel.data.* .rel.gnu.linkonce.d.*)

.rela.data
 *(.rela.data .rela.data.* .rela.gnu.linkonce.d.*)

.rel.bss
 *(.rel.bss .rel.bss.* .rel.gnu.linkonce.b.*)

.rela.bss
 *(.rela.bss .rela.bss.* .rela.gnu.linkonce.b.*)

.rel.ctors
 *(.rel.ctors)

.rela.ctors
 *(.rela.ctors)

.rel.dtors
 *(.rel.dtors)

.rela.dtors
 *(.rela.dtors)

.rel.got
 *(.rel.got)

.rela.got
 *(.rela.got)

.rel.plt
 *(.rel.plt)

.rela.plt
 *(.rela.plt)

.text           0x00003100     0xa33c
                0x00003100                . = ALIGN (0x2)
 *(.init .init.*)
 *(.init0)
 .init0         0x00003100        0x0 /usr/local/msp430/bin/../lib/gcc/msp430/4.7.0/mcpu-430x/mmpy-16/msr20/mc20/libcrt0.a(_reset_vector__.o)
                0x00003100                _reset_vector__
 *(.init1)
 .init1         0x00003100        0xc /usr/local/msp430/bin/../lib/gcc/msp430/4.7.0/mcpu-430x/mmpy-16/msr20/mc20/libcrt0.a(__watchdog_support.o)
                0x00003100                __watchdog_support
 *(.init2)
 .init2         0x0000310c        0x4 /usr/local/msp430/bin/../lib/gcc/msp430/4.7.0/mcpu-430x/mmpy-16/msr20/mc20/libcrt0.a(__init_stack.o)
                0x0000310c                __init_stack
 *(.init3)
 .init3         0x00003110        0x0 /usr/local/msp430/bin/../lib/gcc/msp430/4.7.0/mcpu-430x/mmpy-16/msr20/mc20/libcrt0.a(__low_level_init.o)
                0x00003110                __low_level_init
 *(.init4)
 .init4         0x00003110       0x18 /usr/local/msp430/bin/../lib/gcc/msp430/4.7.0/mcpu-430x/mmpy-16/msr20/mc20/libcrt0.a(_copy_data.o)
                0x00003110                __do_copy_data
 .init4         0x00003128       0x16 /usr/local/msp430/bin/../lib/gcc/msp430/4.7.0/mcpu-430x/mmpy-16/msr20/mc20/libcrt0.a(_clear_bss.o)
                0x00003128                __do_clear_bss
 *(.init5)
 *(.init6)
 *(.init7)
 *(.init8)
 *(.init9)
 .init9         0x0000313e      0x232 build/z1/obj/contiki-main.o
                0x0000313e                main
 *(.fini9)
 .fini9         0x00003370        0x0 /usr/local/msp430/bin/../lib/gcc/msp430/4.7.0/mcpu-430x/mmpy-16/msr20/mc20/libcrt0.a(__stop_progExec__.o)
                0x00003370                __stop_progExec__
 *(.fini8)
 *(.fini7)
 *(.fini6)
 *(.fini5)
 *(.fini4)
 *(.fini3)
 *(.fini2)
 *(.fini1)
 *(.fini0)
 .fini0         0x00003370        0x6 /usr/local/msp430/bin/../lib/gcc/msp430/4.7.0/mcpu-430x/mmpy-16/msr20/mc20/libcrt0.a(_endless_loop__.o)
                0x00003370                _endless_loop__
 *(.fini .fini.*)
                0x00003376                . = ALIGN (0x2)
                0x00003376                __ctors_start = .
 *(.ctors)
                0x00003376                __ctors_end = .
                0x00003376                __dtors_start = .
 *(.dtors)
                0x00003376                __dtors_end = .
                0x00003376                . = ALIGN (0x2)
 *(.text .text.* .gnu.linkonce.t.*)
 .text          0x00003376        0x4 /usr/local/msp430/bin/../lib/gcc/msp430/4.7.0/mcpu-430x/mmpy-16/msr20/mc20/crt0ivtbl32.o
                0x00003376                __isr_14
                0x00003376                __isr_4
                0x00003376                __isr_29
                0x00003376                __isr_11
                0x00003376                __isr_5
                0x00003376                __isr_2
                0x00003376                __isr_10
                0x00003376                __isr_7
                0x00003376                __isr_0
                0x00003376                __isr_28
                0x00003376                __isr_8
                0x00003376                __isr_20
                0x00003376                __isr_3
                0x00003376                __isr_12
                0x00003376                __isr_13
                0x00003376                __isr_27
                0x00003376                __isr_9
                0x00003376                __isr_30
                0x00003376                __isr_6
                0x00003376                __isr_22
                0x00003376                __isr_1
                0x00003376                __isr_15
                0x00003376                __isr_21
 .text.libgcc   0x0000337a       0x26 /usr/local/msp430/bin/../lib/gcc/msp430/4.7.0/mcpu-430x/mmpy-16/msr20/mc20/libgcc.a(_mulsi3.o)
                0x0000337a                __mulsi3
 .text.libgcc   0x000033a0       0x22 /usr/local/msp430/bin/../lib/gcc/msp430/4.7.0/mcpu-430x/mmpy-16/msr20/mc20/libgcc.a(_udivmod16.o)
                0x000033a0                __udivhi3
                0x000033a0                __ext_udivmod16
                0x000033ba                __umodhi3
 .text.libgcc   0x000033c2       0x3a /usr/local/msp430/bin/../lib/gcc/msp430/4.7.0/mcpu-430x/mmpy-16/msr20/mc20/libgcc.a(_divmod16.o)
                0x000033c2                __ext_divmod16
                0x000033c2                __divhi3
                0x000033f4                __modhi3
 .text.libgcc   0x000033fc       0x38 /usr/local/msp430/bin/../lib/gcc/msp430/4.7.0/mcpu-430x/mmpy-16/msr20/mc20/libgcc.a(_udivmod32.o)
                0x000033fc                __udivsi3
                0x000033fc                __ext_udivmod32
                0x0000342a                __umodsi3
 .text.libgcc   0x00003434       0x4c /usr/local/msp430/bin/../lib/gcc/msp430/4.7.0/mcpu-430x/mmpy-16/msr20/mc20/libgcc.a(_divmod32.o)
                0x00003434                __ext_divmod32
                0x00003434                __divsi3
                0x00003476                __modsi3
 .text.printf   0x00003480       0x10 /usr/local/msp430/bin/../lib/gcc/msp430/4.7.0/../../../../msp430/lib/mcpu-430x/mmpy-16/msr20/mc20/libc.a(printf.o)
                0x00003480                printf
 .text.append   0x00003490       0x22 /usr/local/msp430/bin/../lib/gcc/msp430/4.7.0/../../../../msp430/lib/mcpu-430x/mmpy-16/msr20/mc20/libc.a(sprintf.o)
 .text.call_vuprintf
                0x000034b2       0x36 /usr/local/msp430/bin/../lib/gcc/msp430/4.7.0/../../../../msp430/lib/mcpu-430x/mmpy-16/msr20/mc20/libc.a(sprintf.o)
 .text.snprintf
                0x000034e8       0x1c /usr/local/msp430/bin/../lib/gcc/msp430/4.7.0/../../../../msp430/lib/mcpu-430x/mmpy-16/msr20/mc20/libc.a(sprintf.o)
                0x000034e8                snprintf
 .text.print_field
                0x00003504      0x176 /usr/local/msp430/bin/../lib/gcc/msp430/4.7.0/../../../../msp430/lib/mcpu-430x/mmpy-16/msr20/mc20/libc.a(vuprintf.o)
 .text.vuprintf
                0x0000367a      0x74c /usr/local/msp430/bin/../lib/gcc/msp430/4.7.0/../../../../msp430/lib/mcpu-430x/mmpy-16/msr20/mc20/libc.a(vuprintf.o)
                0x0000367a                vuprintf
 .text.puts     0x00003dc6       0x2c /usr/local/msp430/bin/../lib/gcc/msp430/4.7.0/../../../../msp430/lib/mcpu-430x/mmpy-16/msr20/mc20/libc.a(puts.o)
                0x00003dc6                puts
 .text.rand     0x00003df2       0x26 /usr/local/msp430/bin/../lib/gcc/msp430/4.7.0/../../../../msp430/lib/mcpu-430x/mmpy-16/msr20/mc20/libc.a(rand.o)
                0x00003df2                rand
 .text.srand    0x00003e18        0xa /usr/local/msp430/bin/../lib/gcc/msp430/4.7.0/../../../../msp430/lib/mcpu-430x/mmpy-16/msr20/mc20/libc.a(rand.o)
                0x00003e18                srand
 .text.memcmp   0x00003e22       0x2c /usr/local/msp430/bin/../lib/gcc/msp430/4.7.0/../../../../msp430/lib/mcpu-430x/mmpy-16/msr20/mc20/libc.a(memcmp.o)
                0x00003e22                memcmp
 .text.memcpy   0x00003e4e       0xe8 /usr/local/msp430/bin/../lib/gcc/msp430/4.7.0/../../../../msp430/lib/mcpu-430x/mmpy-16/msr20/mc20/libc.a(memcpy.o)
                0x00003e4e                memcpy
 .text.memmove  0x00003f36       0xe8 /usr/local/msp430/bin/../lib/gcc/msp430/4.7.0/../../../../msp430/lib/mcpu-430x/mmpy-16/msr20/mc20/libc.a(memmove.o)
                0x00003f36                memmove
 .text.memset   0x0000401e       0x5c /usr/local/msp430/bin/../lib/gcc/msp430/4.7.0/../../../../msp430/lib/mcpu-430x/mmpy-16/msr20/mc20/libc.a(memset.o)
                0x0000401e                memset
 .text.libgcc   0x0000407a       0xbc /usr/local/msp430/bin/../lib/gcc/msp430/4.7.0/mcpu-430x/mmpy-16/msr20/mc20/libgcc.a(_udivmod64.o)
                0x0000407a                __xabi_udivmod64
                0x000040cc                __udivdi3
                0x000040e6                __umoddi3
                0x00004108                __udivmoddi4
 .text.crt0     0x00004136        0x2 /usr/local/msp430/bin/../lib/gcc/msp430/4.7.0/mcpu-430x/mmpy-16/msr20/mc20/libcrt0.a(_unexpected_.o)
                0x00004136                _unexpected_
 *(.near.text .near.text.*)
 .near.text.timera1
                0x00004138       0xd0 build/z1/contiki-ng-z1.a(clock.o)
                0x00004138                __isr_24
                0x00004138                timera1
 .near.text.watchdog_interrupt
                0x00004208        0x6 build/z1/contiki-ng-z1.a(watchdog.o)
                0x00004208                __isr_26
                0x00004208                watchdog_interrupt
 .near.text.uart0_rx_interrupt
                0x0000420e       0x2a build/z1/contiki-ng-z1.a(uart0.o)
                0x0000420e                __isr_23
                0x0000420e                uart0_rx_interrupt
 .near.text.port1_isr
                0x00004238       0x84 build/z1/contiki-ng-z1.a(adxl345.o)
                0x00004238                port1_isr
                0x00004238                __isr_18
 .near.text.timera0
                0x000042bc       0x22 build/z1/contiki-ng-z1.a(rtimer-arch.o)
                0x000042bc                __isr_25
                0x000042bc                timera0
 .near.text.i2c_tx_interrupt
                0x000042de       0x84 build/z1/contiki-ng-z1.a(i2cmaster.o)
                0x000042de                __isr_16
                0x000042de                i2c_tx_interrupt
 .near.text.i2c_rx_interrupt
                0x00004362       0x14 build/z1/contiki-ng-z1.a(i2cmaster.o)
                0x00004362                i2c_rx_interrupt
                0x00004362                __isr_17
 .near.text.irq_p2
                0x00004376       0x3c build/z1/contiki-ng-z1.a(button-sensor.o)
                0x00004376                irq_p2
                0x00004376                __isr_19
 .any.text.process_thread_udp_server_process
                0x000043b2       0x34 udp-server.o
 .any.text.udp_rx_callback
                0x000043e6       0x6c udp-server.o
 .any.text.putchar
                0x00004452       0x10 build/z1/contiki-ng-z1.a(uart0-putchar.o)
                0x00004452                putchar
 .any.text.platform_init_stage_one
                0x00004462       0x12 build/z1/contiki-ng-z1.a(platform.o)
                0x00004462                platform_init_stage_one
 .any.text.platform_init_stage_two
                0x00004474       0xba build/z1/contiki-ng-z1.a(platform.o)
                0x00004474                platform_init_stage_two
 .any.text.platform_init_stage_three
                0x0000452e       0x72 build/z1/contiki-ng-z1.a(platform.o)
                0x0000452e                platform_init_stage_three
 .any.text.platform_idle
                0x000045a0       0x54 build/z1/contiki-ng-z1.a(platform.o)
                0x000045a0                platform_idle
 .any.text.msp430_init_dco
                0x000045f4       0x28 build/z1/contiki-ng-z1.a(msp430.o)
                0x000045f4                msp430_init_dco
 .any.text.splhigh_
                0x0000461c        0x8 build/z1/contiki-ng-z1.a(msp430.o)
                0x0000461c                splhigh_
 .any.text.msp430_sync_dco
                0x00004624       0x6e build/z1/contiki-ng-z1.a(msp430.o)
                0x00004624                msp430_sync_dco
 .any.text.msp430_cpu_init
                0x00004692       0x2e build/z1/contiki-ng-z1.a(msp430.o)
                0x00004692                msp430_cpu_init
 .any.text.clock_time
                0x000046c0       0x1a build/z1/contiki-ng-z1.a(clock.o)
                0x000046c0                clock_time
 .any.text.clock_init
                0x000046da       0x28 build/z1/contiki-ng-z1.a(clock.o)
                0x000046da                clock_init
 .any.text.clock_delay
                0x00004702        0xc build/z1/contiki-ng-z1.a(clock.o)
                0x00004702                clock_delay
 .any.text.clock_wait
                0x0000470e       0x24 build/z1/contiki-ng-z1.a(clock.o)
                0x0000470e                clock_wait
 .any.text.clock_seconds
                0x00004732       0x1a build/z1/contiki-ng-z1.a(clock.o)
                0x00004732                clock_seconds
 .any.text.watchdog_start
                0x0000474c       0x14 build/z1/contiki-ng-z1.a(watchdog.o)
                0x0000474c                watchdog_start
 .any.text.watchdog_periodic
                0x00004760       0x12 build/z1/contiki-ng-z1.a(watchdog.o)
                0x00004760                watchdog_periodic
 .any.text.watchdog_stop
                0x00004772       0x16 build/z1/contiki-ng-z1.a(watchdog.o)
                0x00004772                watchdog_stop
 .any.text.watchdog_init
                0x00004788       0x12 build/z1/contiki-ng-z1.a(watchdog.o)
                0x00004788                watchdog_init
 .any.text.autostart_start
                0x0000479a       0x16 build/z1/contiki-ng-z1.a(autostart.o)
                0x0000479a                autostart_start
 .any.text.process_thread_ctimer_process
                0x000047b0       0xa0 build/z1/contiki-ng-z1.a(ctimer.o)
 .any.text.ctimer_init
                0x00004850       0x18 build/z1/contiki-ng-z1.a(ctimer.o)
                0x00004850                ctimer_init
 .any.text.ctimer_set_with_process
                0x00004868       0x4a build/z1/contiki-ng-z1.a(ctimer.o)
                0x00004868                ctimer_set_with_process
 .any.text.ctimer_set
                0x000048b2       0x10 build/z1/contiki-ng-z1.a(ctimer.o)
                0x000048b2                ctimer_set
 .any.text.ctimer_reset
                0x000048c2       0x2c build/z1/contiki-ng-z1.a(ctimer.o)
                0x000048c2                ctimer_reset
 .any.text.ctimer_stop
                0x000048ee       0x28 build/z1/contiki-ng-z1.a(ctimer.o)
                0x000048ee                ctimer_stop
 .any.text.ctimer_expired
                0x00004916       0x30 build/z1/contiki-ng-z1.a(ctimer.o)
                0x00004916                ctimer_expired
 .any.text.energest_init
                0x00004946        0x2 build/z1/contiki-ng-z1.a(energest.o)
                0x00004946                energest_init
 .any.text.energest_flush
                0x00004948        0x2 build/z1/contiki-ng-z1.a(energest.o)
                0x00004948                energest_flush
 .any.text.update_time
                0x0000494a       0x70 build/z1/contiki-ng-z1.a(etimer.o)
 .any.text.etimer_request_poll
                0x000049ba        0xa build/z1/contiki-ng-z1.a(etimer.o)
                0x000049ba                etimer_request_poll
 .any.text.process_thread_etimer_process
                0x000049c4       0xc4 build/z1/contiki-ng-z1.a(etimer.o)
 .any.text.add_timer
                0x00004a88       0x40 build/z1/contiki-ng-z1.a(etimer.o)
 .any.text.etimer_set
                0x00004ac8       0x12 build/z1/contiki-ng-z1.a(etimer.o)
                0x00004ac8                etimer_set
 .any.text.etimer_reset
                0x00004ada       0x12 build/z1/contiki-ng-z1.a(etimer.o)
                0x00004ada                etimer_reset
 .any.text.etimer_expired
                0x00004aec        0xe build/z1/contiki-ng-z1.a(etimer.o)
                0x00004aec                etimer_expired
 .any.text.etimer_pending
                0x00004afa        0xc build/z1/contiki-ng-z1.a(etimer.o)
                0x00004afa                etimer_pending
 .any.text.etimer_next_expiration_time
                0x00004b06       0x16 build/z1/contiki-ng-z1.a(etimer.o)
                0x00004b06                etimer_next_expiration_time
 .any.text.etimer_stop
                0x00004b1c       0x3e build/z1/contiki-ng-z1.a(etimer.o)
                0x00004b1c                etimer_stop
 .any.text.log_6addr
                0x00004b5a       0x32 build/z1/contiki-ng-z1.a(log.o)
                0x00004b5a                log_6addr
 .any.text.log_lladdr
                0x00004b8c       0x40 build/z1/contiki-ng-z1.a(log.o)
                0x00004b8c                log_lladdr
 .any.text.node_id_init
                0x00004bcc       0x14 build/z1/contiki-ng-z1.a(node-id.o)
                0x00004bcc                node_id_init
 .any.text.call_process
                0x00004be0       0x40 build/z1/contiki-ng-z1.a(process.o)
 .any.text.exit_process
                0x00004c20       0x88 build/z1/contiki-ng-z1.a(process.o)
 .any.text.do_poll
                0x00004ca8       0x30 build/z1/contiki-ng-z1.a(process.o)
 .any.text.process_alloc_event
                0x00004cd8        0xe build/z1/contiki-ng-z1.a(process.o)
                0x00004cd8                process_alloc_event
 .any.text.process_init
                0x00004ce6       0x1c build/z1/contiki-ng-z1.a(process.o)
                0x00004ce6                process_init
 .any.text.process_run
                0x00004d02       0x8c build/z1/contiki-ng-z1.a(process.o)
                0x00004d02                process_run
 .any.text.process_nevents
                0x00004d8e        0xe build/z1/contiki-ng-z1.a(process.o)
                0x00004d8e                process_nevents
 .any.text.process_post
                0x00004d9c       0x4a build/z1/contiki-ng-z1.a(process.o)
                0x00004d9c                process_post
 .any.text.process_post_synch
                0x00004de6       0x12 build/z1/contiki-ng-z1.a(process.o)
                0x00004de6                process_post_synch
 .any.text.process_start
                0x00004df8       0x36 build/z1/contiki-ng-z1.a(process.o)
                0x00004df8                process_start
 .any.text.process_poll
                0x00004e2e       0x18 build/z1/contiki-ng-z1.a(process.o)
                0x00004e2e                process_poll
 .any.text.rtimer_init
                0x00004e46        0x6 build/z1/contiki-ng-z1.a(rtimer.o)
                0x00004e46                rtimer_init
 .any.text.rtimer_run_next
                0x00004e4c       0x26 build/z1/contiki-ng-z1.a(rtimer.o)
                0x00004e4c                rtimer_run_next
 .any.text.stack_check_init
                0x00004e72       0x2e build/z1/contiki-ng-z1.a(stack-check.o)
                0x00004e72                stack_check_init
 .any.text.stack_check_get_usage
                0x00004ea0       0x54 build/z1/contiki-ng-z1.a(stack-check.o)
                0x00004ea0                stack_check_get_usage
 .any.text.process_thread_stack_check_process
                0x00004ef4       0xd2 build/z1/contiki-ng-z1.a(stack-check.o)
 .any.text.timer_set
                0x00004fc6       0x1c build/z1/contiki-ng-z1.a(timer.o)
                0x00004fc6                timer_set
 .any.text.timer_expired
                0x00004fe2       0x2a build/z1/contiki-ng-z1.a(timer.o)
                0x00004fe2                timer_expired
 .any.text.timer_reset
                0x0000500c       0x1c build/z1/contiki-ng-z1.a(timer.o)
                0x0000500c                timer_reset
 .any.text.list_init
                0x00005028        0x6 build/z1/contiki-ng-z1.a(list.o)
                0x00005028                list_init
 .any.text.list_head
                0x0000502e        0x4 build/z1/contiki-ng-z1.a(list.o)
                0x0000502e                list_head
 .any.text.list_tail
                0x00005032       0x12 build/z1/contiki-ng-z1.a(list.o)
                0x00005032                list_tail
 .any.text.list_remove
                0x00005044       0x34 build/z1/contiki-ng-z1.a(list.o)
                0x00005044                list_remove
 .any.text.list_push
                0x00005078       0x16 build/z1/contiki-ng-z1.a(list.o)
                0x00005078                list_push
 .any.text.list_add
                0x0000508e       0x26 build/z1/contiki-ng-z1.a(list.o)
                0x0000508e                list_add
 .any.text.list_length
                0x000050b4       0x10 build/z1/contiki-ng-z1.a(list.o)
                0x000050b4                list_length
 .any.text.list_item_next
                0x000050c4        0xc build/z1/contiki-ng-z1.a(list.o)
                0x000050c4                list_item_next
 .any.text.random_init
                0x000050d0        0x6 build/z1/contiki-ng-z1.a(random.o)
                0x000050d0                random_init
 .any.text.random_rand
                0x000050d6        0x6 build/z1/contiki-ng-z1.a(random.o)
                0x000050d6                random_rand
 .any.text.linkaddr_copy
                0x000050dc        0x8 build/z1/contiki-ng-z1.a(linkaddr.o)
                0x000050dc                linkaddr_copy
 .any.text.linkaddr_cmp
                0x000050e4       0x12 build/z1/contiki-ng-z1.a(linkaddr.o)
                0x000050e4                linkaddr_cmp
 .any.text.linkaddr_set_node_addr
                0x000050f6        0xc build/z1/contiki-ng-z1.a(linkaddr.o)
                0x000050f6                linkaddr_set_node_addr
 .any.text.netstack_process_ip_callback
                0x00005102       0x46 build/z1/contiki-ng-z1.a(netstack.o)
                0x00005102                netstack_process_ip_callback
 .any.text.netstack_init
                0x00005148        0xe build/z1/contiki-ng-z1.a(netstack.o)
                0x00005148                netstack_init
 .any.text.queuebuf_init
                0x00005156       0x12 build/z1/contiki-ng-z1.a(queuebuf.o)
                0x00005156                queuebuf_init
 .any.text.queuebuf_numfree
                0x00005168        0xa build/z1/contiki-ng-z1.a(queuebuf.o)
                0x00005168                queuebuf_numfree
 .any.text.queuebuf_new_from_packetbuf
                0x00005172       0x4e build/z1/contiki-ng-z1.a(queuebuf.o)
                0x00005172                queuebuf_new_from_packetbuf
 .any.text.queuebuf_update_attr_from_packetbuf
                0x000051c0       0x12 build/z1/contiki-ng-z1.a(queuebuf.o)
                0x000051c0                queuebuf_update_attr_from_packetbuf
 .any.text.queuebuf_free
                0x000051d2       0x2a build/z1/contiki-ng-z1.a(queuebuf.o)
                0x000051d2                queuebuf_free
 .any.text.queuebuf_to_packetbuf
                0x000051fc       0x32 build/z1/contiki-ng-z1.a(queuebuf.o)
                0x000051fc                queuebuf_to_packetbuf
 .any.text.on   0x0000522e        0x6 build/z1/contiki-ng-z1.a(csma.o)
 .any.text.off  0x00005234        0x6 build/z1/contiki-ng-z1.a(csma.o)
 .any.text.max_payload
                0x0000523a       0x16 build/z1/contiki-ng-z1.a(csma.o)
 .any.text.send_packet
                0x00005250        0x6 build/z1/contiki-ng-z1.a(csma.o)
 .any.text.init
                0x00005256        0xa build/z1/contiki-ng-z1.a(csma.o)
 .any.text.input_packet
                0x00005260       0x58 build/z1/contiki-ng-z1.a(csma.o)
 .any.text.schedule_transmission
                0x000052b8       0x66 build/z1/contiki-ng-z1.a(csma-output.o)
 .any.text.tx_done
                0x0000531e       0x86 build/z1/contiki-ng-z1.a(csma-output.o)
 .any.text.transmit_from_queue
                0x000053a4      0x1ac build/z1/contiki-ng-z1.a(csma-output.o)
 .any.text.csma_output_packet
                0x00005550      0x174 build/z1/contiki-ng-z1.a(csma-output.o)
                0x00005550                csma_output_packet
 .any.text.csma_output_init
                0x000056c4       0x1a build/z1/contiki-ng-z1.a(csma-output.o)
                0x000056c4                csma_output_init
 .any.text.csma_security_create_frame
                0x000056de       0x10 build/z1/contiki-ng-z1.a(csma-security.o)
                0x000056de                csma_security_create_frame
 .any.text.csma_security_parse_frame
                0x000056ee        0x6 build/z1/contiki-ng-z1.a(csma-security.o)
                0x000056ee                csma_security_parse_frame
 .any.text.clear_fragments
                0x000056f4       0x38 build/z1/contiki-ng-z1.a(sicslowpan.o)
 .any.text.addr_context_lookup_by_number
                0x0000572c       0x16 build/z1/contiki-ng-z1.a(sicslowpan.o)
 .any.text.sicslowpan_init
                0x00005742       0x18 build/z1/contiki-ng-z1.a(sicslowpan.o)
                0x00005742                sicslowpan_init
 .any.text.set_packet_attrs
                0x0000575a       0x66 build/z1/contiki-ng-z1.a(sicslowpan.o)
 .any.text.compress_addr_64
                0x000057c0       0x9a build/z1/contiki-ng-z1.a(sicslowpan.o)
 .any.text.addr_context_lookup_by_prefix
                0x0000585a       0x20 build/z1/contiki-ng-z1.a(sicslowpan.o)
 .any.text.send_packet
                0x0000587a       0x1a build/z1/contiki-ng-z1.a(sicslowpan.o)
 .any.text.fragment_copy_payload_and_send
                0x00005894       0x5e build/z1/contiki-ng-z1.a(sicslowpan.o)
 .any.text.output
                0x000058f2      0x76e build/z1/contiki-ng-z1.a(sicslowpan.o)
 .any.text.packet_sent
                0x00006060       0x4e build/z1/contiki-ng-z1.a(sicslowpan.o)
 .any.text.store_fragment
                0x000060ae       0x6e build/z1/contiki-ng-z1.a(sicslowpan.o)
 .any.text.add_fragment
                0x0000611c      0x16a build/z1/contiki-ng-z1.a(sicslowpan.o)
 .any.text.uncompress_addr
                0x00006286       0x96 build/z1/contiki-ng-z1.a(sicslowpan.o)
 .any.text.input
                0x0000631c      0x75a build/z1/contiki-ng-z1.a(sicslowpan.o)
 .any.text.process_thread_simple_udp_process
                0x00006a76       0xa8 build/z1/contiki-ng-z1.a(simple-udp.o)
 .any.text.simple_udp_sendto
                0x00006b1e       0x28 build/z1/contiki-ng-z1.a(simple-udp.o)
                0x00006b1e                simple_udp_sendto
 .any.text.simple_udp_register
                0x00006b46       0x88 build/z1/contiki-ng-z1.a(simple-udp.o)
                0x00006b46                simple_udp_register
 .any.text.tcpip_output
                0x00006bce       0x22 build/z1/contiki-ng-z1.a(tcpip.o)
                0x00006bce                tcpip_output
 .any.text.udp_new
                0x00006bf0       0x1a build/z1/contiki-ng-z1.a(tcpip.o)
                0x00006bf0                udp_new
 .any.text.tcpip_input
                0x00006c0a       0x1e build/z1/contiki-ng-z1.a(tcpip.o)
                0x00006c0a                tcpip_input
 .any.text.tcpip_ipv6_output
                0x00006c28      0x10c build/z1/contiki-ng-z1.a(tcpip.o)
                0x00006c28                tcpip_ipv6_output
 .any.text.packet_input.part.3
                0x00006d34       0x12 build/z1/contiki-ng-z1.a(tcpip.o)
 .any.text.process_thread_tcpip_process
                0x00006d46       0xc8 build/z1/contiki-ng-z1.a(tcpip.o)
 .any.text.tcpip_uipcall
                0x00006e0e       0x2a build/z1/contiki-ng-z1.a(tcpip.o)
                0x00006e0e                tcpip_uipcall
 .any.text.chksum
                0x00006e38       0x32 build/z1/contiki-ng-z1.a(uip6.o)
 .any.text.upper_layer_chksum
                0x00006e6a       0x54 build/z1/contiki-ng-z1.a(uip6.o)
 .any.text.ext_hdr_options_process
                0x00006ebe       0x92 build/z1/contiki-ng-z1.a(uip6.o)
 .any.text.uip_check_mtu
                0x00006f50       0x1e build/z1/contiki-ng-z1.a(uip6.o)
 .any.text.uip_update_ttl
                0x00006f6e       0x24 build/z1/contiki-ng-z1.a(uip6.o)
 .any.text.uip_icmp6chksum
                0x00006f92        0xa build/z1/contiki-ng-z1.a(uip6.o)
                0x00006f92                uip_icmp6chksum
 .any.text.uip_udpchksum
                0x00006f9c        0xa build/z1/contiki-ng-z1.a(uip6.o)
                0x00006f9c                uip_udpchksum
 .any.text.uip_init
                0x00006fa6       0x3c build/z1/contiki-ng-z1.a(uip6.o)
                0x00006fa6                uip_init
 .any.text.uip_remove_ext_hdr
                0x00006fe2       0x5e build/z1/contiki-ng-z1.a(uip6.o)
                0x00006fe2                uip_remove_ext_hdr
 .any.text.uip_udp_new
                0x00007040       0xa0 build/z1/contiki-ng-z1.a(uip6.o)
                0x00007040                uip_udp_new
 .any.text.uip_process
                0x000070e0      0x4b6 build/z1/contiki-ng-z1.a(uip6.o)
                0x000070e0                uip_process
 .any.text.uip_htonl
                0x00007596       0x2a build/z1/contiki-ng-z1.a(uip6.o)
                0x00007596                uip_htonl
 .any.text.uipbuf_add_ext_hdr
                0x000075c0       0x1c build/z1/contiki-ng-z1.a(uipbuf.o)
                0x000075c0                uipbuf_add_ext_hdr
 .any.text.uipbuf_set_len
                0x000075dc       0x12 build/z1/contiki-ng-z1.a(uipbuf.o)
                0x000075dc                uipbuf_set_len
 .any.text.uipbuf_set_len_field
                0x000075ee        0xe build/z1/contiki-ng-z1.a(uipbuf.o)
                0x000075ee                uipbuf_set_len_field
 .any.text.uipbuf_get_len_field
                0x000075fc        0xe build/z1/contiki-ng-z1.a(uipbuf.o)
                0x000075fc                uipbuf_get_len_field
 .any.text.uipbuf_get_next_header
                0x0000760a       0x5a build/z1/contiki-ng-z1.a(uipbuf.o)
                0x0000760a                uipbuf_get_next_header
 .any.text.uipbuf_get_last_header
                0x00007664       0x36 build/z1/contiki-ng-z1.a(uipbuf.o)
                0x00007664                uipbuf_get_last_header
 .any.text.uipbuf_search_header
                0x0000769a       0x46 build/z1/contiki-ng-z1.a(uipbuf.o)
                0x0000769a                uipbuf_search_header
 .any.text.uipbuf_get_attr
                0x000076e0       0x14 build/z1/contiki-ng-z1.a(uipbuf.o)
                0x000076e0                uipbuf_get_attr
 .any.text.uipbuf_clear_attr
                0x000076f4       0x12 build/z1/contiki-ng-z1.a(uipbuf.o)
                0x000076f4                uipbuf_clear_attr
 .any.text.uipbuf_clear
                0x00007706       0x12 build/z1/contiki-ng-z1.a(uipbuf.o)
                0x00007706                uipbuf_clear
 .any.text.uipbuf_init
                0x00007718       0x1a build/z1/contiki-ng-z1.a(uipbuf.o)
                0x00007718                uipbuf_init
 .any.text.uip_ds6_default_prefix
                0x00007732        0x6 build/z1/contiki-ng-z1.a(uip-ds6.o)
                0x00007732                uip_ds6_default_prefix
 .any.text.uip_ds6_list_loop
                0x00007738       0x72 build/z1/contiki-ng-z1.a(uip-ds6.o)
                0x00007738                uip_ds6_list_loop
 .any.text.uip_ds6_prefix_add
                0x000077aa       0x70 build/z1/contiki-ng-z1.a(uip-ds6.o)
                0x000077aa                uip_ds6_prefix_add
 .any.text.uip_ds6_is_addr_onlink
                0x0000781a       0x42 build/z1/contiki-ng-z1.a(uip-ds6.o)
                0x0000781a                uip_ds6_is_addr_onlink
 .any.text.uip_ds6_addr_lookup
                0x0000785c       0x2a build/z1/contiki-ng-z1.a(uip-ds6.o)
                0x0000785c                uip_ds6_addr_lookup
 .any.text.uip_ds6_get_link_local
                0x00007886       0x3e build/z1/contiki-ng-z1.a(uip-ds6.o)
                0x00007886                uip_ds6_get_link_local
 .any.text.uip_ds6_maddr_add
                0x000078c4       0x48 build/z1/contiki-ng-z1.a(uip-ds6.o)
                0x000078c4                uip_ds6_maddr_add
 .any.text.uip_ds6_addr_add
                0x0000790c       0xb4 build/z1/contiki-ng-z1.a(uip-ds6.o)
                0x0000790c                uip_ds6_addr_add
 .any.text.uip_ds6_maddr_rm
                0x000079c0        0xa build/z1/contiki-ng-z1.a(uip-ds6.o)
                0x000079c0                uip_ds6_maddr_rm
 .any.text.uip_ds6_maddr_lookup
                0x000079ca       0x2a build/z1/contiki-ng-z1.a(uip-ds6.o)
                0x000079ca                uip_ds6_maddr_lookup
 .any.text.uip_ds6_addr_rm
                0x000079f4       0x54 build/z1/contiki-ng-z1.a(uip-ds6.o)
                0x000079f4                uip_ds6_addr_rm
 .any.text.uip_ds6_periodic
                0x00007a48       0x46 build/z1/contiki-ng-z1.a(uip-ds6.o)
                0x00007a48                uip_ds6_periodic
 .any.text.uip_ds6_set_addr_iid
                0x00007a8e       0x14 build/z1/contiki-ng-z1.a(uip-ds6.o)
                0x00007a8e                uip_ds6_set_addr_iid
 .any.text.uip_ds6_set_lladdr_from_iid
                0x00007aa2       0x14 build/z1/contiki-ng-z1.a(uip-ds6.o)
                0x00007aa2                uip_ds6_set_lladdr_from_iid
 .any.text.get_match_length
                0x00007ab6       0x3c build/z1/contiki-ng-z1.a(uip-ds6.o)
                0x00007ab6                get_match_length
 .any.text.uip_ds6_select_src
                0x00007af2       0x9a build/z1/contiki-ng-z1.a(uip-ds6.o)
                0x00007af2                uip_ds6_select_src
 .any.text.uip_ds6_compute_reachable_time
                0x00007b8c       0x36 build/z1/contiki-ng-z1.a(uip-ds6.o)
                0x00007b8c                uip_ds6_compute_reachable_time
 .any.text.uip_ds6_init
                0x00007bc2      0x164 build/z1/contiki-ng-z1.a(uip-ds6.o)
                0x00007bc2                uip_ds6_init
 .any.text.uip_ds6_nbr_rm
                0x00007d26       0x1e build/z1/contiki-ng-z1.a(uip-ds6-nbr.o)
                0x00007d26                uip_ds6_nbr_rm
 .any.text.uip_ds6_neighbors_init
                0x00007d44       0x12 build/z1/contiki-ng-z1.a(uip-ds6-nbr.o)
                0x00007d44                uip_ds6_neighbors_init
 .any.text.uip_ds6_nbr_add
                0x00007d56       0x36 build/z1/contiki-ng-z1.a(uip-ds6-nbr.o)
                0x00007d56                uip_ds6_nbr_add
 .any.text.uip_ds6_nbr_get_ll
                0x00007d8c        0xc build/z1/contiki-ng-z1.a(uip-ds6-nbr.o)
                0x00007d8c                uip_ds6_nbr_get_ll
 .any.text.uip_ds6_nbr_head
                0x00007d98        0xa build/z1/contiki-ng-z1.a(uip-ds6-nbr.o)
                0x00007d98                uip_ds6_nbr_head
 .any.text.uip_ds6_nbr_next
                0x00007da2        0xc build/z1/contiki-ng-z1.a(uip-ds6-nbr.o)
                0x00007da2                uip_ds6_nbr_next
 .any.text.uip_ds6_nbr_lookup
                0x00007dae       0x36 build/z1/contiki-ng-z1.a(uip-ds6-nbr.o)
                0x00007dae                uip_ds6_nbr_lookup
 .any.text.uip_ds6_nbr_ll_lookup
                0x00007de4        0xc build/z1/contiki-ng-z1.a(uip-ds6-nbr.o)
                0x00007de4                uip_ds6_nbr_ll_lookup
 .any.text.uip_ds6_nbr_update_ll
                0x00007df0       0x6e build/z1/contiki-ng-z1.a(uip-ds6-nbr.o)
                0x00007df0                uip_ds6_nbr_update_ll
 .any.text.uip_ds6_nbr_ipaddr_from_lladdr
                0x00007e5e        0x6 build/z1/contiki-ng-z1.a(uip-ds6-nbr.o)
                0x00007e5e                uip_ds6_nbr_ipaddr_from_lladdr
 .any.text.uip_ds6_nbr_lladdr_from_ipaddr
                0x00007e64       0x12 build/z1/contiki-ng-z1.a(uip-ds6-nbr.o)
                0x00007e64                uip_ds6_nbr_lladdr_from_ipaddr
 .any.text.uip_ds6_link_callback
                0x00007e76        0x2 build/z1/contiki-ng-z1.a(uip-ds6-nbr.o)
                0x00007e76                uip_ds6_link_callback
 .any.text.uip_ds6_route_init
                0x00007e78       0x12 build/z1/contiki-ng-z1.a(uip-ds6-route.o)
                0x00007e78                uip_ds6_route_init
 .any.text.uip_ds6_route_nexthop
                0x00007e8a        0x4 build/z1/contiki-ng-z1.a(uip-ds6-route.o)
                0x00007e8a                uip_ds6_route_nexthop
 .any.text.uip_ds6_route_lookup
                0x00007e8e        0x4 build/z1/contiki-ng-z1.a(uip-ds6-route.o)
                0x00007e8e                uip_ds6_route_lookup
 .any.text.uip_ds6_route_rm
                0x00007e92        0x2 build/z1/contiki-ng-z1.a(uip-ds6-route.o)
                0x00007e92                uip_ds6_route_rm
 .any.text.uip_ds6_defrt_rm
                0x00007e94       0x38 build/z1/contiki-ng-z1.a(uip-ds6-route.o)
                0x00007e94                uip_ds6_defrt_rm
 .any.text.uip_ds6_defrt_lookup
                0x00007ecc       0x3c build/z1/contiki-ng-z1.a(uip-ds6-route.o)
                0x00007ecc                uip_ds6_defrt_lookup
 .any.text.uip_ds6_defrt_add
                0x00007f08       0x66 build/z1/contiki-ng-z1.a(uip-ds6-route.o)
                0x00007f08                uip_ds6_defrt_add
 .any.text.uip_ds6_defrt_choose
                0x00007f6e       0x36 build/z1/contiki-ng-z1.a(uip-ds6-route.o)
                0x00007f6e                uip_ds6_defrt_choose
 .any.text.uip_ds6_defrt_periodic
                0x00007fa4       0x38 build/z1/contiki-ng-z1.a(uip-ds6-route.o)
                0x00007fa4                uip_ds6_defrt_periodic
 .any.text.echo_reply_input
                0x00007fdc       0x60 build/z1/contiki-ng-z1.a(uip-icmp6.o)
 .any.text.echo_request_input
                0x0000803c       0x86 build/z1/contiki-ng-z1.a(uip-icmp6.o)
 .any.text.uip_icmp6_input
                0x000080c2       0x44 build/z1/contiki-ng-z1.a(uip-icmp6.o)
                0x000080c2                uip_icmp6_input
 .any.text.uip_icmp6_register_input_handler
                0x00008106        0xc build/z1/contiki-ng-z1.a(uip-icmp6.o)
                0x00008106                uip_icmp6_register_input_handler
 .any.text.uip_icmp6_error_output
                0x00008112      0x136 build/z1/contiki-ng-z1.a(uip-icmp6.o)
                0x00008112                uip_icmp6_error_output
 .any.text.uip_icmp6_send
                0x00008248       0x80 build/z1/contiki-ng-z1.a(uip-icmp6.o)
                0x00008248                uip_icmp6_send
 .any.text.uip_icmp6_init
                0x000082c8       0x12 build/z1/contiki-ng-z1.a(uip-icmp6.o)
                0x000082c8                uip_icmp6_init
 .any.text.uiplib_ipaddr_snprint
                0x000082da      0x114 build/z1/contiki-ng-z1.a(uiplib.o)
                0x000082da                uiplib_ipaddr_snprint
 .any.text.ns_input
                0x000083ee      0x27c build/z1/contiki-ng-z1.a(uip-nd6.o)
 .any.text.uip_nd6_init
                0x0000866a        0xa build/z1/contiki-ng-z1.a(uip-nd6.o)
                0x0000866a                uip_nd6_init
 .any.text.uip_udp_packet_send
                0x00008674       0x2a build/z1/contiki-ng-z1.a(uip-udp-packet.)
                0x00008674                uip_udp_packet_send
 .any.text.uip_udp_packet_sendto
                0x0000869e       0x56 build/z1/contiki-ng-z1.a(uip-udp-packet.)
                0x0000869e                uip_udp_packet_sendto
 .any.text.rpl_has_joined
                0x000086f4       0x12 build/z1/contiki-ng-z1.a(rpl.o)
                0x000086f4                rpl_has_joined
 .any.text.rpl_is_reachable
                0x00008706       0x12 build/z1/contiki-ng-z1.a(rpl.o)
                0x00008706                rpl_is_reachable
 .any.text.neighbor_state_changed
                0x00008718        0x2 build/z1/contiki-ng-z1.a(rpl.o)
 .any.text.drop_route
                0x0000871a        0x2 build/z1/contiki-ng-z1.a(rpl.o)
 .any.text.get_sr_node_ipaddr
                0x0000871c       0x30 build/z1/contiki-ng-z1.a(rpl.o)
 .any.text.init
                0x0000874c       0x42 build/z1/contiki-ng-z1.a(rpl.o)
 .any.text.set_ip_from_prefix
                0x0000878e       0x30 build/z1/contiki-ng-z1.a(rpl.o)
 .any.text.rpl_link_callback
                0x000087be       0x1e build/z1/contiki-ng-z1.a(rpl.o)
                0x000087be                rpl_link_callback
 .any.text.rpl_lollipop_greater_than
                0x000087dc       0x3c build/z1/contiki-ng-z1.a(rpl.o)
                0x000087dc                rpl_lollipop_greater_than
 .any.text.rpl_get_global_address
                0x00008818       0x8c build/z1/contiki-ng-z1.a(rpl.o)
                0x00008818                rpl_get_global_address
 .any.text.rpl_reset_prefix
                0x000088a4       0x24 build/z1/contiki-ng-z1.a(rpl.o)
                0x000088a4                rpl_reset_prefix
 .any.text.rpl_set_prefix_from_addr
                0x000088c8       0x80 build/z1/contiki-ng-z1.a(rpl.o)
                0x000088c8                rpl_set_prefix_from_addr
 .any.text.rpl_get_leaf_only
                0x00008948        0x6 build/z1/contiki-ng-z1.a(rpl.o)
                0x00008948                rpl_get_leaf_only
 .any.text.init_dag
                0x0000894e       0x8c build/z1/contiki-ng-z1.a(rpl-dag.o)
 .any.text.init_dag_from_dio
                0x000089da       0x96 build/z1/contiki-ng-z1.a(rpl-dag.o)
 .any.text.rpl_dag_get_root_ipaddr
                0x00008a70       0x1e build/z1/contiki-ng-z1.a(rpl-dag.o)
                0x00008a70                rpl_dag_get_root_ipaddr
 .any.text.rpl_dag_leave
                0x00008a8e       0x4a build/z1/contiki-ng-z1.a(rpl-dag.o)
                0x00008a8e                rpl_dag_leave
 .any.text.rpl_dag_poison_and_leave
                0x00008ad8        0xc build/z1/contiki-ng-z1.a(rpl-dag.o)
                0x00008ad8                rpl_dag_poison_and_leave
 .any.text.rpl_dag_periodic
                0x00008ae4       0x6a build/z1/contiki-ng-z1.a(rpl-dag.o)
                0x00008ae4                rpl_dag_periodic
 .any.text.rpl_is_addr_in_our_dag
                0x00008b4e       0x26 build/z1/contiki-ng-z1.a(rpl-dag.o)
                0x00008b4e                rpl_is_addr_in_our_dag
 .any.text.rpl_local_repair
                0x00008b74       0x2a build/z1/contiki-ng-z1.a(rpl-dag.o)
                0x00008b74                rpl_local_repair
 .any.text.rpl_global_repair
                0x00008b9e       0x2e build/z1/contiki-ng-z1.a(rpl-dag.o)
                0x00008b9e                rpl_global_repair
 .any.text.rpl_dag_ready_to_advertise
                0x00008bcc       0x22 build/z1/contiki-ng-z1.a(rpl-dag.o)
                0x00008bcc                rpl_dag_ready_to_advertise
 .any.text.rpl_dag_update_state
                0x00008bee      0x156 build/z1/contiki-ng-z1.a(rpl-dag.o)
                0x00008bee                rpl_dag_update_state
 .any.text.rpl_process_dio
                0x00008d44      0x1be build/z1/contiki-ng-z1.a(rpl-dag.o)
                0x00008d44                rpl_process_dio
 .any.text.rpl_process_dis
                0x00008f02       0x2a build/z1/contiki-ng-z1.a(rpl-dag.o)
                0x00008f02                rpl_process_dis
 .any.text.rpl_process_dao
                0x00008f2c       0x66 build/z1/contiki-ng-z1.a(rpl-dag.o)
                0x00008f2c                rpl_process_dao
 .any.text.rpl_process_dao_ack
                0x00008f92       0x50 build/z1/contiki-ng-z1.a(rpl-dag.o)
                0x00008f92                rpl_process_dao_ack
 .any.text.rpl_process_hbh
                0x00008fe2       0x26 build/z1/contiki-ng-z1.a(rpl-dag.o)
                0x00008fe2                rpl_process_hbh
 .any.text.rpl_dag_init_root
                0x00009008       0xbe build/z1/contiki-ng-z1.a(rpl-dag.o)
                0x00009008                rpl_dag_init_root
 .any.text.rpl_dag_init
                0x000090c6       0x10 build/z1/contiki-ng-z1.a(rpl-dag.o)
                0x000090c6                rpl_dag_init
 .any.text.rpl_dag_root_set_prefix
                0x000090d6       0x5e build/z1/contiki-ng-z1.a(rpl-dag-root.o)
                0x000090d6                rpl_dag_root_set_prefix
 .any.text.rpl_dag_root_start
                0x00009134       0x82 build/z1/contiki-ng-z1.a(rpl-dag-root.o)
                0x00009134                rpl_dag_root_start
 .any.text.rpl_dag_root_is_root
                0x000091b6       0x14 build/z1/contiki-ng-z1.a(rpl-dag-root.o)
                0x000091b6                rpl_dag_root_is_root
 .any.text.rpl_dag_root_print_links
                0x000091ca       0x3e build/z1/contiki-ng-z1.a(rpl-dag-root.o)
                0x000091ca                rpl_dag_root_print_links
 .any.text.update_hbh_header
                0x00009208       0x4a build/z1/contiki-ng-z1.a(rpl-ext-header.)
 .any.text.rpl_ext_header_srh_get_next_hop
                0x00009252       0x7c build/z1/contiki-ng-z1.a(rpl-ext-header.)
                0x00009252                rpl_ext_header_srh_get_next_hop
 .any.text.rpl_ext_header_srh_update
                0x000092ce       0xd2 build/z1/contiki-ng-z1.a(rpl-ext-header.)
                0x000092ce                rpl_ext_header_srh_update
 .any.text.rpl_ext_header_hbh_update
                0x000093a0       0x8e build/z1/contiki-ng-z1.a(rpl-ext-header.)
                0x000093a0                rpl_ext_header_hbh_update
 .any.text.rpl_ext_header_remove
                0x0000942e       0xc0 build/z1/contiki-ng-z1.a(rpl-ext-header.)
                0x0000942e                rpl_ext_header_remove
 .any.text.rpl_ext_header_update
                0x000094ee      0x266 build/z1/contiki-ng-z1.a(rpl-ext-header.)
                0x000094ee                rpl_ext_header_update
 .any.text.get32
                0x00009754       0x3e build/z1/contiki-ng-z1.a(rpl-icmp6.o)
 .any.text.set32
                0x00009792       0x2a build/z1/contiki-ng-z1.a(rpl-icmp6.o)
 .any.text.get16
                0x000097bc        0xe build/z1/contiki-ng-z1.a(rpl-icmp6.o)
 .any.text.set16
                0x000097ca       0x10 build/z1/contiki-ng-z1.a(rpl-icmp6.o)
 .any.text.dao_ack_input
                0x000097da       0x2a build/z1/contiki-ng-z1.a(rpl-icmp6.o)
 .any.text.dao_input
                0x00009804      0x12a build/z1/contiki-ng-z1.a(rpl-icmp6.o)
 .any.text.dio_input
                0x0000992e      0x27a build/z1/contiki-ng-z1.a(rpl-icmp6.o)
 .any.text.dis_input
                0x00009ba8       0x1e build/z1/contiki-ng-z1.a(rpl-icmp6.o)
 .any.text.rpl_icmp6_update_nbr_table
                0x00009bc6       0x2e build/z1/contiki-ng-z1.a(rpl-icmp6.o)
                0x00009bc6                rpl_icmp6_update_nbr_table
 .any.text.rpl_icmp6_dis_output
                0x00009bf4       0x34 build/z1/contiki-ng-z1.a(rpl-icmp6.o)
                0x00009bf4                rpl_icmp6_dis_output
 .any.text.rpl_icmp6_dio_output
                0x00009c28      0x218 build/z1/contiki-ng-z1.a(rpl-icmp6.o)
                0x00009c28                rpl_icmp6_dio_output
 .any.text.rpl_icmp6_dao_output
                0x00009e40       0xd6 build/z1/contiki-ng-z1.a(rpl-icmp6.o)
                0x00009e40                rpl_icmp6_dao_output
 .any.text.rpl_icmp6_dao_ack_output
                0x00009f16       0x40 build/z1/contiki-ng-z1.a(rpl-icmp6.o)
                0x00009f16                rpl_icmp6_dao_ack_output
 .any.text.rpl_icmp6_init
                0x00009f56       0x22 build/z1/contiki-ng-z1.a(rpl-icmp6.o)
                0x00009f56                rpl_icmp6_init
 .any.text.reset
                0x00009f78        0x2 build/z1/contiki-ng-z1.a(rpl-mrhof.o)
 .any.text.update_metric_container
                0x00009f7a        0x6 build/z1/contiki-ng-z1.a(rpl-mrhof.o)
 .any.text.nbr_link_metric
                0x00009f80       0x12 build/z1/contiki-ng-z1.a(rpl-mrhof.o)
 .any.text.nbr_has_usable_link
                0x00009f92       0x14 build/z1/contiki-ng-z1.a(rpl-mrhof.o)
 .any.text.nbr_path_cost
                0x00009fa6       0x34 build/z1/contiki-ng-z1.a(rpl-mrhof.o)
 .any.text.within_hysteresis
                0x00009fda       0x4c build/z1/contiki-ng-z1.a(rpl-mrhof.o)
 .any.text.nbr_is_acceptable_parent
                0x0000a026       0x28 build/z1/contiki-ng-z1.a(rpl-mrhof.o)
 .any.text.rank_via_nbr
                0x0000a04e       0x40 build/z1/contiki-ng-z1.a(rpl-mrhof.o)
 .any.text.best_parent
                0x0000a08e       0x74 build/z1/contiki-ng-z1.a(rpl-mrhof.o)
 .any.text.remove_neighbor
                0x0000a102       0x24 build/z1/contiki-ng-z1.a(rpl-neighbor.o)
 .any.text.rpl_neighbor_get_from_lladdr
                0x0000a126        0xc build/z1/contiki-ng-z1.a(rpl-neighbor.o)
                0x0000a126                rpl_neighbor_get_from_lladdr
 .any.text.rpl_neighbor_is_acceptable_parent
                0x0000a132       0x18 build/z1/contiki-ng-z1.a(rpl-neighbor.o)
                0x0000a132                rpl_neighbor_is_acceptable_parent
 .any.text.rpl_neighbor_get_link_metric
                0x0000a14a       0x18 build/z1/contiki-ng-z1.a(rpl-neighbor.o)
                0x0000a14a                rpl_neighbor_get_link_metric
 .any.text.rpl_neighbor_rank_via_nbr
                0x0000a162       0x18 build/z1/contiki-ng-z1.a(rpl-neighbor.o)
                0x0000a162                rpl_neighbor_rank_via_nbr
 .any.text.rpl_neighbor_get_lladdr
                0x0000a17a        0xc build/z1/contiki-ng-z1.a(rpl-neighbor.o)
                0x0000a17a                rpl_neighbor_get_lladdr
 .any.text.rpl_neighbor_get_ipaddr
                0x0000a186        0xa build/z1/contiki-ng-z1.a(rpl-neighbor.o)
                0x0000a186                rpl_neighbor_get_ipaddr
 .any.text.rpl_neighbor_get_link_stats
                0x0000a190        0xa build/z1/contiki-ng-z1.a(rpl-neighbor.o)
                0x0000a190                rpl_neighbor_get_link_stats
 .any.text.rpl_neighbor_is_fresh
                0x0000a19a        0xa build/z1/contiki-ng-z1.a(rpl-neighbor.o)
                0x0000a19a                rpl_neighbor_is_fresh
 .any.text.best_parent
                0x0000a1a4       0x9a build/z1/contiki-ng-z1.a(rpl-neighbor.o)
 .any.text.rpl_neighbor_snprint
                0x0000a23e      0x1e4 build/z1/contiki-ng-z1.a(rpl-neighbor.o)
                0x0000a23e                rpl_neighbor_snprint
 .any.text.rpl_neighbor_print_list
                0x0000a422       0x3a build/z1/contiki-ng-z1.a(rpl-neighbor.o)
                0x0000a422                rpl_neighbor_print_list
 .any.text.rpl_neighbor_is_parent
                0x0000a45c       0x18 build/z1/contiki-ng-z1.a(rpl-neighbor.o)
                0x0000a45c                rpl_neighbor_is_parent
 .any.text.rpl_neighbor_set_preferred_parent
                0x0000a474       0x44 build/z1/contiki-ng-z1.a(rpl-neighbor.o)
                0x0000a474                rpl_neighbor_set_preferred_parent
 .any.text.rpl_neighbor_remove_all
                0x0000a4b8       0x2a build/z1/contiki-ng-z1.a(rpl-neighbor.o)
                0x0000a4b8                rpl_neighbor_remove_all
 .any.text.rpl_neighbor_get_from_ipaddr
                0x0000a4e2       0x14 build/z1/contiki-ng-z1.a(rpl-neighbor.o)
                0x0000a4e2                rpl_neighbor_get_from_ipaddr
 .any.text.rpl_neighbor_select_best
                0x0000a4f6       0x54 build/z1/contiki-ng-z1.a(rpl-neighbor.o)
                0x0000a4f6                rpl_neighbor_select_best
 .any.text.rpl_neighbor_init
                0x0000a54a        0xe build/z1/contiki-ng-z1.a(rpl-neighbor.o)
                0x0000a54a                rpl_neighbor_init
 .any.text.handle_state_update
                0x0000a558       0x20 build/z1/contiki-ng-z1.a(rpl-timers.o)
 .any.text.handle_leaving_timer
                0x0000a578        0xc build/z1/contiki-ng-z1.a(rpl-timers.o)
 .any.text.schedule_dao_retransmission
                0x0000a584       0x30 build/z1/contiki-ng-z1.a(rpl-timers.o)
 .any.text.new_dio_interval
                0x0000a5b4       0x86 build/z1/contiki-ng-z1.a(rpl-timers.o)
 .any.text.handle_unicast_dio_timer
                0x0000a63a       0x12 build/z1/contiki-ng-z1.a(rpl-timers.o)
 .any.text.send_new_dao
                0x0000a64c       0x28 build/z1/contiki-ng-z1.a(rpl-timers.o)
 .any.text.resend_dao
                0x0000a674       0x24 build/z1/contiki-ng-z1.a(rpl-timers.o)
 .any.text.handle_dao_ack_timer
                0x0000a698       0x12 build/z1/contiki-ng-z1.a(rpl-timers.o)
 .any.text.handle_dio_timer
                0x0000a6aa       0x6e build/z1/contiki-ng-z1.a(rpl-timers.o)
 .any.text.rpl_timers_schedule_periodic_dis
                0x0000a718       0x3c build/z1/contiki-ng-z1.a(rpl-timers.o)
                0x0000a718                rpl_timers_schedule_periodic_dis
 .any.text.handle_periodic_timer
                0x0000a754       0x50 build/z1/contiki-ng-z1.a(rpl-timers.o)
 .any.text.handle_dis_timer
                0x0000a7a4       0x26 build/z1/contiki-ng-z1.a(rpl-timers.o)
 .any.text.rpl_timers_dio_reset
                0x0000a7ca       0x46 build/z1/contiki-ng-z1.a(rpl-timers.o)
                0x0000a7ca                rpl_timers_dio_reset
 .any.text.rpl_timers_schedule_unicast_dio
                0x0000a810       0x20 build/z1/contiki-ng-z1.a(rpl-timers.o)
                0x0000a810                rpl_timers_schedule_unicast_dio
 .any.text.rpl_timers_schedule_dao
                0x0000a830       0x38 build/z1/contiki-ng-z1.a(rpl-timers.o)
                0x0000a830                rpl_timers_schedule_dao
 .any.text.rpl_timers_schedule_dao_ack
                0x0000a868       0x34 build/z1/contiki-ng-z1.a(rpl-timers.o)
                0x0000a868                rpl_timers_schedule_dao_ack
 .any.text.rpl_timers_notify_dao_ack
                0x0000a89c       0x7e build/z1/contiki-ng-z1.a(rpl-timers.o)
                0x0000a89c                rpl_timers_notify_dao_ack
 .any.text.get_probing_delay
                0x0000a91a       0x1c build/z1/contiki-ng-z1.a(rpl-timers.o)
                0x0000a91a                get_probing_delay
 .any.text.get_probing_target
                0x0000a936       0xda build/z1/contiki-ng-z1.a(rpl-timers.o)
                0x0000a936                get_probing_target
 .any.text.rpl_schedule_probing
                0x0000aa10       0x20 build/z1/contiki-ng-z1.a(rpl-timers.o)
                0x0000aa10                rpl_schedule_probing
 .any.text.handle_probing_timer
                0x0000aa30       0xa6 build/z1/contiki-ng-z1.a(rpl-timers.o)
 .any.text.rpl_schedule_probing_now
                0x0000aad6       0x24 build/z1/contiki-ng-z1.a(rpl-timers.o)
                0x0000aad6                rpl_schedule_probing_now
 .any.text.rpl_timers_unschedule_leaving
                0x0000aafa       0x1c build/z1/contiki-ng-z1.a(rpl-timers.o)
                0x0000aafa                rpl_timers_unschedule_leaving
 .any.text.rpl_timers_schedule_leaving
                0x0000ab16       0x2a build/z1/contiki-ng-z1.a(rpl-timers.o)
                0x0000ab16                rpl_timers_schedule_leaving
 .any.text.rpl_timers_init
                0x0000ab40       0x1c build/z1/contiki-ng-z1.a(rpl-timers.o)
                0x0000ab40                rpl_timers_init
 .any.text.rpl_timers_stop_dag_timers
                0x0000ab5c       0x4c build/z1/contiki-ng-z1.a(rpl-timers.o)
                0x0000ab5c                rpl_timers_stop_dag_timers
 .any.text.rpl_timers_unschedule_state_update
                0x0000aba8       0x10 build/z1/contiki-ng-z1.a(rpl-timers.o)
                0x0000aba8                rpl_timers_unschedule_state_update
 .any.text.rpl_timers_schedule_state_update
                0x0000abb8       0x1c build/z1/contiki-ng-z1.a(rpl-timers.o)
                0x0000abb8                rpl_timers_schedule_state_update
 .any.text.init_platform
                0x0000abd4        0xc build/z1/contiki-ng-z1.a(contiki-z1-plat)
                0x0000abd4                init_platform
 .any.text.leds_init
                0x0000abe0        0x6 build/z1/contiki-ng-z1.a(leds.o)
                0x0000abe0                leds_init
 .any.text.leds_on
                0x0000abe6       0x12 build/z1/contiki-ng-z1.a(leds.o)
                0x0000abe6                leds_on
 .any.text.leds_off
                0x0000abf8       0x12 build/z1/contiki-ng-z1.a(leds.o)
                0x0000abf8                leds_off
 .any.text.wait_ready
                0x0000ac0a       0x46 build/z1/contiki-ng-z1.a(xmem.o)
 .any.text.xmem_init
                0x0000ac50       0x1e build/z1/contiki-ng-z1.a(xmem.o)
                0x0000ac50                xmem_init
 .any.text.xmem_pread
                0x0000ac6e       0x88 build/z1/contiki-ng-z1.a(xmem.o)
                0x0000ac6e                xmem_pread
 .any.text.spi_init
                0x0000acf6       0x32 build/z1/contiki-ng-z1.a(spi-legacy.o)
                0x0000acf6                spi_init
 .any.text.get_object
                0x0000ad28        0x4 build/z1/contiki-ng-z1.a(cc2420.o)
 .any.text.set_object
                0x0000ad2c        0x4 build/z1/contiki-ng-z1.a(cc2420.o)
 .any.text.strobe
                0x0000ad30       0x1a build/z1/contiki-ng-z1.a(cc2420.o)
 .any.text.getreg
                0x0000ad4a       0x46 build/z1/contiki-ng-z1.a(cc2420.o)
 .any.text.setreg
                0x0000ad90       0x44 build/z1/contiki-ng-z1.a(cc2420.o)
 .any.text.write_ram
                0x0000add4       0x72 build/z1/contiki-ng-z1.a(cc2420.o)
 .any.text.write_fifo_buf
                0x0000ae46       0x38 build/z1/contiki-ng-z1.a(cc2420.o)
 .any.text.get_status
                0x0000ae7e       0x1e build/z1/contiki-ng-z1.a(cc2420.o)
 .any.text.on   0x0000ae9c       0x1a build/z1/contiki-ng-z1.a(cc2420.o)
 .any.text.cc2420_receiving_packet
                0x0000aeb6        0xa build/z1/contiki-ng-z1.a(cc2420.o)
 .any.text.pending_packet
                0x0000aec0        0xa build/z1/contiki-ng-z1.a(cc2420.o)
 .any.text.wait_for_transmission
                0x0000aeca       0x22 build/z1/contiki-ng-z1.a(cc2420.o)
 .any.text.wait_for_status
                0x0000aeec       0x24 build/z1/contiki-ng-z1.a(cc2420.o)
 .any.text.getrxdata
                0x0000af10       0x4c build/z1/contiki-ng-z1.a(cc2420.o)
 .any.text.flushrx
                0x0000af5c       0x1a build/z1/contiki-ng-z1.a(cc2420.o)
 .any.text.off  0x0000af76       0x28 build/z1/contiki-ng-z1.a(cc2420.o)
 .any.text.RELEASE_LOCK
                0x0000af9e       0x28 build/z1/contiki-ng-z1.a(cc2420.o)
 .any.text.set_frame_filtering
                0x0000afc6       0x30 build/z1/contiki-ng-z1.a(cc2420.o)
 .any.text.set_auto_ack
                0x0000aff6       0x30 build/z1/contiki-ng-z1.a(cc2420.o)
 .any.text.set_poll_mode
                0x0000b026       0x2c build/z1/contiki-ng-z1.a(cc2420.o)
 .any.text.cc2420_prepare
                0x0000b052       0x38 build/z1/contiki-ng-z1.a(cc2420.o)
 .any.text.cc2420_on
                0x0000b08a       0x22 build/z1/contiki-ng-z1.a(cc2420.o)
                0x0000b08a                cc2420_on
 .any.text.cc2420_transmit
                0x0000b0ac       0x5a build/z1/contiki-ng-z1.a(cc2420.o)
 .any.text.cc2420_send
                0x0000b106       0x12 build/z1/contiki-ng-z1.a(cc2420.o)
 .any.text.cc2420_off
                0x0000b118       0x30 build/z1/contiki-ng-z1.a(cc2420.o)
                0x0000b118                cc2420_off
 .any.text.cc2420_cca
                0x0000b148       0x54 build/z1/contiki-ng-z1.a(cc2420.o)
 .any.text.cc2420_read
                0x0000b19c       0xba build/z1/contiki-ng-z1.a(cc2420.o)
 .any.text.process_thread_cc2420_process
                0x0000b256       0x62 build/z1/contiki-ng-z1.a(cc2420.o)
 .any.text.cc2420_set_channel
                0x0000b2b8       0x3a build/z1/contiki-ng-z1.a(cc2420.o)
                0x0000b2b8                cc2420_set_channel
 .any.text.cc2420_set_pan_addr
                0x0000b2f2       0x4c build/z1/contiki-ng-z1.a(cc2420.o)
                0x0000b2f2                cc2420_set_pan_addr
 .any.text.cc2420_interrupt
                0x0000b33e       0x16 build/z1/contiki-ng-z1.a(cc2420.o)
                0x0000b33e                cc2420_interrupt
 .any.text.cc2420_set_txpower
                0x0000b354       0x2c build/z1/contiki-ng-z1.a(cc2420.o)
                0x0000b354                cc2420_set_txpower
 .any.text.cc2420_get_txpower
                0x0000b380       0x1e build/z1/contiki-ng-z1.a(cc2420.o)
                0x0000b380                cc2420_get_txpower
 .any.text.cc2420_rssi
                0x0000b39e       0x48 build/z1/contiki-ng-z1.a(cc2420.o)
                0x0000b39e                cc2420_rssi
 .any.text.get_value
                0x0000b3e6      0x116 build/z1/contiki-ng-z1.a(cc2420.o)
 .any.text.cc2420_set_cca_threshold
                0x0000b4fc       0x16 build/z1/contiki-ng-z1.a(cc2420.o)
                0x0000b4fc                cc2420_set_cca_threshold
 .any.text.set_value
                0x0000b512      0x14a build/z1/contiki-ng-z1.a(cc2420.o)
 .any.text.cc2420_init
                0x0000b65c       0xea build/z1/contiki-ng-z1.a(cc2420.o)
                0x0000b65c                cc2420_init
 .any.text.cc2420_arch_init
                0x0000b746       0x1a build/z1/contiki-ng-z1.a(cc2420-arch.o)
                0x0000b746                cc2420_arch_init
 .any.text.node_id_z1_restore
                0x0000b760       0x4c build/z1/contiki-ng-z1.a(node-id-z1.o)
                0x0000b760                node_id_z1_restore
 .any.text.process_thread_sensors_process
                0x0000b7ac       0xc2 build/z1/contiki-ng-z1.a(sensors.o)
 .any.text.sensors_changed
                0x0000b86e       0x2a build/z1/contiki-ng-z1.a(sensors.o)
                0x0000b86e                sensors_changed
 .any.text.uart0_active
                0x0000b898        0xe build/z1/contiki-ng-z1.a(uart0.o)
                0x0000b898                uart0_active
 .any.text.uart0_writeb
                0x0000b8a6       0x16 build/z1/contiki-ng-z1.a(uart0.o)
                0x0000b8a6                uart0_writeb
 .any.text.uart0_init
                0x0000b8bc       0x4e build/z1/contiki-ng-z1.a(uart0.o)
                0x0000b8bc                uart0_init
 .any.text.status
                0x0000b90a       0x12 build/z1/contiki-ng-z1.a(adxl345.o)
 .any.text.accm_write_reg
                0x0000b91c       0x2e build/z1/contiki-ng-z1.a(adxl345.o)
 .any.text.accm_write_stream
                0x0000b94a       0x2a build/z1/contiki-ng-z1.a(adxl345.o)
 .any.text.accm_read_reg
                0x0000b974       0x54 build/z1/contiki-ng-z1.a(adxl345.o)
 .any.text.process_thread_accmeter_process
                0x0000b9c8       0x56 build/z1/contiki-ng-z1.a(adxl345.o)
 .any.text.accm_read_axis.part.0
                0x0000ba1e       0x5a build/z1/contiki-ng-z1.a(adxl345.o)
 .any.text.value
                0x0000ba78       0x1e build/z1/contiki-ng-z1.a(adxl345.o)
 .any.text.accm_init
                0x0000ba96       0x78 build/z1/contiki-ng-z1.a(adxl345.o)
                0x0000ba96                accm_init
 .any.text.accm_stop
                0x0000bb0e       0x32 build/z1/contiki-ng-z1.a(adxl345.o)
                0x0000bb0e                accm_stop
 .any.text.configure
                0x0000bb40       0x26 build/z1/contiki-ng-z1.a(adxl345.o)
 .any.text.status
                0x0000bb66       0x12 build/z1/contiki-ng-z1.a(tmp102.o)
 .any.text.tmp102_init
                0x0000bb78       0x24 build/z1/contiki-ng-z1.a(tmp102.o)
                0x0000bb78                tmp102_init
 .any.text.tmp102_stop
                0x0000bb9c        0xa build/z1/contiki-ng-z1.a(tmp102.o)
                0x0000bb9c                tmp102_stop
 .any.text.configure
                0x0000bba6       0x26 build/z1/contiki-ng-z1.a(tmp102.o)
 .any.text.tmp102_read_reg
                0x0000bbcc       0x5e build/z1/contiki-ng-z1.a(tmp102.o)
                0x0000bbcc                tmp102_read_reg
 .any.text.tmp102_read_temp_x100
                0x0000bc2a       0x58 build/z1/contiki-ng-z1.a(tmp102.o)
                0x0000bc2a                tmp102_read_temp_x100
 .any.text.value
                0x0000bc82        0x6 build/z1/contiki-ng-z1.a(tmp102.o)
 .any.text.leds_arch_init
                0x0000bc88        0xe build/z1/contiki-ng-z1.a(leds-arch.o)
                0x0000bc88                leds_arch_init
 .any.text.leds_arch_get
                0x0000bc96       0x34 build/z1/contiki-ng-z1.a(leds-arch.o)
                0x0000bc96                leds_arch_get
 .any.text.leds_arch_set
                0x0000bcca       0x3e build/z1/contiki-ng-z1.a(leds-arch.o)
                0x0000bcca                leds_arch_set
 .any.text.rtimer_arch_init
                0x0000bd08        0xe build/z1/contiki-ng-z1.a(rtimer-arch.o)
                0x0000bd08                rtimer_arch_init
 .any.text.rtimer_arch_now
                0x0000bd16        0xe build/z1/contiki-ng-z1.a(rtimer-arch.o)
                0x0000bd16                rtimer_arch_now
 .any.text.rtimer_arch_schedule
                0x0000bd24        0x6 build/z1/contiki-ng-z1.a(rtimer-arch.o)
                0x0000bd24                rtimer_arch_schedule
 .any.text.stimer_set
                0x0000bd2a       0x1c build/z1/contiki-ng-z1.a(stimer.o)
                0x0000bd2a                stimer_set
 .any.text.stimer_expired
                0x0000bd46       0x30 build/z1/contiki-ng-z1.a(stimer.o)
                0x0000bd46                stimer_expired
 .any.text.memb_init
                0x0000bd76       0x36 build/z1/contiki-ng-z1.a(memb.o)
                0x0000bd76                memb_init
 .any.text.memb_alloc
                0x0000bdac       0x3e build/z1/contiki-ng-z1.a(memb.o)
                0x0000bdac                memb_alloc
 .any.text.memb_free
                0x0000bdea       0x3a build/z1/contiki-ng-z1.a(memb.o)
                0x0000bdea                memb_free
 .any.text.memb_inmemb
                0x0000be24       0x2a build/z1/contiki-ng-z1.a(memb.o)
                0x0000be24                memb_inmemb
 .any.text.memb_numfree
                0x0000be4e       0x26 build/z1/contiki-ng-z1.a(memb.o)
                0x0000be4e                memb_numfree
 .any.text.periodic
                0x0000be74       0x2c build/z1/contiki-ng-z1.a(link-stats.o)
 .any.text.link_stats_from_lladdr
                0x0000bea0        0xc build/z1/contiki-ng-z1.a(link-stats.o)
                0x0000bea0                link_stats_from_lladdr
 .any.text.link_stats_is_fresh
                0x0000beac       0x30 build/z1/contiki-ng-z1.a(link-stats.o)
                0x0000beac                link_stats_is_fresh
 .any.text.guess_etx_from_rssi
                0x0000bedc       0x42 build/z1/contiki-ng-z1.a(link-stats.o)
                0x0000bedc                guess_etx_from_rssi
 .any.text.link_stats_packet_sent
                0x0000bf1e       0xc8 build/z1/contiki-ng-z1.a(link-stats.o)
                0x0000bf1e                link_stats_packet_sent
 .any.text.link_stats_input_callback
                0x0000bfe6       0xaa build/z1/contiki-ng-z1.a(link-stats.o)
                0x0000bfe6                link_stats_input_callback
 .any.text.link_stats_reset
                0x0000c090       0x2a build/z1/contiki-ng-z1.a(link-stats.o)
                0x0000c090                link_stats_reset
 .any.text.link_stats_init
                0x0000c0ba       0x22 build/z1/contiki-ng-z1.a(link-stats.o)
                0x0000c0ba                link_stats_init
 .any.text.item_from_index
                0x0000c0dc       0x2a build/z1/contiki-ng-z1.a(nbr-table.o)
 .any.text.index_from_key
                0x0000c106       0x26 build/z1/contiki-ng-z1.a(nbr-table.o)
 .any.text.index_from_item
                0x0000c12c       0x1e build/z1/contiki-ng-z1.a(nbr-table.o)
 .any.text.nbr_set_bit
                0x0000c14a       0x50 build/z1/contiki-ng-z1.a(nbr-table.o)
 .any.text.index_from_lladdr
                0x0000c19a       0x3e build/z1/contiki-ng-z1.a(nbr-table.o)
 .any.text.nbr_get_bit.constprop.0
                0x0000c1d8       0x2c build/z1/contiki-ng-z1.a(nbr-table.o)
 .any.text.nbr_table_is_registered
                0x0000c204       0x22 build/z1/contiki-ng-z1.a(nbr-table.o)
                0x0000c204                nbr_table_is_registered
 .any.text.nbr_table_register
                0x0000c226       0x3c build/z1/contiki-ng-z1.a(nbr-table.o)
                0x0000c226                nbr_table_register
 .any.text.nbr_table_next
                0x0000c262       0x4c build/z1/contiki-ng-z1.a(nbr-table.o)
                0x0000c262                nbr_table_next
 .any.text.nbr_table_head
                0x0000c2ae       0x36 build/z1/contiki-ng-z1.a(nbr-table.o)
                0x0000c2ae                nbr_table_head
 .any.text.nbr_table_add_lladdr
                0x0000c2e4      0x14e build/z1/contiki-ng-z1.a(nbr-table.o)
                0x0000c2e4                nbr_table_add_lladdr
 .any.text.nbr_table_get_from_lladdr
                0x0000c432       0x28 build/z1/contiki-ng-z1.a(nbr-table.o)
                0x0000c432                nbr_table_get_from_lladdr
 .any.text.nbr_table_remove
                0x0000c45a       0x2a build/z1/contiki-ng-z1.a(nbr-table.o)
                0x0000c45a                nbr_table_remove
 .any.text.nbr_table_lock
                0x0000c484       0x10 build/z1/contiki-ng-z1.a(nbr-table.o)
                0x0000c484                nbr_table_lock
 .any.text.nbr_table_unlock
                0x0000c494       0x10 build/z1/contiki-ng-z1.a(nbr-table.o)
                0x0000c494                nbr_table_unlock
 .any.text.nbr_table_get_lladdr
                0x0000c4a4       0x20 build/z1/contiki-ng-z1.a(nbr-table.o)
                0x0000c4a4                nbr_table_get_lladdr
 .any.text.packetbuf_hdrreduce
                0x0000c4c4       0x1a build/z1/contiki-ng-z1.a(packetbuf.o)
                0x0000c4c4                packetbuf_hdrreduce
 .any.text.packetbuf_set_datalen
                0x0000c4de        0x6 build/z1/contiki-ng-z1.a(packetbuf.o)
                0x0000c4de                packetbuf_set_datalen
 .any.text.packetbuf_hdrptr
                0x0000c4e4        0x6 build/z1/contiki-ng-z1.a(packetbuf.o)
                0x0000c4e4                packetbuf_hdrptr
 .any.text.packetbuf_datalen
                0x0000c4ea        0x6 build/z1/contiki-ng-z1.a(packetbuf.o)
                0x0000c4ea                packetbuf_datalen
 .any.text.packetbuf_hdrlen
                0x0000c4f0        0xa build/z1/contiki-ng-z1.a(packetbuf.o)
                0x0000c4f0                packetbuf_hdrlen
 .any.text.packetbuf_dataptr
                0x0000c4fa        0xc build/z1/contiki-ng-z1.a(packetbuf.o)
                0x0000c4fa                packetbuf_dataptr
 .any.text.packetbuf_copyto
                0x0000c506       0x3a build/z1/contiki-ng-z1.a(packetbuf.o)
                0x0000c506                packetbuf_copyto
 .any.text.packetbuf_totlen
                0x0000c540        0xc build/z1/contiki-ng-z1.a(packetbuf.o)
                0x0000c540                packetbuf_totlen
 .any.text.packetbuf_hdralloc
                0x0000c54c       0x3c build/z1/contiki-ng-z1.a(packetbuf.o)
                0x0000c54c                packetbuf_hdralloc
 .any.text.packetbuf_attr_clear
                0x0000c588       0x28 build/z1/contiki-ng-z1.a(packetbuf.o)
                0x0000c588                packetbuf_attr_clear
 .any.text.packetbuf_clear
                0x0000c5b0       0x12 build/z1/contiki-ng-z1.a(packetbuf.o)
                0x0000c5b0                packetbuf_clear
 .any.text.packetbuf_copyfrom
                0x0000c5c2       0x2a build/z1/contiki-ng-z1.a(packetbuf.o)
                0x0000c5c2                packetbuf_copyfrom
 .any.text.packetbuf_attr_copyto
                0x0000c5ec       0x22 build/z1/contiki-ng-z1.a(packetbuf.o)
                0x0000c5ec                packetbuf_attr_copyto
 .any.text.packetbuf_attr_copyfrom
                0x0000c60e       0x24 build/z1/contiki-ng-z1.a(packetbuf.o)
                0x0000c60e                packetbuf_attr_copyfrom
 .any.text.packetbuf_set_attr
                0x0000c632        0xc build/z1/contiki-ng-z1.a(packetbuf.o)
                0x0000c632                packetbuf_set_attr
 .any.text.packetbuf_attr
                0x0000c63e        0xa build/z1/contiki-ng-z1.a(packetbuf.o)
                0x0000c63e                packetbuf_attr
 .any.text.packetbuf_set_addr
                0x0000c648       0x14 build/z1/contiki-ng-z1.a(packetbuf.o)
                0x0000c648                packetbuf_set_addr
 .any.text.packetbuf_addr
                0x0000c65c        0xe build/z1/contiki-ng-z1.a(packetbuf.o)
                0x0000c65c                packetbuf_addr
 .any.text.packetbuf_holds_broadcast
                0x0000c66a        0xe build/z1/contiki-ng-z1.a(packetbuf.o)
                0x0000c66a                packetbuf_holds_broadcast
 .any.text.mac_call_sent_callback
                0x0000c678       0x14 build/z1/contiki-ng-z1.a(mac.o)
                0x0000c678                mac_call_sent_callback
 .any.text.mac_sequence_is_duplicate
                0x0000c68c       0x6e build/z1/contiki-ng-z1.a(mac-sequence.o)
                0x0000c68c                mac_sequence_is_duplicate
 .any.text.mac_sequence_register_seqno
                0x0000c6fa       0x86 build/z1/contiki-ng-z1.a(mac-sequence.o)
                0x0000c6fa                mac_sequence_register_seqno
 .any.text.parse
                0x0000c780       0x9c build/z1/contiki-ng-z1.a(framer-802154.o)
 .any.text.framer_802154_setup_params
                0x0000c81c       0xb0 build/z1/contiki-ng-z1.a(framer-802154.o)
                0x0000c81c                framer_802154_setup_params
 .any.text.create_frame
                0x0000c8cc       0xda build/z1/contiki-ng-z1.a(framer-802154.o)
 .any.text.create
                0x0000c9a6        0x8 build/z1/contiki-ng-z1.a(framer-802154.o)
 .any.text.hdr_length
                0x0000c9ae        0x8 build/z1/contiki-ng-z1.a(framer-802154.o)
 .any.text.node_matches_address.part.0
                0x0000c9b6       0x2e build/z1/contiki-ng-z1.a(uip-sr.o)
 .any.text.uip_sr_num_nodes
                0x0000c9e4        0x6 build/z1/contiki-ng-z1.a(uip-sr.o)
                0x0000c9e4                uip_sr_num_nodes
 .any.text.uip_sr_get_node
                0x0000c9ea       0x3c build/z1/contiki-ng-z1.a(uip-sr.o)
                0x0000c9ea                uip_sr_get_node
 .any.text.uip_sr_is_addr_reachable
                0x0000ca26       0x4a build/z1/contiki-ng-z1.a(uip-sr.o)
                0x0000ca26                uip_sr_is_addr_reachable
 .any.text.uip_sr_expire_parent
                0x0000ca70       0x3a build/z1/contiki-ng-z1.a(uip-sr.o)
                0x0000ca70                uip_sr_expire_parent
 .any.text.uip_sr_update_node
                0x0000caaa       0xac build/z1/contiki-ng-z1.a(uip-sr.o)
                0x0000caaa                uip_sr_update_node
 .any.text.uip_sr_init
                0x0000cb56       0x16 build/z1/contiki-ng-z1.a(uip-sr.o)
                0x0000cb56                uip_sr_init
 .any.text.uip_sr_node_head
                0x0000cb6c        0xa build/z1/contiki-ng-z1.a(uip-sr.o)
                0x0000cb6c                uip_sr_node_head
 .any.text.uip_sr_node_next
                0x0000cb76        0x6 build/z1/contiki-ng-z1.a(uip-sr.o)
                0x0000cb76                uip_sr_node_next
 .any.text.uip_sr_periodic
                0x0000cb7c       0x8a build/z1/contiki-ng-z1.a(uip-sr.o)
                0x0000cb7c                uip_sr_periodic
 .any.text.uip_sr_free_all
                0x0000cc06       0x38 build/z1/contiki-ng-z1.a(uip-sr.o)
                0x0000cc06                uip_sr_free_all
 .any.text.uip_sr_link_snprint
                0x0000cc3e       0xc8 build/z1/contiki-ng-z1.a(uip-sr.o)
                0x0000cc3e                uip_sr_link_snprint
 .any.text.update_state
                0x0000cd06       0x6c build/z1/contiki-ng-z1.a(rpl-nbr-policy.)
 .any.text.rpl_nbr_policy_find_removable
                0x0000cd72       0x4e build/z1/contiki-ng-z1.a(rpl-nbr-policy.)
                0x0000cd72                rpl_nbr_policy_find_removable
 .any.text.i2c_receiveinit
                0x0000cdc0       0x36 build/z1/contiki-ng-z1.a(i2cmaster.o)
                0x0000cdc0                i2c_receiveinit
 .any.text.i2c_transmitinit
                0x0000cdf6       0x30 build/z1/contiki-ng-z1.a(i2cmaster.o)
                0x0000cdf6                i2c_transmitinit
 .any.text.i2c_receive_n
                0x0000ce26       0x3e build/z1/contiki-ng-z1.a(i2cmaster.o)
                0x0000ce26                i2c_receive_n
 .any.text.i2c_busy
                0x0000ce64        0xa build/z1/contiki-ng-z1.a(i2cmaster.o)
                0x0000ce64                i2c_busy
 .any.text.i2c_enable
                0x0000ce6e       0x22 build/z1/contiki-ng-z1.a(i2cmaster.o)
                0x0000ce6e                i2c_enable
 .any.text.i2c_transmit_n
                0x0000ce90       0x14 build/z1/contiki-ng-z1.a(i2cmaster.o)
                0x0000ce90                i2c_transmit_n
 .any.text.status
                0x0000cea4       0x18 build/z1/contiki-ng-z1.a(button-sensor.o)
 .any.text.value
                0x0000cebc       0x20 build/z1/contiki-ng-z1.a(button-sensor.o)
 .any.text.configure
                0x0000cedc       0x4e build/z1/contiki-ng-z1.a(button-sensor.o)
 .any.text.frame802154_get_pan_id
                0x0000cf2a        0x6 build/z1/contiki-ng-z1.a(frame802154.o)
                0x0000cf2a                frame802154_get_pan_id
 .any.text.frame802154_has_panid
                0x0000cf30       0xe0 build/z1/contiki-ng-z1.a(frame802154.o)
                0x0000cf30                frame802154_has_panid
 .any.text.field_len
                0x0000d010       0xa8 build/z1/contiki-ng-z1.a(frame802154.o)
 .any.text.frame802154_is_broadcast_addr
                0x0000d0b8       0x28 build/z1/contiki-ng-z1.a(frame802154.o)
                0x0000d0b8                frame802154_is_broadcast_addr
 .any.text.frame802154_hdrlen
                0x0000d0e0       0x32 build/z1/contiki-ng-z1.a(frame802154.o)
                0x0000d0e0                frame802154_hdrlen
 .any.text.frame802154_create_fcf
                0x0000d112       0x6e build/z1/contiki-ng-z1.a(frame802154.o)
                0x0000d112                frame802154_create_fcf
 .any.text.frame802154_create
                0x0000d180       0xd4 build/z1/contiki-ng-z1.a(frame802154.o)
                0x0000d180                frame802154_create
 .any.text.frame802154_parse_fcf
                0x0000d254       0x8c build/z1/contiki-ng-z1.a(frame802154.o)
                0x0000d254                frame802154_parse_fcf
 .any.text.frame802154_parse
                0x0000d2e0      0x15c build/z1/contiki-ng-z1.a(frame802154.o)
                0x0000d2e0                frame802154_parse

.rodata         0x0000d43c      0x625
                0x0000d43c                . = ALIGN (0x2)
 *(.rodata .rodata.* .gnu.linkonce.r.*)
 .rodata.udp_rx_callback
                0x0000d43c       0x48 udp-server.o
 .rodata.autostart_processes
                0x0000d484        0x4 udp-server.o
                0x0000d484                autostart_processes
 .rodata        0x0000d488        0xb udp-server.o