Archive member included because of file (symbol)

build/sky/contiki-ng-sky.a(uart1-putchar.o)
                              udp-server.o (putchar)
build/sky/contiki-ng-sky.a(platform.o)
                              build/sky/obj/contiki-main.o (platform_init_stage_one)
build/sky/contiki-ng-sky.a(msp430.o)
                              build/sky/contiki-ng-sky.a(platform.o) (msp430_dco_required)
build/sky/contiki-ng-sky.a(clock.o)
                              build/sky/obj/contiki-main.o (clock_init)
build/sky/contiki-ng-sky.a(leds.o)
                              build/sky/contiki-ng-sky.a(platform.o) (leds_init)
build/sky/contiki-ng-sky.a(leds-arch.o)
                              build/sky/contiki-ng-sky.a(leds.o) (leds_arch_init)
build/sky/contiki-ng-sky.a(watchdog.o)
                              build/sky/obj/contiki-main.o (watchdog_start)
build/sky/contiki-ng-sky.a(autostart.o)
                              build/sky/obj/contiki-main.o (autostart_start)
build/sky/contiki-ng-sky.a(ctimer.o)
                              build/sky/obj/contiki-main.o (ctimer_init)
build/sky/contiki-ng-sky.a(energest.o)
                              build/sky/obj/contiki-main.o (energest_init)
build/sky/contiki-ng-sky.a(etimer.o)
                              build/sky/contiki-ng-sky.a(clock.o) (etimer_request_poll)
build/sky/contiki-ng-sky.a(log.o)
                              udp-server.o (log_6addr)
build/sky/contiki-ng-sky.a(node-id.o)
                              build/sky/obj/contiki-main.o (node_id_init)
build/sky/contiki-ng-sky.a(process.o)
                              build/sky/contiki-ng-sky.a(ctimer.o) (process_current)
build/sky/contiki-ng-sky.a(rtimer.o)
                              build/sky/obj/contiki-main.o (rtimer_init)
build/sky/contiki-ng-sky.a(timer.o)
                              build/sky/contiki-ng-sky.a(platform.o) (timer_set)
build/sky/contiki-ng-sky.a(list.o)
                              build/sky/contiki-ng-sky.a(ctimer.o) (list_init)
build/sky/contiki-ng-sky.a(random.o)
                              build/sky/contiki-ng-sky.a(platform.o) (random_init)
build/sky/contiki-ng-sky.a(linkaddr.o)
                              build/sky/contiki-ng-sky.a(platform.o) (linkaddr_copy)
build/sky/contiki-ng-sky.a(netstack.o)
                              build/sky/obj/contiki-main.o (netstack_init)
build/sky/contiki-ng-sky.a(queuebuf.o)
                              build/sky/obj/contiki-main.o (queuebuf_init)
build/sky/contiki-ng-sky.a(csma.o)
                              build/sky/obj/contiki-main.o (csma_driver)
build/sky/contiki-ng-sky.a(csma-output.o)
                              build/sky/contiki-ng-sky.a(csma.o) (csma_output_packet)
build/sky/contiki-ng-sky.a(csma-security.o)
                              build/sky/contiki-ng-sky.a(csma-output.o) (csma_security_create_frame)
build/sky/contiki-ng-sky.a(sicslowpan.o)
                              build/sky/obj/contiki-main.o (sicslowpan_driver)
build/sky/contiki-ng-sky.a(simple-udp.o)
                              udp-server.o (simple_udp_sendto)
build/sky/contiki-ng-sky.a(tcpip.o)
                              build/sky/contiki-ng-sky.a(simple-udp.o) (udp_new)
build/sky/contiki-ng-sky.a(uip6.o)
                              build/sky/contiki-ng-sky.a(sicslowpan.o) (uip_aligned_buf)
build/sky/contiki-ng-sky.a(uipbuf.o)
                              build/sky/contiki-ng-sky.a(uip6.o) (uipbuf_add_ext_hdr)
build/sky/contiki-ng-sky.a(uip-ds6.o)
                              build/sky/contiki-ng-sky.a(tcpip.o) (uip_ds6_is_addr_onlink)
build/sky/contiki-ng-sky.a(uip-ds6-nbr.o)
                              build/sky/contiki-ng-sky.a(uip-ds6.o) (uip_ds6_neighbors_init)
build/sky/contiki-ng-sky.a(uip-ds6-route.o)
                              build/sky/contiki-ng-sky.a(uip-ds6.o) (uip_ds6_route_init)
build/sky/contiki-ng-sky.a(uip-icmp6.o)
                              build/sky/contiki-ng-sky.a(uip6.o) (uip_icmp6_input)
build/sky/contiki-ng-sky.a(uiplib.o)
                              build/sky/contiki-ng-sky.a(log.o) (uiplib_ipaddr_snprint)
build/sky/contiki-ng-sky.a(uip-nd6.o)
                              build/sky/contiki-ng-sky.a(uip6.o) (uip_nd6_init)
build/sky/contiki-ng-sky.a(uip-udp-packet.)
                              build/sky/contiki-ng-sky.a(simple-udp.o) (uip_udp_packet_sendto)
build/sky/contiki-ng-sky.a(rpl.o)
                              udp-server.o (rpl_lite_driver)
build/sky/contiki-ng-sky.a(rpl-dag.o)
                              build/sky/contiki-ng-sky.a(rpl.o) (curr_instance)
build/sky/contiki-ng-sky.a(rpl-dag-root.o)
                              build/sky/contiki-ng-sky.a(rpl.o) (rpl_dag_root_set_prefix)
build/sky/contiki-ng-sky.a(rpl-ext-header.)
                              build/sky/contiki-ng-sky.a(rpl.o) (rpl_ext_header_srh_get_next_hop)
build/sky/contiki-ng-sky.a(rpl-icmp6.o)
                              build/sky/contiki-ng-sky.a(rpl-dag.o) (rpl_icmp6_update_nbr_table)
[...]
Memory Configuration

Name             Origin             Length             Attributes
sfr              0x00000000         0x00000010
peripheral_8bit  0x00000010         0x000000f0
peripheral_16bit 0x00000100         0x00000100
ram_mirror       0x00000200         0x00000800         xw
infomem          0x00001000         0x00000100
infob            0x00001000         0x00000080
infoa            0x00001080         0x00000080
ram              0x00001100         0x00002800         xw
rom              0x00004000         0x0000bfe0         xr
vectors          0x0000ffe0         0x00000020
bsl              0x00000000         0x00000000
infoc            0x00000000         0x00000000
infod            0x00000000         0x00000000
ram2             0x00000000         0x00000000         xw
usbram           0x00000000         0x00000000         xw
far_rom          0x00000000         0x00000000
*default*        0x00000000         0xffffffff

Linker script and memory map

LOAD /usr/local/msp430/bin/../lib/gcc/msp430/4.7.0/mmpy-16/crt0ivtbl16.o
                0x0000301c                _stack = _end
LOAD udp-server.o
LOAD build/sky/obj/contiki-main.o
LOAD build/sky/contiki-ng-sky.a
LOAD /usr/local/msp430/bin/../lib/gcc/msp430/4.7.0/mmpy-16/libgcc.a
LOAD /usr/local/msp430/bin/../lib/gcc/msp430/4.7.0/../../../../msp430/lib/mmpy-16/libc.a
LOAD /usr/local/msp430/bin/../lib/gcc/msp430/4.7.0/mmpy-16/libgcc.a
LOAD /usr/local/msp430/bin/../lib/gcc/msp430/4.7.0/mmpy-16/libcrt0.a
                0x00000080                PROVIDE (__info_segment_size, 0x80)
                0x00001000                PROVIDE (__infob, 0x1000)
                0x00001080                PROVIDE (__infoa, 0x1080)
                0x00000000                __IE1 = 0x0
                0x00000002                __IFG1 = 0x2
                0x00000004                __ME1 = 0x4
                0x00000001                __IE2 = 0x1
                0x00000003                __IFG2 = 0x3
                0x00000005                __ME2 = 0x5
                0x00000120                __WDTCTL = 0x120
                0x00000130                __MPY = 0x130
                0x00000132                __MPYS = 0x132
                0x00000134                __MAC = 0x134
                0x00000136                __MACS = 0x136
                0x00000138                __OP2 = 0x138
                0x0000013a                __RESLO = 0x13a
                0x0000013c                __RESHI = 0x13c
                0x0000013e                __SUMEXT = 0x13e
                0x00000020                __P1IN = 0x20
                0x00000021                __P1OUT = 0x21
                0x00000022                __P1DIR = 0x22
                0x00000023                __P1IFG = 0x23
                0x00000024                __P1IES = 0x24
                0x00000025                __P1IE = 0x25
                0x00000026                __P1SEL = 0x26
                0x00000028                __P2IN = 0x28
                0x00000029                __P2OUT = 0x29
                0x0000002a                __P2DIR = 0x2a
                0x0000002b                __P2IFG = 0x2b
                0x0000002c                __P2IES = 0x2c
                0x0000002d                __P2IE = 0x2d
                0x0000002e                __P2SEL = 0x2e
                0x00000018                __P3IN = 0x18
                0x00000019                __P3OUT = 0x19
                0x0000001a                __P3DIR = 0x1a
                0x0000001b                __P3SEL = 0x1b
                0x0000001c                __P4IN = 0x1c
                0x0000001d                __P4OUT = 0x1d
                0x0000001e                __P4DIR = 0x1e
                0x0000001f                __P4SEL = 0x1f
                0x00000030                __P5IN = 0x30
                0x00000031                __P5OUT = 0x31
                0x00000032                __P5DIR = 0x32
                0x00000033                __P5SEL = 0x33
                0x00000034                __P6IN = 0x34
                0x00000035                __P6OUT = 0x35
                0x00000036                __P6DIR = 0x36
                0x00000037                __P6SEL = 0x37
                0x00000070                __U0CTL = 0x70
                0x00000071                __U0TCTL = 0x71
                0x00000072                __U0RCTL = 0x72
                0x00000073                __U0MCTL = 0x73
                0x00000074                __U0BR0 = 0x74
                0x00000075                __U0BR1 = 0x75
                0x00000076                __U0RXBUF = 0x76
                0x00000077                __U0TXBUF = 0x77
                0x00000078                __U1CTL = 0x78
                0x00000079                __U1TCTL = 0x79
                0x0000007a                __U1RCTL = 0x7a
                0x0000007b                __U1MCTL = 0x7b
                0x0000007c                __U1BR0 = 0x7c
                0x0000007d                __U1BR1 = 0x7d
                0x0000007e                __U1RXBUF = 0x7e
                0x0000007f                __U1TXBUF = 0x7f
                0x00000050                __I2CIE = 0x50
                0x00000051                __I2CIFG = 0x51
                0x00000052                __I2CNDAT = 0x52
                0x00000071                __I2CTCTL = 0x71
                0x00000072                __I2CDCTL = 0x72
                0x00000073                __I2CPSC = 0x73
                0x00000074                __I2CSCLH = 0x74
                0x00000075                __I2CSCLL = 0x75
                0x00000076                __I2CDRB = 0x76
                0x00000076                __I2CDRW = 0x76
                0x00000118                __I2COA = 0x118
                0x0000011a                __I2CSA = 0x11a
                0x0000011c                __I2CIV = 0x11c
                0x0000012e                __TAIV = 0x12e
                0x00000160                __TACTL = 0x160
                0x00000162                __TACCTL0 = 0x162
                0x00000164                __TACCTL1 = 0x164
                0x00000166                __TACCTL2 = 0x166
                0x00000170                __TAR = 0x170
                0x00000172                __TACCR0 = 0x172
                0x00000174                __TACCR1 = 0x174
                0x00000176                __TACCR2 = 0x176
                0x0000011e                __TBIV = 0x11e
                0x00000180                __TBCTL = 0x180
                0x00000182                __TBCCTL0 = 0x182
                0x00000184                __TBCCTL1 = 0x184
                0x00000186                __TBCCTL2 = 0x186
                0x00000188                __TBCCTL3 = 0x188
                0x0000018a                __TBCCTL4 = 0x18a
                0x0000018c                __TBCCTL5 = 0x18c
                0x0000018e                __TBCCTL6 = 0x18e
                0x00000190                __TBR = 0x190
                0x00000192                __TBCCR0 = 0x192
                0x00000194                __TBCCR1 = 0x194
                0x00000196                __TBCCR2 = 0x196
                0x00000198                __TBCCR3 = 0x198
                0x0000019a                __TBCCR4 = 0x19a
                0x0000019c                __TBCCR5 = 0x19c
                0x0000019e                __TBCCR6 = 0x19e
                0x00000056                __DCOCTL = 0x56
                0x00000057                __BCSCTL1 = 0x57
                0x00000058                __BCSCTL2 = 0x58
                0x00000055                __SVSCTL = 0x55
                0x00000128                __FCTL1 = 0x128
                0x0000012a                __FCTL2 = 0x12a
                0x0000012c                __FCTL3 = 0x12c
                0x00000059                __CACTL1 = 0x59
                0x0000005a                __CACTL2 = 0x5a
                0x0000005b                __CAPD = 0x5b
                0x000001a0                __ADC12CTL0 = 0x1a0
                0x000001a2                __ADC12CTL1 = 0x1a2
                0x000001a4                __ADC12IFG = 0x1a4
                0x000001a6                __ADC12IE = 0x1a6
                0x000001a8                __ADC12IV = 0x1a8
                0x00000140                __ADC12MEM0 = 0x140
                0x00000142                __ADC12MEM1 = 0x142
                0x00000144                __ADC12MEM2 = 0x144
                0x00000146                __ADC12MEM3 = 0x146
                0x00000148                __ADC12MEM4 = 0x148
                0x0000014a                __ADC12MEM5 = 0x14a
                0x0000014c                __ADC12MEM6 = 0x14c
                0x0000014e                __ADC12MEM7 = 0x14e
                0x00000150                __ADC12MEM8 = 0x150
                0x00000152                __ADC12MEM9 = 0x152
                0x00000154                __ADC12MEM10 = 0x154
                0x00000156                __ADC12MEM11 = 0x156
                0x00000158                __ADC12MEM12 = 0x158
                0x0000015a                __ADC12MEM13 = 0x15a
                0x0000015c                __ADC12MEM14 = 0x15c
                0x0000015e                __ADC12MEM15 = 0x15e
                0x00000080                __ADC12MCTL0 = 0x80
                0x00000081                __ADC12MCTL1 = 0x81
                0x00000082                __ADC12MCTL2 = 0x82
                0x00000083                __ADC12MCTL3 = 0x83
                0x00000084                __ADC12MCTL4 = 0x84
                0x00000085                __ADC12MCTL5 = 0x85
                0x00000086                __ADC12MCTL6 = 0x86
                0x00000087                __ADC12MCTL7 = 0x87
                0x00000088                __ADC12MCTL8 = 0x88
                0x00000089                __ADC12MCTL9 = 0x89
                0x0000008a                __ADC12MCTL10 = 0x8a
                0x0000008b                __ADC12MCTL11 = 0x8b
                0x0000008c                __ADC12MCTL12 = 0x8c
                0x0000008d                __ADC12MCTL13 = 0x8d
                0x0000008e                __ADC12MCTL14 = 0x8e
                0x0000008f                __ADC12MCTL15 = 0x8f
                0x000001c0                __DAC12_0CTL = 0x1c0
                0x000001c2                __DAC12_1CTL = 0x1c2
                0x000001c8                __DAC12_0DAT = 0x1c8
                0x000001ca                __DAC12_1DAT = 0x1ca
                0x00000122                __DMACTL0 = 0x122
                0x00000124                __DMACTL1 = 0x124
                0x000001e0                __DMA0CTL = 0x1e0
                0x000001e8                __DMA1CTL = 0x1e8
                0x000001f0                __DMA2CTL = 0x1f0
                0x000001e2                __DMA0SA = 0x1e2
                0x000001e4                __DMA0DA = 0x1e4
                0x000001e6                __DMA0SZ = 0x1e6
                0x000001ea                __DMA1SA = 0x1ea
                0x000001ec                __DMA1DA = 0x1ec
                0x000001ee                __DMA1SZ = 0x1ee
                0x000001f2                __DMA2SA = 0x1f2
                0x000001f4                __DMA2DA = 0x1f4
                0x000001f6                __DMA2SZ = 0x1f6

.hash
 *(.hash)

.dynsym
 *(.dynsym)

.dynstr
 *(.dynstr)

.gnu.version
 *(.gnu.version)

.gnu.version_d
 *(.gnu.version_d)

.gnu.version_r
 *(.gnu.version_r)

.rel.init
 *(.rel.init)

.rela.init
 *(.rela.init)

.rel.fini
 *(.rel.fini)

.rela.fini
 *(.rela.fini)

.rel.text
 *(.rel.text .rel.text.* .rel.gnu.linkonce.t.*)

.rela.text
 *(.rela.text .rela.text.* .rela.gnu.linkonce.t.*)

.rel.rodata
 *(.rel.rodata .rel.rodata.* .rel.gnu.linkonce.r.*)

.rela.rodata
 *(.rela.rodata .rela.rodata.* .rela.gnu.linkonce.r.*)

.rel.data
 *(.rel.data .rel.data.* .rel.gnu.linkonce.d.*)

.rela.data
 *(.rela.data .rela.data.* .rela.gnu.linkonce.d.*)

.rel.bss
 *(.rel.bss .rel.bss.* .rel.gnu.linkonce.b.*)

.rela.bss
 *(.rela.bss .rela.bss.* .rela.gnu.linkonce.b.*)

.rel.ctors
 *(.rel.ctors)

.rela.ctors
 *(.rela.ctors)

.rel.dtors
 *(.rel.dtors)

.rela.dtors
 *(.rela.dtors)

.rel.got
 *(.rel.got)

.rela.got
 *(.rela.got)

.rel.plt
 *(.rel.plt)

.rela.plt
 *(.rela.plt)

.text           0x00004000     0xa29c
                0x00004000                . = ALIGN (0x2)
 *(.init .init.*)
 *(.init0)
 .init0         0x00004000        0x0 /usr/local/msp430/bin/../lib/gcc/msp430/4.7.0/mmpy-16/libcrt0.a(_reset_vector__.o)
                0x00004000                _reset_vector__
 *(.init1)
 .init1         0x00004000        0xc /usr/local/msp430/bin/../lib/gcc/msp430/4.7.0/mmpy-16/libcrt0.a(__watchdog_support.o)
                0x00004000                __watchdog_support
 *(.init2)
 .init2         0x0000400c        0x4 /usr/local/msp430/bin/../lib/gcc/msp430/4.7.0/mmpy-16/libcrt0.a(__init_stack.o)
                0x0000400c                __init_stack
 *(.init3)
 .init3         0x00004010        0x0 /usr/local/msp430/bin/../lib/gcc/msp430/4.7.0/mmpy-16/libcrt0.a(__low_level_init.o)
                0x00004010                __low_level_init
 *(.init4)
 .init4         0x00004010       0x18 /usr/local/msp430/bin/../lib/gcc/msp430/4.7.0/mmpy-16/libcrt0.a(_copy_data.o)
                0x00004010                __do_copy_data
 .init4         0x00004028       0x16 /usr/local/msp430/bin/../lib/gcc/msp430/4.7.0/mmpy-16/libcrt0.a(_clear_bss.o)
                0x00004028                __do_clear_bss
 *(.init5)
 *(.init6)
 *(.init7)
 *(.init8)
 *(.init9)
 .init9         0x0000403e      0x22e build/sky/obj/contiki-main.o
                0x0000403e                main
 *(.fini9)
 .fini9         0x0000426c        0x0 /usr/local/msp430/bin/../lib/gcc/msp430/4.7.0/mmpy-16/libcrt0.a(__stop_progExec__.o)
                0x0000426c                __stop_progExec__
 *(.fini8)
 *(.fini7)
 *(.fini6)
 *(.fini5)
 *(.fini4)
 *(.fini3)
 *(.fini2)
 *(.fini1)
 *(.fini0)
 .fini0         0x0000426c        0x6 /usr/local/msp430/bin/../lib/gcc/msp430/4.7.0/mmpy-16/libcrt0.a(_endless_loop__.o)
                0x0000426c                _endless_loop__
 *(.fini .fini.*)
                0x00004272                . = ALIGN (0x2)
                0x00004272                __ctors_start = .
 *(.ctors)
                0x00004272                __ctors_end = .
                0x00004272                __dtors_start = .
 *(.dtors)
                0x00004272                __dtors_end = .
                0x00004272                . = ALIGN (0x2)
 *(.text .text.* .gnu.linkonce.t.*)
 .text          0x00004272        0x4 /usr/local/msp430/bin/../lib/gcc/msp430/4.7.0/mmpy-16/crt0ivtbl16.o
                0x00004272                __isr_14
                0x00004272                __isr_11
                0x00004272                __isr_2
                0x00004272                __isr_7
                0x00004272                __isr_0
                0x00004272                __isr_8
                0x00004272                __isr_3
                0x00004272                __isr_12
                0x00004272                __isr_13
                0x00004272                __isr_9
 .text.process_thread_udp_server_process
                0x00004276       0x32 udp-server.o
 .text.udp_rx_callback
                0x000042a8       0x6c udp-server.o
 .text.putchar  0x00004314       0x10 build/sky/contiki-ng-sky.a(uart1-putchar.o)
                0x00004314                putchar
 .text.platform_init_stage_one
                0x00004324       0x12 build/sky/contiki-ng-sky.a(platform.o)
                0x00004324                platform_init_stage_one
 .text.platform_init_stage_two
                0x00004336       0x64 build/sky/contiki-ng-sky.a(platform.o)
                0x00004336                platform_init_stage_two
 .text.platform_init_stage_three
                0x0000439a       0x7a build/sky/contiki-ng-sky.a(platform.o)
                0x0000439a                platform_init_stage_three
 .text.platform_idle
                0x00004414       0x54 build/sky/contiki-ng-sky.a(platform.o)
                0x00004414                platform_idle
 .text.msp430_init_dco
                0x00004468       0x82 build/sky/contiki-ng-sky.a(msp430.o)
                0x00004468                msp430_init_dco
 .text.msp430_add_lpm_req
                0x000044ea        0xc build/sky/contiki-ng-sky.a(msp430.o)
                0x000044ea                msp430_add_lpm_req
 .text.msp430_cpu_init
                0x000044f6       0x2a build/sky/contiki-ng-sky.a(msp430.o)
                0x000044f6                msp430_cpu_init
 .text.splhigh_
                0x00004520        0x8 build/sky/contiki-ng-sky.a(msp430.o)
                0x00004520                splhigh_
 .text.msp430_sync_dco
                0x00004528       0x6c build/sky/contiki-ng-sky.a(msp430.o)
                0x00004528                msp430_sync_dco
 .text.timera1  0x00004594       0xdc build/sky/contiki-ng-sky.a(clock.o)
                0x00004594                __isr_5
                0x00004594                timera1
 .text.clock_time
                0x00004670       0x1a build/sky/contiki-ng-sky.a(clock.o)
                0x00004670                clock_time
 .text.clock_init
                0x0000468a       0x28 build/sky/contiki-ng-sky.a(clock.o)
                0x0000468a                clock_init
 .text.clock_delay
                0x000046b2        0xc build/sky/contiki-ng-sky.a(clock.o)
                0x000046b2                clock_delay
 .text.clock_seconds
                0x000046be       0x1a build/sky/contiki-ng-sky.a(clock.o)
                0x000046be                clock_seconds
 .text.leds_init
                0x000046d8        0x6 build/sky/contiki-ng-sky.a(leds.o)
                0x000046d8                leds_init
 .text.leds_on  0x000046de       0x12 build/sky/contiki-ng-sky.a(leds.o)
                0x000046de                leds_on
 .text.leds_off
                0x000046f0       0x12 build/sky/contiki-ng-sky.a(leds.o)
                0x000046f0                leds_off
 .text.leds_arch_init
                0x00004702        0xe build/sky/contiki-ng-sky.a(leds-arch.o)
                0x00004702                leds_arch_init
 .text.leds_arch_get
                0x00004710       0x34 build/sky/contiki-ng-sky.a(leds-arch.o)
                0x00004710                leds_arch_get
 .text.leds_arch_set
                0x00004744       0x3e build/sky/contiki-ng-sky.a(leds-arch.o)
                0x00004744                leds_arch_set
 .text.watchdog_interrupt
                0x00004782        0x6 build/sky/contiki-ng-sky.a(watchdog.o)
                0x00004782                __isr_10
                0x00004782                watchdog_interrupt
 .text.watchdog_start
                0x00004788       0x14 build/sky/contiki-ng-sky.a(watchdog.o)
                0x00004788                watchdog_start
 .text.watchdog_periodic
                0x0000479c       0x12 build/sky/contiki-ng-sky.a(watchdog.o)
                0x0000479c                watchdog_periodic
 .text.watchdog_stop
                0x000047ae       0x16 build/sky/contiki-ng-sky.a(watchdog.o)
                0x000047ae                watchdog_stop
 .text.watchdog_init
                0x000047c4       0x12 build/sky/contiki-ng-sky.a(watchdog.o)
                0x000047c4                watchdog_init
 .text.autostart_start
                0x000047d6       0x16 build/sky/contiki-ng-sky.a(autostart.o)
                0x000047d6                autostart_start
 .text.process_thread_ctimer_process
                0x000047ec       0xa8 build/sky/contiki-ng-sky.a(ctimer.o)
 .text.ctimer_init
                0x00004894       0x18 build/sky/contiki-ng-sky.a(ctimer.o)
                0x00004894                ctimer_init
 .text.ctimer_set_with_process
                0x000048ac       0x4e build/sky/contiki-ng-sky.a(ctimer.o)
                0x000048ac                ctimer_set_with_process
 .text.ctimer_set
                0x000048fa       0x10 build/sky/contiki-ng-sky.a(ctimer.o)
                0x000048fa                ctimer_set
 .text.ctimer_reset
                0x0000490a       0x30 build/sky/contiki-ng-sky.a(ctimer.o)
                0x0000490a                ctimer_reset
 .text.ctimer_stop
                0x0000493a       0x28 build/sky/contiki-ng-sky.a(ctimer.o)
                0x0000493a                ctimer_stop
 .text.ctimer_expired
                0x00004962       0x30 build/sky/contiki-ng-sky.a(ctimer.o)
                0x00004962                ctimer_expired
 .text.energest_init
                0x00004992        0x2 build/sky/contiki-ng-sky.a(energest.o)
                0x00004992                energest_init
 .text.energest_flush
                0x00004994        0x2 build/sky/contiki-ng-sky.a(energest.o)
                0x00004994                energest_flush
 .text.update_time
                0x00004996       0x78 build/sky/contiki-ng-sky.a(etimer.o)
 .text.etimer_request_poll
                0x00004a0e        0xa build/sky/contiki-ng-sky.a(etimer.o)
                0x00004a0e                etimer_request_poll
 .text.process_thread_etimer_process
                0x00004a18       0xcc build/sky/contiki-ng-sky.a(etimer.o)
 .text.add_timer
                0x00004ae4       0x40 build/sky/contiki-ng-sky.a(etimer.o)
 .text.etimer_set
                0x00004b24       0x12 build/sky/contiki-ng-sky.a(etimer.o)
                0x00004b24                etimer_set
 .text.etimer_reset
                0x00004b36       0x12 build/sky/contiki-ng-sky.a(etimer.o)
                0x00004b36                etimer_reset
 .text.etimer_expired
                0x00004b48        0xe build/sky/contiki-ng-sky.a(etimer.o)
                0x00004b48                etimer_expired
 .text.etimer_pending
                0x00004b56        0xc build/sky/contiki-ng-sky.a(etimer.o)
                0x00004b56                etimer_pending
 .text.etimer_next_expiration_time
                0x00004b62       0x16 build/sky/contiki-ng-sky.a(etimer.o)
                0x00004b62                etimer_next_expiration_time
 .text.etimer_stop
                0x00004b78       0x3e build/sky/contiki-ng-sky.a(etimer.o)
                0x00004b78                etimer_stop
 .text.log_6addr
                0x00004bb6       0x32 build/sky/contiki-ng-sky.a(log.o)
                0x00004bb6                log_6addr
 .text.log_lladdr
                0x00004be8       0x44 build/sky/contiki-ng-sky.a(log.o)
                0x00004be8                log_lladdr
 .text.node_id_init
                0x00004c2c       0x14 build/sky/contiki-ng-sky.a(node-id.o)
                0x00004c2c                node_id_init
 .text.call_process
                0x00004c40       0x46 build/sky/contiki-ng-sky.a(process.o)
 .text.exit_process
                0x00004c86       0x96 build/sky/contiki-ng-sky.a(process.o)
 .text.do_poll  0x00004d1c       0x30 build/sky/contiki-ng-sky.a(process.o)
 .text.process_alloc_event
                0x00004d4c        0xe build/sky/contiki-ng-sky.a(process.o)
                0x00004d4c                process_alloc_event
 .text.process_init
                0x00004d5a       0x18 build/sky/contiki-ng-sky.a(process.o)
                0x00004d5a                process_init
 .text.process_run
                0x00004d72       0x92 build/sky/contiki-ng-sky.a(process.o)
                0x00004d72                process_run
 .text.process_nevents
                0x00004e04        0xe build/sky/contiki-ng-sky.a(process.o)
                0x00004e04                process_nevents
 .text.process_post
                0x00004e12       0x42 build/sky/contiki-ng-sky.a(process.o)
                0x00004e12                process_post
 .text.process_post_synch
                0x00004e54       0x12 build/sky/contiki-ng-sky.a(process.o)
                0x00004e54                process_post_synch
 .text.process_start
                0x00004e66       0x36 build/sky/contiki-ng-sky.a(process.o)
                0x00004e66                process_start
 .text.process_poll
                0x00004e9c       0x18 build/sky/contiki-ng-sky.a(process.o)
                0x00004e9c                process_poll
 .text.rtimer_init
                0x00004eb4        0x6 build/sky/contiki-ng-sky.a(rtimer.o)
                0x00004eb4                rtimer_init
 .text.rtimer_run_next
                0x00004eba       0x26 build/sky/contiki-ng-sky.a(rtimer.o)
                0x00004eba                rtimer_run_next
 .text.timer_set
                0x00004ee0       0x1c build/sky/contiki-ng-sky.a(timer.o)
                0x00004ee0                timer_set
 .text.timer_expired
                0x00004efc       0x2a build/sky/contiki-ng-sky.a(timer.o)
                0x00004efc                timer_expired
 .text.timer_reset
                0x00004f26       0x1c build/sky/contiki-ng-sky.a(timer.o)
                0x00004f26                timer_reset
 .text.list_init
                0x00004f42        0x6 build/sky/contiki-ng-sky.a(list.o)
                0x00004f42                list_init
 .text.list_head
                0x00004f48        0x4 build/sky/contiki-ng-sky.a(list.o)
                0x00004f48                list_head
 .text.list_tail
                0x00004f4c       0x12 build/sky/contiki-ng-sky.a(list.o)
                0x00004f4c                list_tail
 .text.list_remove
                0x00004f5e       0x34 build/sky/contiki-ng-sky.a(list.o)
                0x00004f5e                list_remove
 .text.list_push
                0x00004f92       0x1a build/sky/contiki-ng-sky.a(list.o)
                0x00004f92                list_push
 .text.list_add
                0x00004fac       0x2a build/sky/contiki-ng-sky.a(list.o)
                0x00004fac                list_add
 .text.list_length
                0x00004fd6       0x10 build/sky/contiki-ng-sky.a(list.o)
                0x00004fd6                list_length
 .text.list_item_next
                0x00004fe6        0xc build/sky/contiki-ng-sky.a(list.o)
                0x00004fe6                list_item_next
 .text.random_init
                0x00004ff2        0x6 build/sky/contiki-ng-sky.a(random.o)
                0x00004ff2                random_init
 .text.random_rand
                0x00004ff8        0x6 build/sky/contiki-ng-sky.a(random.o)
                0x00004ff8                random_rand
 .text.linkaddr_copy
                0x00004ffe        0x8 build/sky/contiki-ng-sky.a(linkaddr.o)
                0x00004ffe                linkaddr_copy
 .text.linkaddr_cmp
                0x00005006       0x12 build/sky/contiki-ng-sky.a(linkaddr.o)
                0x00005006                linkaddr_cmp
 .text.linkaddr_set_node_addr
                0x00005018        0xc build/sky/contiki-ng-sky.a(linkaddr.o)
                0x00005018                linkaddr_set_node_addr
 .text.netstack_process_ip_callback
                0x00005024       0x4e build/sky/contiki-ng-sky.a(netstack.o)
                0x00005024                netstack_process_ip_callback
 .text.netstack_init
                0x00005072        0xe build/sky/contiki-ng-sky.a(netstack.o)
                0x00005072                netstack_init
 .text.queuebuf_init
                0x00005080       0x12 build/sky/contiki-ng-sky.a(queuebuf.o)
                0x00005080                queuebuf_init
 .text.queuebuf_numfree
                0x00005092        0xa build/sky/contiki-ng-sky.a(queuebuf.o)
                0x00005092                queuebuf_numfree
 .text.queuebuf_new_from_packetbuf
                0x0000509c       0x52 build/sky/contiki-ng-sky.a(queuebuf.o)
                0x0000509c                queuebuf_new_from_packetbuf
 .text.queuebuf_update_attr_from_packetbuf
                0x000050ee       0x12 build/sky/contiki-ng-sky.a(queuebuf.o)
                0x000050ee                queuebuf_update_attr_from_packetbuf
 .text.queuebuf_free
                0x00005100       0x2a build/sky/contiki-ng-sky.a(queuebuf.o)
                0x00005100                queuebuf_free
 .text.queuebuf_to_packetbuf
                0x0000512a       0x32 build/sky/contiki-ng-sky.a(queuebuf.o)
                0x0000512a                queuebuf_to_packetbuf
 .text.on       0x0000515c        0x6 build/sky/contiki-ng-sky.a(csma.o)
 .text.off      0x00005162        0x6 build/sky/contiki-ng-sky.a(csma.o)
 .text.max_payload
                0x00005168       0x16 build/sky/contiki-ng-sky.a(csma.o)
 .text.send_packet
                0x0000517e        0x6 build/sky/contiki-ng-sky.a(csma.o)
 .text.init     0x00005184        0xa build/sky/contiki-ng-sky.a(csma.o)
 .text.input_packet
                0x0000518e       0x58 build/sky/contiki-ng-sky.a(csma.o)
 .text.schedule_transmission
                0x000051e6       0x70 build/sky/contiki-ng-sky.a(csma-output.o)
 .text.tx_done  0x00005256       0x9a build/sky/contiki-ng-sky.a(csma-output.o)
 .text.transmit_from_queue
                0x000052f0      0x1bc build/sky/contiki-ng-sky.a(csma-output.o)
 .text.csma_output_packet
                0x000054ac      0x184 build/sky/contiki-ng-sky.a(csma-output.o)
                0x000054ac                csma_output_packet
 .text.csma_output_init
                0x00005630       0x1a build/sky/contiki-ng-sky.a(csma-output.o)
                0x00005630                csma_output_init
 .text.csma_security_create_frame
                0x0000564a       0x10 build/sky/contiki-ng-sky.a(csma-security.o)
                0x0000564a                csma_security_create_frame
 .text.csma_security_parse_frame
                0x0000565a        0x6 build/sky/contiki-ng-sky.a(csma-security.o)
                0x0000565a                csma_security_parse_frame
 .text.clear_fragments
                0x00005660       0x40 build/sky/contiki-ng-sky.a(sicslowpan.o)
 .text.addr_context_lookup_by_number
                0x000056a0       0x16 build/sky/contiki-ng-sky.a(sicslowpan.o)
 .text.sicslowpan_init
                0x000056b6       0x18 build/sky/contiki-ng-sky.a(sicslowpan.o)
                0x000056b6                sicslowpan_init
 .text.set_packet_attrs
                0x000056ce       0x66 build/sky/contiki-ng-sky.a(sicslowpan.o)
 .text.compress_addr_64
                0x00005734       0xae build/sky/contiki-ng-sky.a(sicslowpan.o)
 .text.addr_context_lookup_by_prefix
                0x000057e2       0x20 build/sky/contiki-ng-sky.a(sicslowpan.o)
 .text.send_packet
                0x00005802       0x1a build/sky/contiki-ng-sky.a(sicslowpan.o)
 .text.fragment_copy_payload_and_send
                0x0000581c       0x66 build/sky/contiki-ng-sky.a(sicslowpan.o)
 .text.output   0x00005882      0x7c2 build/sky/contiki-ng-sky.a(sicslowpan.o)
 .text.packet_sent
                0x00006044       0x56 build/sky/contiki-ng-sky.a(sicslowpan.o)
 .text.store_fragment
                0x0000609a       0xc8 build/sky/contiki-ng-sky.a(sicslowpan.o)
 .text.add_fragment
                0x00006162      0x1fc build/sky/contiki-ng-sky.a(sicslowpan.o)
 .text.uncompress_addr
                0x0000635e       0xb4 build/sky/contiki-ng-sky.a(sicslowpan.o)
 .text.input    0x00006412      0x832 build/sky/contiki-ng-sky.a(sicslowpan.o)
 .text.process_thread_simple_udp_process
                0x00006c44       0xb8 build/sky/contiki-ng-sky.a(simple-udp.o)
 .text.simple_udp_sendto
                0x00006cfc       0x2c build/sky/contiki-ng-sky.a(simple-udp.o)
                0x00006cfc                simple_udp_sendto
 .text.simple_udp_register
                0x00006d28       0x96 build/sky/contiki-ng-sky.a(simple-udp.o)
                0x00006d28                simple_udp_register
 .text.tcpip_output
                0x00006dbe       0x22 build/sky/contiki-ng-sky.a(tcpip.o)
                0x00006dbe                tcpip_output
 .text.udp_new  0x00006de0       0x1a build/sky/contiki-ng-sky.a(tcpip.o)
                0x00006de0                udp_new
 .text.tcpip_input
                0x00006dfa       0x1e build/sky/contiki-ng-sky.a(tcpip.o)
                0x00006dfa                tcpip_input
 .text.tcpip_ipv6_output
                0x00006e18      0x114 build/sky/contiki-ng-sky.a(tcpip.o)
                0x00006e18                tcpip_ipv6_output
 .text.packet_input.part.3
                0x00006f2c       0x12 build/sky/contiki-ng-sky.a(tcpip.o)
 .text.process_thread_tcpip_process
                0x00006f3e       0xcc build/sky/contiki-ng-sky.a(tcpip.o)
 .text.tcpip_uipcall
                0x0000700a       0x2a build/sky/contiki-ng-sky.a(tcpip.o)
                0x0000700a                tcpip_uipcall
 .text.chksum   0x00007034       0x32 build/sky/contiki-ng-sky.a(uip6.o)
 .text.upper_layer_chksum
                0x00007066       0x58 build/sky/contiki-ng-sky.a(uip6.o)
 .text.ext_hdr_options_process
                0x000070be       0xa4 build/sky/contiki-ng-sky.a(uip6.o)
 .text.uip_check_mtu
                0x00007162       0x1e build/sky/contiki-ng-sky.a(uip6.o)
 .text.uip_update_ttl
                0x00007180       0x24 build/sky/contiki-ng-sky.a(uip6.o)
 .text.uip_icmp6chksum
                0x000071a4        0xa build/sky/contiki-ng-sky.a(uip6.o)
                0x000071a4                uip_icmp6chksum
 .text.uip_udpchksum
                0x000071ae        0xa build/sky/contiki-ng-sky.a(uip6.o)
                0x000071ae                uip_udpchksum
 .text.uip_init
                0x000071b8       0x3c build/sky/contiki-ng-sky.a(uip6.o)
                0x000071b8                uip_init
 .text.uip_remove_ext_hdr
                0x000071f4       0x5e build/sky/contiki-ng-sky.a(uip6.o)
                0x000071f4                uip_remove_ext_hdr
 .text.uip_udp_new
                0x00007252       0xac build/sky/contiki-ng-sky.a(uip6.o)
                0x00007252                uip_udp_new
 .text.uip_process
                0x000072fe      0x4be build/sky/contiki-ng-sky.a(uip6.o)
                0x000072fe                uip_process
 .text.uip_htonl
                0x000077bc       0x2e build/sky/contiki-ng-sky.a(uip6.o)
                0x000077bc                uip_htonl
 .text.uipbuf_add_ext_hdr
                0x000077ea       0x1c build/sky/contiki-ng-sky.a(uipbuf.o)
                0x000077ea                uipbuf_add_ext_hdr
 .text.uipbuf_set_len
                0x00007806       0x12 build/sky/contiki-ng-sky.a(uipbuf.o)
                0x00007806                uipbuf_set_len
 .text.uipbuf_set_len_field
                0x00007818        0xe build/sky/contiki-ng-sky.a(uipbuf.o)
                0x00007818                uipbuf_set_len_field
 .text.uipbuf_get_len_field
                0x00007826        0xe build/sky/contiki-ng-sky.a(uipbuf.o)
                0x00007826                uipbuf_get_len_field
 .text.uipbuf_get_next_header
                0x00007834       0x62 build/sky/contiki-ng-sky.a(uipbuf.o)
                0x00007834                uipbuf_get_next_header
 .text.uipbuf_get_last_header
                0x00007896       0x3e build/sky/contiki-ng-sky.a(uipbuf.o)
                0x00007896                uipbuf_get_last_header
 .text.uipbuf_search_header
                0x000078d4       0x4e build/sky/contiki-ng-sky.a(uipbuf.o)
                0x000078d4                uipbuf_search_header
 .text.uipbuf_get_attr
                0x00007922       0x14 build/sky/contiki-ng-sky.a(uipbuf.o)
                0x00007922                uipbuf_get_attr
 .text.uipbuf_clear_attr
                0x00007936       0x12 build/sky/contiki-ng-sky.a(uipbuf.o)
                0x00007936                uipbuf_clear_attr
 .text.uipbuf_clear
                0x00007948       0x12 build/sky/contiki-ng-sky.a(uipbuf.o)
                0x00007948                uipbuf_clear
 .text.uipbuf_init
                0x0000795a       0x1a build/sky/contiki-ng-sky.a(uipbuf.o)
                0x0000795a                uipbuf_init
 .text.uip_ds6_default_prefix
                0x00007974        0x6 build/sky/contiki-ng-sky.a(uip-ds6.o)
                0x00007974                uip_ds6_default_prefix
 .text.uip_ds6_list_loop
                0x0000797a       0x92 build/sky/contiki-ng-sky.a(uip-ds6.o)
                0x0000797a                uip_ds6_list_loop
 .text.uip_ds6_prefix_add
                0x00007a0c       0x80 build/sky/contiki-ng-sky.a(uip-ds6.o)
                0x00007a0c                uip_ds6_prefix_add
 .text.uip_ds6_is_addr_onlink
                0x00007a8c       0x54 build/sky/contiki-ng-sky.a(uip-ds6.o)
                0x00007a8c                uip_ds6_is_addr_onlink
 .text.uip_ds6_addr_lookup
                0x00007ae0       0x2a build/sky/contiki-ng-sky.a(uip-ds6.o)
                0x00007ae0                uip_ds6_addr_lookup
 .text.uip_ds6_get_link_local
                0x00007b0a       0x3e build/sky/contiki-ng-sky.a(uip-ds6.o)
                0x00007b0a                uip_ds6_get_link_local
 .text.uip_ds6_maddr_add
                0x00007b48       0x4c build/sky/contiki-ng-sky.a(uip-ds6.o)
                0x00007b48                uip_ds6_maddr_add
 .text.uip_ds6_addr_add
                0x00007b94       0xc4 build/sky/contiki-ng-sky.a(uip-ds6.o)
                0x00007b94                uip_ds6_addr_add
 .text.uip_ds6_maddr_rm
                0x00007c58        0xa build/sky/contiki-ng-sky.a(uip-ds6.o)
                0x00007c58                uip_ds6_maddr_rm
 .text.uip_ds6_maddr_lookup
                0x00007c62       0x2a build/sky/contiki-ng-sky.a(uip-ds6.o)
                0x00007c62                uip_ds6_maddr_lookup
 .text.uip_ds6_addr_rm
                0x00007c8c       0x54 build/sky/contiki-ng-sky.a(uip-ds6.o)
                0x00007c8c                uip_ds6_addr_rm
 .text.uip_ds6_periodic
                0x00007ce0       0x46 build/sky/contiki-ng-sky.a(uip-ds6.o)
                0x00007ce0                uip_ds6_periodic
 .text.uip_ds6_set_addr_iid
                0x00007d26       0x14 build/sky/contiki-ng-sky.a(uip-ds6.o)
                0x00007d26                uip_ds6_set_addr_iid
 .text.uip_ds6_set_lladdr_from_iid
                0x00007d3a       0x14 build/sky/contiki-ng-sky.a(uip-ds6.o)
                0x00007d3a                uip_ds6_set_lladdr_from_iid
 .text.get_match_length
                0x00007d4e       0x44 build/sky/contiki-ng-sky.a(uip-ds6.o)
                0x00007d4e                get_match_length
 .text.uip_ds6_select_src
                0x00007d92       0xaa build/sky/contiki-ng-sky.a(uip-ds6.o)
                0x00007d92                uip_ds6_select_src
 .text.uip_ds6_compute_reachable_time
                0x00007e3c       0x3e build/sky/contiki-ng-sky.a(uip-ds6.o)
                0x00007e3c                uip_ds6_compute_reachable_time
 .text.uip_ds6_init
                0x00007e7a      0x164 build/sky/contiki-ng-sky.a(uip-ds6.o)
                0x00007e7a                uip_ds6_init
 .text.uip_ds6_nbr_rm
                0x00007fde       0x1e build/sky/contiki-ng-sky.a(uip-ds6-nbr.o)
                0x00007fde                uip_ds6_nbr_rm
 .text.uip_ds6_neighbors_init
                0x00007ffc       0x12 build/sky/contiki-ng-sky.a(uip-ds6-nbr.o)
                0x00007ffc                uip_ds6_neighbors_init
 .text.uip_ds6_nbr_add
                0x0000800e       0x3e build/sky/contiki-ng-sky.a(uip-ds6-nbr.o)
                0x0000800e                uip_ds6_nbr_add
 .text.uip_ds6_nbr_get_ll
                0x0000804c        0xc build/sky/contiki-ng-sky.a(uip-ds6-nbr.o)
                0x0000804c                uip_ds6_nbr_get_ll
 .text.uip_ds6_nbr_head
                0x00008058        0xa build/sky/contiki-ng-sky.a(uip-ds6-nbr.o)
                0x00008058                uip_ds6_nbr_head
 .text.uip_ds6_nbr_next
                0x00008062        0xc build/sky/contiki-ng-sky.a(uip-ds6-nbr.o)
                0x00008062                uip_ds6_nbr_next
 .text.uip_ds6_nbr_lookup
                0x0000806e       0x3a build/sky/contiki-ng-sky.a(uip-ds6-nbr.o)
                0x0000806e                uip_ds6_nbr_lookup
 .text.uip_ds6_nbr_ll_lookup
                0x000080a8        0xc build/sky/contiki-ng-sky.a(uip-ds6-nbr.o)
                0x000080a8                uip_ds6_nbr_ll_lookup
 .text.uip_ds6_nbr_update_ll
                0x000080b4       0x76 build/sky/contiki-ng-sky.a(uip-ds6-nbr.o)
                0x000080b4                uip_ds6_nbr_update_ll
 .text.uip_ds6_nbr_ipaddr_from_lladdr
                0x0000812a        0x6 build/sky/contiki-ng-sky.a(uip-ds6-nbr.o)
                0x0000812a                uip_ds6_nbr_ipaddr_from_lladdr
 .text.uip_ds6_nbr_lladdr_from_ipaddr
                0x00008130       0x12 build/sky/contiki-ng-sky.a(uip-ds6-nbr.o)
                0x00008130                uip_ds6_nbr_lladdr_from_ipaddr
 .text.uip_ds6_link_callback
                0x00008142        0x2 build/sky/contiki-ng-sky.a(uip-ds6-nbr.o)
                0x00008142                uip_ds6_link_callback
 .text.uip_ds6_route_init
                0x00008144       0x12 build/sky/contiki-ng-sky.a(uip-ds6-route.o)
                0x00008144                uip_ds6_route_init
 .text.uip_ds6_route_nexthop
                0x00008156        0x4 build/sky/contiki-ng-sky.a(uip-ds6-route.o)
                0x00008156                uip_ds6_route_nexthop
 .text.uip_ds6_route_lookup
                0x0000815a        0x4 build/sky/contiki-ng-sky.a(uip-ds6-route.o)
                0x0000815a                uip_ds6_route_lookup
 .text.uip_ds6_route_rm
                0x0000815e        0x2 build/sky/contiki-ng-sky.a(uip-ds6-route.o)
                0x0000815e                uip_ds6_route_rm
 .text.uip_ds6_defrt_rm
                0x00008160       0x3c build/sky/contiki-ng-sky.a(uip-ds6-route.o)
                0x00008160                uip_ds6_defrt_rm
 .text.uip_ds6_defrt_lookup
                0x0000819c       0x40 build/sky/contiki-ng-sky.a(uip-ds6-route.o)
                0x0000819c                uip_ds6_defrt_lookup
 .text.uip_ds6_defrt_add
                0x000081dc       0x72 build/sky/contiki-ng-sky.a(uip-ds6-route.o)
                0x000081dc                uip_ds6_defrt_add
 .text.uip_ds6_defrt_choose
                0x0000824e       0x3a build/sky/contiki-ng-sky.a(uip-ds6-route.o)
                0x0000824e                uip_ds6_defrt_choose
 .text.uip_ds6_defrt_periodic
                0x00008288       0x38 build/sky/contiki-ng-sky.a(uip-ds6-route.o)
                0x00008288                uip_ds6_defrt_periodic
 .text.echo_reply_input
                0x000082c0       0x68 build/sky/contiki-ng-sky.a(uip-icmp6.o)
 .text.echo_request_input
                0x00008328       0x86 build/sky/contiki-ng-sky.a(uip-icmp6.o)
 .text.uip_icmp6_input
                0x000083ae       0x48 build/sky/contiki-ng-sky.a(uip-icmp6.o)
                0x000083ae                uip_icmp6_input
 .text.uip_icmp6_register_input_handler
                0x000083f6        0xc build/sky/contiki-ng-sky.a(uip-icmp6.o)
                0x000083f6                uip_icmp6_register_input_handler
 .text.uip_icmp6_error_output
                0x00008402      0x146 build/sky/contiki-ng-sky.a(uip-icmp6.o)
                0x00008402                uip_icmp6_error_output
 .text.uip_icmp6_send
                0x00008548       0x94 build/sky/contiki-ng-sky.a(uip-icmp6.o)
                0x00008548                uip_icmp6_send
 .text.uip_icmp6_init
                0x000085dc       0x12 build/sky/contiki-ng-sky.a(uip-icmp6.o)
                0x000085dc                uip_icmp6_init
 .text.uiplib_ipaddr_snprint
                0x000085ee      0x12c build/sky/contiki-ng-sky.a(uiplib.o)
                0x000085ee                uiplib_ipaddr_snprint
 .text.ns_input
                0x0000871a      0x288 build/sky/contiki-ng-sky.a(uip-nd6.o)
 .text.uip_nd6_init
                0x000089a2        0xa build/sky/contiki-ng-sky.a(uip-nd6.o)
                0x000089a2                uip_nd6_init
 .text.uip_udp_packet_send
                0x000089ac       0x2a build/sky/contiki-ng-sky.a(uip-udp-packet.)
                0x000089ac                uip_udp_packet_send
 .text.uip_udp_packet_sendto
                0x000089d6       0x66 build/sky/contiki-ng-sky.a(uip-udp-packet.)
                0x000089d6                uip_udp_packet_sendto
 .text.rpl_has_joined
                0x00008a3c       0x12 build/sky/contiki-ng-sky.a(rpl.o)
                0x00008a3c                rpl_has_joined
 .text.rpl_is_reachable
                0x00008a4e       0x12 build/sky/contiki-ng-sky.a(rpl.o)
                0x00008a4e                rpl_is_reachable
 .text.neighbor_state_changed
                0x00008a60        0x2 build/sky/contiki-ng-sky.a(rpl.o)
 .text.drop_route
                0x00008a62        0x2 build/sky/contiki-ng-sky.a(rpl.o)
 .text.get_sr_node_ipaddr
                0x00008a64       0x34 build/sky/contiki-ng-sky.a(rpl.o)
 .text.init     0x00008a98       0x46 build/sky/contiki-ng-sky.a(rpl.o)
 .text.set_ip_from_prefix
                0x00008ade       0x38 build/sky/contiki-ng-sky.a(rpl.o)
 .text.rpl_link_callback
                0x00008b16       0x1e build/sky/contiki-ng-sky.a(rpl.o)
                0x00008b16                rpl_link_callback
 .text.rpl_lollipop_greater_than
                0x00008b34       0x3c build/sky/contiki-ng-sky.a(rpl.o)
                0x00008b34                rpl_lollipop_greater_than
 .text.rpl_get_global_address
                0x00008b70       0xbe build/sky/contiki-ng-sky.a(rpl.o)
                0x00008b70                rpl_get_global_address
 .text.rpl_reset_prefix
                0x00008c2e       0x24 build/sky/contiki-ng-sky.a(rpl.o)
                0x00008c2e                rpl_reset_prefix
 .text.rpl_set_prefix_from_addr
                0x00008c52       0x92 build/sky/contiki-ng-sky.a(rpl.o)
                0x00008c52                rpl_set_prefix_from_addr
 .text.rpl_get_leaf_only
                0x00008ce4        0x6 build/sky/contiki-ng-sky.a(rpl.o)
                0x00008ce4                rpl_get_leaf_only
 .text.init_dag
                0x00008cea       0x84 build/sky/contiki-ng-sky.a(rpl-dag.o)
 .text.init_dag_from_dio
                0x00008d6e       0x96 build/sky/contiki-ng-sky.a(rpl-dag.o)
 .text.rpl_dag_get_root_ipaddr
                0x00008e04       0x1e build/sky/contiki-ng-sky.a(rpl-dag.o)
                0x00008e04                rpl_dag_get_root_ipaddr
 .text.rpl_dag_leave
                0x00008e22       0x4a build/sky/contiki-ng-sky.a(rpl-dag.o)
                0x00008e22                rpl_dag_leave
 .text.rpl_dag_poison_and_leave
                0x00008e6c        0xc build/sky/contiki-ng-sky.a(rpl-dag.o)
                0x00008e6c                rpl_dag_poison_and_leave
 .text.rpl_dag_periodic
                0x00008e78       0x6a build/sky/contiki-ng-sky.a(rpl-dag.o)
                0x00008e78                rpl_dag_periodic
 .text.rpl_is_addr_in_our_dag
                0x00008ee2       0x34 build/sky/contiki-ng-sky.a(rpl-dag.o)
                0x00008ee2                rpl_is_addr_in_our_dag
 .text.rpl_local_repair
                0x00008f16       0x2a build/sky/contiki-ng-sky.a(rpl-dag.o)
                0x00008f16                rpl_local_repair
 .text.rpl_global_repair
                0x00008f40       0x2e build/sky/contiki-ng-sky.a(rpl-dag.o)
                0x00008f40                rpl_global_repair
 .text.rpl_dag_ready_to_advertise
                0x00008f6e       0x22 build/sky/contiki-ng-sky.a(rpl-dag.o)
                0x00008f6e                rpl_dag_ready_to_advertise
 .text.rpl_dag_update_state
                0x00008f90      0x148 build/sky/contiki-ng-sky.a(rpl-dag.o)
                0x00008f90                rpl_dag_update_state
 .text.rpl_process_dio
                0x000090d8      0x1c8 build/sky/contiki-ng-sky.a(rpl-dag.o)
                0x000090d8                rpl_process_dio
 .text.rpl_process_dis
                0x000092a0       0x2a build/sky/contiki-ng-sky.a(rpl-dag.o)
                0x000092a0                rpl_process_dis
 .text.rpl_process_dao
                0x000092ca       0x6c build/sky/contiki-ng-sky.a(rpl-dag.o)
                0x000092ca                rpl_process_dao
 .text.rpl_process_dao_ack
                0x00009336       0x54 build/sky/contiki-ng-sky.a(rpl-dag.o)
                0x00009336                rpl_process_dao_ack
 .text.rpl_process_hbh
                0x0000938a       0x2e build/sky/contiki-ng-sky.a(rpl-dag.o)
                0x0000938a                rpl_process_hbh
 .text.rpl_dag_init_root
                0x000093b8       0xbe build/sky/contiki-ng-sky.a(rpl-dag.o)
                0x000093b8                rpl_dag_init_root
 .text.rpl_dag_init
                0x00009476       0x10 build/sky/contiki-ng-sky.a(rpl-dag.o)
                0x00009476                rpl_dag_init
 .text.rpl_dag_root_set_prefix
                0x00009486       0x62 build/sky/contiki-ng-sky.a(rpl-dag-root.o)
                0x00009486                rpl_dag_root_set_prefix
 .text.rpl_dag_root_start
                0x000094e8       0x8e build/sky/contiki-ng-sky.a(rpl-dag-root.o)
                0x000094e8                rpl_dag_root_start
 .text.rpl_dag_root_is_root
                0x00009576       0x14 build/sky/contiki-ng-sky.a(rpl-dag-root.o)
                0x00009576                rpl_dag_root_is_root
 .text.update_hbh_header
                0x0000958a       0x4a build/sky/contiki-ng-sky.a(rpl-ext-header.)
 .text.rpl_ext_header_srh_get_next_hop
                0x000095d4       0x84 build/sky/contiki-ng-sky.a(rpl-ext-header.)
                0x000095d4                rpl_ext_header_srh_get_next_hop
 .text.rpl_ext_header_srh_update
                0x00009658      0x106 build/sky/contiki-ng-sky.a(rpl-ext-header.)
                0x00009658                rpl_ext_header_srh_update
 .text.rpl_ext_header_hbh_update
                0x0000975e       0x9e build/sky/contiki-ng-sky.a(rpl-ext-header.)
                0x0000975e                rpl_ext_header_hbh_update
 .text.rpl_ext_header_remove
                0x000097fc       0xcc build/sky/contiki-ng-sky.a(rpl-ext-header.)
                0x000097fc                rpl_ext_header_remove
 .text.rpl_ext_header_update
                0x000098c8      0x2aa build/sky/contiki-ng-sky.a(rpl-ext-header.)
                0x000098c8                rpl_ext_header_update
 .text.get32    0x00009b72       0x46 build/sky/contiki-ng-sky.a(rpl-icmp6.o)
 .text.set32    0x00009bb8       0x2a build/sky/contiki-ng-sky.a(rpl-icmp6.o)
 .text.get16    0x00009be2        0xe build/sky/contiki-ng-sky.a(rpl-icmp6.o)
 .text.set16    0x00009bf0       0x10 build/sky/contiki-ng-sky.a(rpl-icmp6.o)
 .text.dao_ack_input
                0x00009c00       0x2a build/sky/contiki-ng-sky.a(rpl-icmp6.o)
 .text.dao_input
                0x00009c2a      0x13e build/sky/contiki-ng-sky.a(rpl-icmp6.o)
 .text.dio_input
                0x00009d68      0x29c build/sky/contiki-ng-sky.a(rpl-icmp6.o)
 .text.dis_input
                0x0000a004       0x1e build/sky/contiki-ng-sky.a(rpl-icmp6.o)
 .text.rpl_icmp6_update_nbr_table
                0x0000a022       0x36 build/sky/contiki-ng-sky.a(rpl-icmp6.o)
                0x0000a022                rpl_icmp6_update_nbr_table
 .text.rpl_icmp6_dis_output
                0x0000a058       0x34 build/sky/contiki-ng-sky.a(rpl-icmp6.o)
                0x0000a058                rpl_icmp6_dis_output
 .text.rpl_icmp6_dio_output
                0x0000a08c      0x23a build/sky/contiki-ng-sky.a(rpl-icmp6.o)
                0x0000a08c                rpl_icmp6_dio_output
 .text.rpl_icmp6_dao_output
                0x0000a2c6       0xe6 build/sky/contiki-ng-sky.a(rpl-icmp6.o)
                0x0000a2c6                rpl_icmp6_dao_output
 .text.rpl_icmp6_dao_ack_output
                0x0000a3ac       0x44 build/sky/contiki-ng-sky.a(rpl-icmp6.o)
                0x0000a3ac                rpl_icmp6_dao_ack_output
 .text.rpl_icmp6_init
                0x0000a3f0       0x22 build/sky/contiki-ng-sky.a(rpl-icmp6.o)
                0x0000a3f0                rpl_icmp6_init
 .text.flood_input
                0x0000a412       0xde build/sky/contiki-ng-sky.a(rpl-icmp6-malic)
                0x0000a412                flood_input
 .text.rpl_icmp6_flood_init
                0x0000a4f0        0xa build/sky/contiki-ng-sky.a(rpl-icmp6-malic)
                0x0000a4f0                rpl_icmp6_flood_init
 .text.reset    0x0000a4fa        0x2 build/sky/contiki-ng-sky.a(rpl-mrhof.o)
 .text.update_metric_container
                0x0000a4fc        0x6 build/sky/contiki-ng-sky.a(rpl-mrhof.o)
 .text.nbr_link_metric
                0x0000a502       0x12 build/sky/contiki-ng-sky.a(rpl-mrhof.o)
 .text.nbr_has_usable_link
                0x0000a514       0x14 build/sky/contiki-ng-sky.a(rpl-mrhof.o)
 .text.nbr_path_cost
                0x0000a528       0x38 build/sky/contiki-ng-sky.a(rpl-mrhof.o)
 .text.within_hysteresis
                0x0000a560       0x54 build/sky/contiki-ng-sky.a(rpl-mrhof.o)
 .text.nbr_is_acceptable_parent
                0x0000a5b4       0x2c build/sky/contiki-ng-sky.a(rpl-mrhof.o)
 .text.rank_via_nbr
                0x0000a5e0       0x48 build/sky/contiki-ng-sky.a(rpl-mrhof.o)
 .text.best_parent
                0x0000a628       0x7c build/sky/contiki-ng-sky.a(rpl-mrhof.o)
 .text.remove_neighbor
                0x0000a6a4       0x24 build/sky/contiki-ng-sky.a(rpl-neighbor.o)
 .text.rpl_neighbor_get_from_lladdr
                0x0000a6c8        0xc build/sky/contiki-ng-sky.a(rpl-neighbor.o)
                0x0000a6c8                rpl_neighbor_get_from_lladdr
 .text.rpl_neighbor_rank_via_nbr
                0x0000a6d4       0x18 build/sky/contiki-ng-sky.a(rpl-neighbor.o)
                0x0000a6d4                rpl_neighbor_rank_via_nbr
 .text.rpl_neighbor_get_lladdr
                0x0000a6ec        0xc build/sky/contiki-ng-sky.a(rpl-neighbor.o)
                0x0000a6ec                rpl_neighbor_get_lladdr
 .text.rpl_neighbor_get_ipaddr
                0x0000a6f8        0xa build/sky/contiki-ng-sky.a(rpl-neighbor.o)
                0x0000a6f8                rpl_neighbor_get_ipaddr
 .text.rpl_neighbor_get_link_stats
                0x0000a702        0xa build/sky/contiki-ng-sky.a(rpl-neighbor.o)
                0x0000a702                rpl_neighbor_get_link_stats
 .text.rpl_neighbor_is_fresh
                0x0000a70c        0xa build/sky/contiki-ng-sky.a(rpl-neighbor.o)
                0x0000a70c                rpl_neighbor_is_fresh
 .text.best_parent
                0x0000a716       0xb2 build/sky/contiki-ng-sky.a(rpl-neighbor.o)
 .text.rpl_neighbor_is_parent
                0x0000a7c8       0x18 build/sky/contiki-ng-sky.a(rpl-neighbor.o)
                0x0000a7c8                rpl_neighbor_is_parent
 .text.rpl_neighbor_set_preferred_parent
                0x0000a7e0       0x44 build/sky/contiki-ng-sky.a(rpl-neighbor.o)
                0x0000a7e0                rpl_neighbor_set_preferred_parent
 .text.rpl_neighbor_remove_all
                0x0000a824       0x2a build/sky/contiki-ng-sky.a(rpl-neighbor.o)
                0x0000a824                rpl_neighbor_remove_all
 .text.rpl_neighbor_get_from_ipaddr
                0x0000a84e       0x14 build/sky/contiki-ng-sky.a(rpl-neighbor.o)
                0x0000a84e                rpl_neighbor_get_from_ipaddr
 .text.rpl_neighbor_select_best
                0x0000a862       0x54 build/sky/contiki-ng-sky.a(rpl-neighbor.o)
                0x0000a862                rpl_neighbor_select_best
 .text.rpl_neighbor_init
                0x0000a8b6        0xe build/sky/contiki-ng-sky.a(rpl-neighbor.o)
                0x0000a8b6                rpl_neighbor_init
 .text.handle_state_update
                0x0000a8c4       0x20 build/sky/contiki-ng-sky.a(rpl-timers.o)
 .text.handle_leaving_timer
                0x0000a8e4        0xc build/sky/contiki-ng-sky.a(rpl-timers.o)
 .text.schedule_dao_retransmission
                0x0000a8f0       0x34 build/sky/contiki-ng-sky.a(rpl-timers.o)
 .text.new_dio_interval
                0x0000a924       0x8a build/sky/contiki-ng-sky.a(rpl-timers.o)
 .text.handle_unicast_dio_timer
                0x0000a9ae       0x12 build/sky/contiki-ng-sky.a(rpl-timers.o)
 .text.send_new_dao
                0x0000a9c0       0x28 build/sky/contiki-ng-sky.a(rpl-timers.o)
 .text.resend_dao
                0x0000a9e8       0x24 build/sky/contiki-ng-sky.a(rpl-timers.o)
 .text.handle_dao_ack_timer
                0x0000aa0c       0x12 build/sky/contiki-ng-sky.a(rpl-timers.o)
 .text.handle_dio_timer
                0x0000aa1e       0x6e build/sky/contiki-ng-sky.a(rpl-timers.o)
 .text.rpl_timers_schedule_periodic_dis
                0x0000aa8c       0x40 build/sky/contiki-ng-sky.a(rpl-timers.o)
                0x0000aa8c                rpl_timers_schedule_periodic_dis
 .text.handle_periodic_timer
                0x0000aacc       0x3a build/sky/contiki-ng-sky.a(rpl-timers.o)
 .text.handle_dis_timer
                0x0000ab06       0x26 build/sky/contiki-ng-sky.a(rpl-timers.o)
 .text.rpl_timers_dio_reset
                0x0000ab2c       0x20 build/sky/contiki-ng-sky.a(rpl-timers.o)
                0x0000ab2c                rpl_timers_dio_reset
 .text.rpl_timers_schedule_unicast_dio
                0x0000ab4c       0x20 build/sky/contiki-ng-sky.a(rpl-timers.o)
                0x0000ab4c                rpl_timers_schedule_unicast_dio
 .text.rpl_timers_schedule_dao
                0x0000ab6c       0x3c build/sky/contiki-ng-sky.a(rpl-timers.o)
                0x0000ab6c                rpl_timers_schedule_dao
 .text.rpl_timers_schedule_dao_ack
                0x0000aba8       0x34 build/sky/contiki-ng-sky.a(rpl-timers.o)
                0x0000aba8                rpl_timers_schedule_dao_ack
 .text.rpl_timers_notify_dao_ack
                0x0000abdc       0x82 build/sky/contiki-ng-sky.a(rpl-timers.o)
                0x0000abdc                rpl_timers_notify_dao_ack
 .text.get_probing_delay
                0x0000ac5e       0x1c build/sky/contiki-ng-sky.a(rpl-timers.o)
                0x0000ac5e                get_probing_delay
 .text.get_probing_target
                0x0000ac7a       0xee build/sky/contiki-ng-sky.a(rpl-timers.o)
                0x0000ac7a                get_probing_target
 .text.rpl_schedule_probing
                0x0000ad68       0x20 build/sky/contiki-ng-sky.a(rpl-timers.o)
                0x0000ad68                rpl_schedule_probing
 .text.handle_probing_timer
                0x0000ad88       0x2a build/sky/contiki-ng-sky.a(rpl-timers.o)
 .text.rpl_schedule_probing_now
                0x0000adb2       0x24 build/sky/contiki-ng-sky.a(rpl-timers.o)
                0x0000adb2                rpl_schedule_probing_now
 .text.rpl_timers_unschedule_leaving
                0x0000add6       0x1c build/sky/contiki-ng-sky.a(rpl-timers.o)
                0x0000add6                rpl_timers_unschedule_leaving
 .text.rpl_timers_schedule_leaving
                0x0000adf2       0x2a build/sky/contiki-ng-sky.a(rpl-timers.o)
                0x0000adf2                rpl_timers_schedule_leaving
 .text.rpl_timers_init
                0x0000ae1c       0x1c build/sky/contiki-ng-sky.a(rpl-timers.o)
                0x0000ae1c                rpl_timers_init
 .text.rpl_timers_stop_dag_timers
                0x0000ae38       0x4c build/sky/contiki-ng-sky.a(rpl-timers.o)
                0x0000ae38                rpl_timers_stop_dag_timers
 .text.rpl_timers_unschedule_state_update
                0x0000ae84       0x10 build/sky/contiki-ng-sky.a(rpl-timers.o)
                0x0000ae84                rpl_timers_unschedule_state_update
 .text.rpl_timers_schedule_state_update
                0x0000ae94       0x1c build/sky/contiki-ng-sky.a(rpl-timers.o)
                0x0000ae94                rpl_timers_schedule_state_update
 .text.init_platform
                0x0000aeb0        0xc build/sky/contiki-ng-sky.a(contiki-sky-pla)
                0x0000aeb0                init_platform
 .text.status   0x0000aebc       0x18 build/sky/contiki-ng-sky.a(button-sensor.o)
 .text.value    0x0000aed4       0x20 build/sky/contiki-ng-sky.a(button-sensor.o)
 .text.configure
                0x0000aef4       0x4c build/sky/contiki-ng-sky.a(button-sensor.o)
 .text.irq_p2   0x0000af40       0x46 build/sky/contiki-ng-sky.a(button-sensor.o)
                0x0000af40                irq_p2
                0x0000af40                __isr_1
 .text.owreadb  0x0000af86       0x50 build/sky/contiki-ng-sky.a(ds2411.o)
 .text.ds2411_init
                0x0000afd6      0x120 build/sky/contiki-ng-sky.a(ds2411.o)
                0x0000afd6                ds2411_init
 .text.xmem_init
                0x0000b0f6       0x3c build/sky/contiki-ng-sky.a(xmem.o)
                0x0000b0f6                xmem_init
 .text.process_thread_sensors_process
                0x0000b132       0xc2 build/sky/contiki-ng-sky.a(sensors.o)
 .text.sensors_changed
                0x0000b1f4       0x2a build/sky/contiki-ng-sky.a(sensors.o)
                0x0000b1f4                sensors_changed
 .text.get_object
                0x0000b21e        0x4 build/sky/contiki-ng-sky.a(cc2420.o)
 .text.set_object
                0x0000b222        0x4 build/sky/contiki-ng-sky.a(cc2420.o)
 .text.strobe   0x0000b226       0x1c build/sky/contiki-ng-sky.a(cc2420.o)
 .text.getreg   0x0000b242       0x4c build/sky/contiki-ng-sky.a(cc2420.o)
 .text.setreg   0x0000b28e       0x4c build/sky/contiki-ng-sky.a(cc2420.o)
 .text.write_ram
                0x0000b2da       0x7c build/sky/contiki-ng-sky.a(cc2420.o)
 .text.write_fifo_buf
                0x0000b356       0x3c build/sky/contiki-ng-sky.a(cc2420.o)
 .text.get_status
                0x0000b392       0x20 build/sky/contiki-ng-sky.a(cc2420.o)
 .text.on       0x0000b3b2       0x1a build/sky/contiki-ng-sky.a(cc2420.o)
 .text.cc2420_receiving_packet
                0x0000b3cc        0xc build/sky/contiki-ng-sky.a(cc2420.o)
 .text.pending_packet
                0x0000b3d8        0x8 build/sky/contiki-ng-sky.a(cc2420.o)
 .text.wait_for_transmission
                0x0000b3e0       0x22 build/sky/contiki-ng-sky.a(cc2420.o)
 .text.wait_for_status
                0x0000b402       0x28 build/sky/contiki-ng-sky.a(cc2420.o)
 .text.getrxdata
                0x0000b42a       0x50 build/sky/contiki-ng-sky.a(cc2420.o)
 .text.flushrx  0x0000b47a       0x1a build/sky/contiki-ng-sky.a(cc2420.o)
 .text.off      0x0000b494       0x28 build/sky/contiki-ng-sky.a(cc2420.o)
 .text.RELEASE_LOCK
                0x0000b4bc       0x28 build/sky/contiki-ng-sky.a(cc2420.o)
 .text.set_key  0x0000b4e4       0x18 build/sky/contiki-ng-sky.a(cc2420.o)
 .text.set_frame_filtering
                0x0000b4fc       0x30 build/sky/contiki-ng-sky.a(cc2420.o)
 .text.set_auto_ack
                0x0000b52c       0x30 build/sky/contiki-ng-sky.a(cc2420.o)
 .text.set_poll_mode
                0x0000b55c       0x2c build/sky/contiki-ng-sky.a(cc2420.o)
 .text.cc2420_prepare
                0x0000b588       0x3c build/sky/contiki-ng-sky.a(cc2420.o)
 .text.cc2420_on
                0x0000b5c4       0x22 build/sky/contiki-ng-sky.a(cc2420.o)
                0x0000b5c4                cc2420_on
 .text.cc2420_transmit
                0x0000b5e6       0x5a build/sky/contiki-ng-sky.a(cc2420.o)
 .text.cc2420_send
                0x0000b640       0x12 build/sky/contiki-ng-sky.a(cc2420.o)
 .text.cc2420_off
                0x0000b652       0x30 build/sky/contiki-ng-sky.a(cc2420.o)
                0x0000b652                cc2420_off
 .text.cc2420_cca
                0x0000b682       0x68 build/sky/contiki-ng-sky.a(cc2420.o)
 .text.cc2420_read
                0x0000b6ea       0xbe build/sky/contiki-ng-sky.a(cc2420.o)
 .text.process_thread_cc2420_process
                0x0000b7a8       0x62 build/sky/contiki-ng-sky.a(cc2420.o)
 .text.encrypt  0x0000b80a       0x88 build/sky/contiki-ng-sky.a(cc2420.o)
 .text.cc2420_set_channel
                0x0000b892       0x3c build/sky/contiki-ng-sky.a(cc2420.o)
                0x0000b892                cc2420_set_channel
 .text.cc2420_set_pan_addr
                0x0000b8ce       0x4c build/sky/contiki-ng-sky.a(cc2420.o)
                0x0000b8ce                cc2420_set_pan_addr
 .text.cc2420_interrupt
                0x0000b91a       0x16 build/sky/contiki-ng-sky.a(cc2420.o)
                0x0000b91a                cc2420_interrupt
 .text.cc2420_set_txpower
                0x0000b930       0x2c build/sky/contiki-ng-sky.a(cc2420.o)
                0x0000b930                cc2420_set_txpower
 .text.cc2420_get_txpower
                0x0000b95c       0x1e build/sky/contiki-ng-sky.a(cc2420.o)
                0x0000b95c                cc2420_get_txpower
 .text.cc2420_rssi
                0x0000b97a       0x4c build/sky/contiki-ng-sky.a(cc2420.o)
                0x0000b97a                cc2420_rssi
 .text.get_value
                0x0000b9c6      0x116 build/sky/contiki-ng-sky.a(cc2420.o)
 .text.cc2420_set_cca_threshold
                0x0000badc       0x16 build/sky/contiki-ng-sky.a(cc2420.o)
                0x0000badc                cc2420_set_cca_threshold
 .text.set_value
                0x0000baf2      0x150 build/sky/contiki-ng-sky.a(cc2420.o)
 .text.cc2420_init
                0x0000bc42       0xea build/sky/contiki-ng-sky.a(cc2420.o)
                0x0000bc42                cc2420_init
 .text.cc2420_port1_interrupt
                0x0000bd2c       0x20 build/sky/contiki-ng-sky.a(cc2420-arch.o)
                0x0000bd2c                __isr_4
                0x0000bd2c                cc2420_port1_interrupt
 .text.cc2420_arch_init
                0x0000bd4c       0x1a build/sky/contiki-ng-sky.a(cc2420-arch.o)
                0x0000bd4c                cc2420_arch_init
 .text.uart1_active
                0x0000bd66       0x18 build/sky/contiki-ng-sky.a(uart1.o)
                0x0000bd66                uart1_active
 .text.uart1_writeb
                0x0000bd7e       0x18 build/sky/contiki-ng-sky.a(uart1.o)
                0x0000bd7e                uart1_writeb
 .text.uart1_init
                0x0000bd96       0xf4 build/sky/contiki-ng-sky.a(uart1.o)
                0x0000bd96                uart1_init
 .text.timera0  0x0000be8a       0x2e build/sky/contiki-ng-sky.a(rtimer-arch.o)
                0x0000be8a                __isr_6
                0x0000be8a                timera0
 .text.rtimer_arch_init
                0x0000beb8        0xe build/sky/contiki-ng-sky.a(rtimer-arch.o)
                0x0000beb8                rtimer_arch_init
 .text.rtimer_arch_now
                0x0000bec6        0xe build/sky/contiki-ng-sky.a(rtimer-arch.o)
                0x0000bec6                rtimer_arch_now
 .text.rtimer_arch_schedule
                0x0000bed4        0x6 build/sky/contiki-ng-sky.a(rtimer-arch.o)
                0x0000bed4                rtimer_arch_schedule
 .text.stimer_set
                0x0000beda       0x1c build/sky/contiki-ng-sky.a(stimer.o)
                0x0000beda                stimer_set
 .text.stimer_expired
                0x0000bef6       0x30 build/sky/contiki-ng-sky.a(stimer.o)
                0x0000bef6                stimer_expired
 .text.memb_init
                0x0000bf26       0x36 build/sky/contiki-ng-sky.a(memb.o)
                0x0000bf26                memb_init
 .text.memb_alloc
                0x0000bf5c       0x3e build/sky/contiki-ng-sky.a(memb.o)
                0x0000bf5c                memb_alloc
 .text.memb_free
                0x0000bf9a       0x3a build/sky/contiki-ng-sky.a(memb.o)
                0x0000bf9a                memb_free
 .text.memb_inmemb
                0x0000bfd4       0x2a build/sky/contiki-ng-sky.a(memb.o)
                0x0000bfd4                memb_inmemb
 .text.memb_numfree
                0x0000bffe       0x26 build/sky/contiki-ng-sky.a(memb.o)
                0x0000bffe                memb_numfree
 .text.periodic
                0x0000c024       0x28 build/sky/contiki-ng-sky.a(link-stats.o)
 .text.link_stats_from_lladdr
                0x0000c04c        0xc build/sky/contiki-ng-sky.a(link-stats.o)
                0x0000c04c                link_stats_from_lladdr
 .text.link_stats_is_fresh
                0x0000c058       0x30 build/sky/contiki-ng-sky.a(link-stats.o)
                0x0000c058                link_stats_is_fresh
 .text.guess_etx_from_rssi
                0x0000c088       0x42 build/sky/contiki-ng-sky.a(link-stats.o)
                0x0000c088                guess_etx_from_rssi
 .text.link_stats_packet_sent
                0x0000c0ca       0xda build/sky/contiki-ng-sky.a(link-stats.o)
                0x0000c0ca                link_stats_packet_sent
 .text.link_stats_input_callback
                0x0000c1a4       0xb4 build/sky/contiki-ng-sky.a(link-stats.o)
                0x0000c1a4                link_stats_input_callback
 .text.link_stats_reset
                0x0000c258       0x2a build/sky/contiki-ng-sky.a(link-stats.o)
                0x0000c258                link_stats_reset
 .text.link_stats_init
                0x0000c282       0x22 build/sky/contiki-ng-sky.a(link-stats.o)
                0x0000c282                link_stats_init
 .text.item_from_index
                0x0000c2a4       0x2a build/sky/contiki-ng-sky.a(nbr-table.o)
 .text.index_from_key
                0x0000c2ce       0x26 build/sky/contiki-ng-sky.a(nbr-table.o)
 .text.index_from_item
                0x0000c2f4       0x1e build/sky/contiki-ng-sky.a(nbr-table.o)
 .text.nbr_set_bit
                0x0000c312       0x58 build/sky/contiki-ng-sky.a(nbr-table.o)
 .text.index_from_lladdr
                0x0000c36a       0x42 build/sky/contiki-ng-sky.a(nbr-table.o)
 .text.nbr_get_bit.constprop.0
                0x0000c3ac       0x2e build/sky/contiki-ng-sky.a(nbr-table.o)
 .text.nbr_table_is_registered
                0x0000c3da       0x22 build/sky/contiki-ng-sky.a(nbr-table.o)
                0x0000c3da                nbr_table_is_registered
 .text.nbr_table_register
                0x0000c3fc       0x40 build/sky/contiki-ng-sky.a(nbr-table.o)
                0x0000c3fc                nbr_table_register
 .text.nbr_table_next
                0x0000c43c       0x54 build/sky/contiki-ng-sky.a(nbr-table.o)
                0x0000c43c                nbr_table_next
 .text.nbr_table_head
                0x0000c490       0x3a build/sky/contiki-ng-sky.a(nbr-table.o)
                0x0000c490                nbr_table_head
 .text.nbr_table_add_lladdr
                0x0000c4ca      0x168 build/sky/contiki-ng-sky.a(nbr-table.o)
                0x0000c4ca                nbr_table_add_lladdr
 .text.nbr_table_get_from_lladdr
                0x0000c632       0x2c build/sky/contiki-ng-sky.a(nbr-table.o)
                0x0000c632                nbr_table_get_from_lladdr
 .text.nbr_table_remove
                0x0000c65e       0x32 build/sky/contiki-ng-sky.a(nbr-table.o)
                0x0000c65e                nbr_table_remove
 .text.nbr_table_lock
                0x0000c690       0x10 build/sky/contiki-ng-sky.a(nbr-table.o)
                0x0000c690                nbr_table_lock
 .text.nbr_table_unlock
                0x0000c6a0       0x10 build/sky/contiki-ng-sky.a(nbr-table.o)
                0x0000c6a0                nbr_table_unlock
 .text.nbr_table_get_lladdr
                0x0000c6b0       0x22 build/sky/contiki-ng-sky.a(nbr-table.o)
                0x0000c6b0                nbr_table_get_lladdr
 .text.packetbuf_hdrreduce
                0x0000c6d2       0x1a build/sky/contiki-ng-sky.a(packetbuf.o)
                0x0000c6d2                packetbuf_hdrreduce
 .text.packetbuf_set_datalen
                0x0000c6ec        0x6 build/sky/contiki-ng-sky.a(packetbuf.o)
                0x0000c6ec                packetbuf_set_datalen
 .text.packetbuf_hdrptr
                0x0000c6f2        0x6 build/sky/contiki-ng-sky.a(packetbuf.o)
                0x0000c6f2                packetbuf_hdrptr
 .text.packetbuf_datalen
                0x0000c6f8        0x6 build/sky/contiki-ng-sky.a(packetbuf.o)
                0x0000c6f8                packetbuf_datalen
 .text.packetbuf_hdrlen
                0x0000c6fe        0xa build/sky/contiki-ng-sky.a(packetbuf.o)
                0x0000c6fe                packetbuf_hdrlen
 .text.packetbuf_dataptr
                0x0000c708        0xc build/sky/contiki-ng-sky.a(packetbuf.o)
                0x0000c708                packetbuf_dataptr
 .text.packetbuf_copyto
                0x0000c714       0x46 build/sky/contiki-ng-sky.a(packetbuf.o)
                0x0000c714                packetbuf_copyto
 .text.packetbuf_totlen
                0x0000c75a        0xc build/sky/contiki-ng-sky.a(packetbuf.o)
                0x0000c75a                packetbuf_totlen
 .text.packetbuf_hdralloc
                0x0000c766       0x3c build/sky/contiki-ng-sky.a(packetbuf.o)
                0x0000c766                packetbuf_hdralloc
 .text.packetbuf_attr_clear
                0x0000c7a2       0x28 build/sky/contiki-ng-sky.a(packetbuf.o)
                0x0000c7a2                packetbuf_attr_clear
 .text.packetbuf_clear
                0x0000c7ca       0x12 build/sky/contiki-ng-sky.a(packetbuf.o)
                0x0000c7ca                packetbuf_clear
 .text.packetbuf_copyfrom
                0x0000c7dc       0x2e build/sky/contiki-ng-sky.a(packetbuf.o)
                0x0000c7dc                packetbuf_copyfrom
 .text.packetbuf_attr_copyto
                0x0000c80a       0x22 build/sky/contiki-ng-sky.a(packetbuf.o)
                0x0000c80a                packetbuf_attr_copyto
 .text.packetbuf_attr_copyfrom
                0x0000c82c       0x24 build/sky/contiki-ng-sky.a(packetbuf.o)
                0x0000c82c                packetbuf_attr_copyfrom
 .text.packetbuf_set_attr
                0x0000c850        0xc build/sky/contiki-ng-sky.a(packetbuf.o)
                0x0000c850                packetbuf_set_attr
 .text.packetbuf_attr
                0x0000c85c        0xa build/sky/contiki-ng-sky.a(packetbuf.o)
                0x0000c85c                packetbuf_attr
 .text.packetbuf_set_addr
                0x0000c866       0x18 build/sky/contiki-ng-sky.a(packetbuf.o)
                0x0000c866                packetbuf_set_addr
 .text.packetbuf_addr
                0x0000c87e       0x12 build/sky/contiki-ng-sky.a(packetbuf.o)
                0x0000c87e                packetbuf_addr
 .text.packetbuf_holds_broadcast
                0x0000c890        0xe build/sky/contiki-ng-sky.a(packetbuf.o)
                0x0000c890                packetbuf_holds_broadcast
 .text.mac_call_sent_callback
                0x0000c89e       0x14 build/sky/contiki-ng-sky.a(mac.o)
                0x0000c89e                mac_call_sent_callback
 .text.mac_sequence_is_duplicate
                0x0000c8b2       0x84 build/sky/contiki-ng-sky.a(mac-sequence.o)
                0x0000c8b2                mac_sequence_is_duplicate
 .text.mac_sequence_register_seqno
                0x0000c936       0x90 build/sky/contiki-ng-sky.a(mac-sequence.o)
                0x0000c936                mac_sequence_register_seqno
 .text.parse    0x0000c9c6       0xa0 build/sky/contiki-ng-sky.a(framer-802154.o)
 .text.framer_802154_setup_params
                0x0000ca66       0xb8 build/sky/contiki-ng-sky.a(framer-802154.o)
                0x0000ca66                framer_802154_setup_params
 .text.create_frame
                0x0000cb1e       0xde build/sky/contiki-ng-sky.a(framer-802154.o)
 .text.create   0x0000cbfc        0x8 build/sky/contiki-ng-sky.a(framer-802154.o)
 .text.hdr_length
                0x0000cc04        0x8 build/sky/contiki-ng-sky.a(framer-802154.o)
 .text.node_matches_address.part.0
                0x0000cc0c       0x2e build/sky/contiki-ng-sky.a(uip-sr.o)
 .text.uip_sr_get_node
                0x0000cc3a       0x44 build/sky/contiki-ng-sky.a(uip-sr.o)
                0x0000cc3a                uip_sr_get_node
 .text.uip_sr_is_addr_reachable
                0x0000cc7e       0x4e build/sky/contiki-ng-sky.a(uip-sr.o)
                0x0000cc7e                uip_sr_is_addr_reachable
 .text.uip_sr_expire_parent
                0x0000cccc       0x42 build/sky/contiki-ng-sky.a(uip-sr.o)
                0x0000cccc                uip_sr_expire_parent
 .text.uip_sr_update_node
                0x0000cd0e       0xbc build/sky/contiki-ng-sky.a(uip-sr.o)
                0x0000cd0e                uip_sr_update_node
 .text.uip_sr_init
                0x0000cdca       0x16 build/sky/contiki-ng-sky.a(uip-sr.o)
                0x0000cdca                uip_sr_init
 .text.uip_sr_periodic
                0x0000cde0       0x9a build/sky/contiki-ng-sky.a(uip-sr.o)
                0x0000cde0                uip_sr_periodic
 .text.uip_sr_free_all
                0x0000ce7a       0x3c build/sky/contiki-ng-sky.a(uip-sr.o)
                0x0000ce7a                uip_sr_free_all
 .text.update_state
                0x0000ceb6       0x78 build/sky/contiki-ng-sky.a(rpl-nbr-policy.)
 .text.rpl_nbr_policy_find_removable
                0x0000cf2e       0x50 build/sky/contiki-ng-sky.a(rpl-nbr-policy.)
                0x0000cf2e                rpl_nbr_policy_find_removable
 .text.spi_init
                0x0000cf7e       0x30 build/sky/contiki-ng-sky.a(spi-legacy.o)
                0x0000cf7e                spi_init
 .text.frame802154_get_pan_id
                0x0000cfae        0x6 build/sky/contiki-ng-sky.a(frame802154.o)
                0x0000cfae                frame802154_get_pan_id
 .text.frame802154_has_panid
                0x0000cfb4       0xe0 build/sky/contiki-ng-sky.a(frame802154.o)
                0x0000cfb4                frame802154_has_panid
 .text.field_len
                0x0000d094       0xac build/sky/contiki-ng-sky.a(frame802154.o)
 .text.frame802154_is_broadcast_addr
                0x0000d140       0x28 build/sky/contiki-ng-sky.a(frame802154.o)
                0x0000d140                frame802154_is_broadcast_addr
 .text.frame802154_hdrlen
                0x0000d168       0x32 build/sky/contiki-ng-sky.a(frame802154.o)
                0x0000d168                frame802154_hdrlen
 .text.frame802154_create_fcf
                0x0000d19a       0x96 build/sky/contiki-ng-sky.a(frame802154.o)
                0x0000d19a                frame802154_create_fcf
 .text.frame802154_create
                0x0000d230       0xe4 build/sky/contiki-ng-sky.a(frame802154.o)
                0x0000d230                frame802154_create
 .text.frame802154_parse_fcf
                0x0000d314       0xbc build/sky/contiki-ng-sky.a(frame802154.o)
                0x0000d314                frame802154_parse_fcf
 .text.frame802154_parse
                0x0000d3d0      0x168 build/sky/contiki-ng-sky.a(frame802154.o)
                0x0000d3d0                frame802154_parse
 .text.libgcc   0x0000d538       0x2c /usr/local/msp430/bin/../lib/gcc/msp430/4.7.0/mmpy-16/libgcc.a(_mulsi3.o)
                0x0000d538                __mulsi3
 .text.libgcc   0x0000d564       0x22 /usr/local/msp430/bin/../lib/gcc/msp430/4.7.0/mmpy-16/libgcc.a(_udivmod16.o)
                0x0000d564                __udivhi3
                0x0000d564                __ext_udivmod16
                0x0000d57e                __umodhi3
 .text.libgcc   0x0000d586       0x3a /usr/local/msp430/bin/../lib/gcc/msp430/4.7.0/mmpy-16/libgcc.a(_divmod16.o)
                0x0000d586                __ext_divmod16
                0x0000d586                __divhi3
                0x0000d5b8                __modhi3
 .text.libgcc   0x0000d5c0       0x40 /usr/local/msp430/bin/../lib/gcc/msp430/4.7.0/mmpy-16/libgcc.a(_udivmod32.o)
                0x0000d5c0                __udivsi3
                0x0000d5c0                __ext_udivmod32
                0x0000d5f6                __umodsi3
 .text.libgcc   0x0000d600       0x4c /usr/local/msp430/bin/../lib/gcc/msp430/4.7.0/mmpy-16/libgcc.a(_divmod32.o)
                0x0000d600                __ext_divmod32
                0x0000d600                __divsi3
                0x0000d642                __modsi3
 .text.printf   0x0000d64c       0x10 /usr/local/msp430/bin/../lib/gcc/msp430/4.7.0/../../../../msp430/lib/mmpy-16/libc.a(printf.o)
                0x0000d64c                printf
 .text.append   0x0000d65c       0x22 /usr/local/msp430/bin/../lib/gcc/msp430/4.7.0/../../../../msp430/lib/mmpy-16/libc.a(sprintf.o)
 .text.call_vuprintf
                0x0000d67e       0x3a /usr/local/msp430/bin/../lib/gcc/msp430/4.7.0/../../../../msp430/lib/mmpy-16/libc.a(sprintf.o)
 .text.snprintf
                0x0000d6b8       0x1a /usr/local/msp430/bin/../lib/gcc/msp430/4.7.0/../../../../msp430/lib/mmpy-16/libc.a(sprintf.o)
                0x0000d6b8                snprintf
 .text.print_field
                0x0000d6d2      0x194 /usr/local/msp430/bin/../lib/gcc/msp430/4.7.0/../../../../msp430/lib/mmpy-16/libc.a(vuprintf.o)
 .text.vuprintf
                0x0000d866      0x63c /usr/local/msp430/bin/../lib/gcc/msp430/4.7.0/../../../../msp430/lib/mmpy-16/libc.a(vuprintf.o)
                0x0000d866                vuprintf
 .text.puts     0x0000dea2       0x2c /usr/local/msp430/bin/../lib/gcc/msp430/4.7.0/../../../../msp430/lib/mmpy-16/libc.a(puts.o)
                0x0000dea2                puts
 .text.rand     0x0000dece       0x26 /usr/local/msp430/bin/../lib/gcc/msp430/4.7.0/../../../../msp430/lib/mmpy-16/libc.a(rand.o)
                0x0000dece                rand
 .text.srand    0x0000def4        0xa /usr/local/msp430/bin/../lib/gcc/msp430/4.7.0/../../../../msp430/lib/mmpy-16/libc.a(rand.o)
                0x0000def4                srand
 .text.strcmp   0x0000defe       0x1e /usr/local/msp430/bin/../lib/gcc/msp430/4.7.0/../../../../msp430/lib/mmpy-16/libc.a(strcmp.o)
                0x0000defe                strcmp
 .text.memcmp   0x0000df1c       0x30 /usr/local/msp430/bin/../lib/gcc/msp430/4.7.0/../../../../msp430/lib/mmpy-16/libc.a(memcmp.o)
                0x0000df1c                memcmp
 .text.memcpy   0x0000df4c       0xfa /usr/local/msp430/bin/../lib/gcc/msp430/4.7.0/../../../../msp430/lib/mmpy-16/libc.a(memcpy.o)
                0x0000df4c                memcpy
 .text.memmove  0x0000e046       0xfa /usr/local/msp430/bin/../lib/gcc/msp430/4.7.0/../../../../msp430/lib/mmpy-16/libc.a(memmove.o)
                0x0000e046                memmove
 .text.memset   0x0000e140       0x6a /usr/local/msp430/bin/../lib/gcc/msp430/4.7.0/../../../../msp430/lib/mmpy-16/libc.a(memset.o)
                0x0000e140                memset
 .text.libgcc   0x0000e1aa       0xf0 /usr/local/msp430/bin/../lib/gcc/msp430/4.7.0/mmpy-16/libgcc.a(_udivmod64.o)
                0x0000e1aa                __xabi_udivmod64
                0x0000e208                __udivdi3
                0x0000e22e                __umoddi3
                0x0000e25c                __udivmoddi4
 .text.crt0     0x0000e29a        0x2 /usr/local/msp430/bin/../lib/gcc/msp430/4.7.0/mmpy-16/libcrt0.a(_unexpected_.o)
                0x0000e29a                _unexpected_
 *(.near.text .near.text.*)

.rodata         0x0000e29c      0x4ed
                0x0000e29c                . = ALIGN (0x2)
 *(.rodata .rodata.* .gnu.linkonce.r.*)
 .rodata        0x0000e29c       0x58 udp-server.o
                0x0000e2e4                autostart_processes
 .rodata        0x0000e2f4       0xd2 build/sky/obj/contiki-main.o
 .rodata        0x0000e3c6       0x31 build/sky/contiki-ng-sky.a(platform.o)
 .rodata        0x0000e3f7        0xf build/sky/contiki-ng-sky.a(ctimer.o)
 .rodata        0x0000e406        0xc build/sky/contiki-ng-sky.a(etimer.o)
 .rodata        0x0000e412       0xb2 build/sky/contiki-ng-sky.a(log.o)
 .rodata        0x0000e4c4        0x8 build/sky/contiki-ng-sky.a(linkaddr.o)
                0x0000e4c4                linkaddr_null
 .rodata        0x0000e4cc       0x14 build/sky/contiki-ng-sky.a(csma.o)
                0x0000e4d2                csma_driver
 .rodata        0x0000e4e0       0x26 build/sky/contiki-ng-sky.a(sicslowpan.o)
                0x0000e4ec                sicslowpan_driver
                0x0000e4f4                llprefix
                0x0000e4f6                unc_mxconf
                0x0000e4fa                unc_ctxconf
                0x0000e4fe                unc_llconf
 .rodata        0x0000e506       0x13 build/sky/contiki-ng-sky.a(simple-udp.o)
 .rodata        0x0000e519        0xd build/sky/contiki-ng-sky.a(tcpip.o)
 .rodata        0x0000e526       0x2d build/sky/contiki-ng-sky.a(uiplib.o)
 *fill*         0x0000e553        0x1 00
 .rodata        0x0000e554       0x32 build/sky/contiki-ng-sky.a(rpl.o)
                0x0000e55e                rpl_lite_driver
 .rodata        0x0000e586       0xe0 build/sky/contiki-ng-sky.a(rpl-dag.o)
 .rodata        0x0000e666       0x74 build/sky/contiki-ng-sky.a(rpl-icmp6-malic)
 .rodata        0x0000e6da       0x15 build/sky/contiki-ng-sky.a(rpl-timers.o)
 *fill*         0x0000e6ef        0x1 00
 .rodata        0x0000e6f0       0x10 build/sky/contiki-ng-sky.a(button-sensor.o)
                0x0000e6f8                button_sensor
 .rodata        0x0000e700        0x8 build/sky/contiki-ng-sky.a(sensors.o)
 .rodata.get_value
                0x0000e708       0x24 build/sky/contiki-ng-sky.a(cc2420.o)
 .rodata.set_value
                0x0000e72c       0x10 build/sky/contiki-ng-sky.a(cc2420.o)
 .rodata        0x0000e73c       0x3e build/sky/contiki-ng-sky.a(cc2420.o)
                0x0000e73c                cc2420_aes_128_driver
                0x0000e740                cc2420_driver
 .rodata        0x0000e77a        0x6 build/sky/contiki-ng-sky.a(framer-802154.o)
                0x0000e77a                framer_802154
 .rodata        0x0000e780        0x2 build/sky/contiki-ng-sky.a(frame802154.o)
 .rodata.vuprintf
                0x0000e782        0x7 /usr/local/msp430/bin/../lib/gcc/msp430/4.7.0/../../../../msp430/lib/mmpy-16/libc.a(vuprintf.o)
 *(.near.rodata .near.rodata.*)
                0x0000e78a                . = ALIGN (0x2)
                0x0000e78a                _etext = .

.data           0x00001100      0x14a load address 0x0000e78a
                0x00001100                . = ALIGN (0x2)
                0x00001100                __data_start = .
 *(.data .data.* .gnu.linkonce.d.*)
 .data          0x00001100        0xa udp-server.o
                0x00001100                udp_server_process
 .data          0x0000110a        0x2 build/sky/contiki-ng-sky.a(msp430.o)
 .data          0x0000110c        0xa build/sky/contiki-ng-sky.a(ctimer.o)
                0x0000110c                ctimer_process
 .data          0x00001116        0xa build/sky/contiki-ng-sky.a(etimer.o)
                0x00001116                etimer_process
 .data          0x00001120       0x4a build/sky/contiki-ng-sky.a(log.o)
                0x00001120                all_modules
                0x00001168                curr_log_level_main
 .data          0x0000116a       0x10 build/sky/contiki-ng-sky.a(queuebuf.o)
 .data          0x0000117a       0x18 build/sky/contiki-ng-sky.a(csma-output.o)
 .data          0x00001192        0xa build/sky/contiki-ng-sky.a(simple-udp.o)
                0x00001192                simple_udp_process
 .data          0x0000119c        0xa build/sky/contiki-ng-sky.a(tcpip.o)
                0x0000119c                tcpip_process
 .data          0x000011a6        0x8 build/sky/contiki-ng-sky.a(uip-ds6-nbr.o)
 .data          0x000011ae        0x8 build/sky/contiki-ng-sky.a(uip-ds6-route.o)
 .data          0x000011b6        0xc build/sky/contiki-ng-sky.a(uip-icmp6.o)
 .data          0x000011c2        0x6 build/sky/contiki-ng-sky.a(uip-nd6.o)
 .data          0x000011c8       0x18 build/sky/contiki-ng-sky.a(rpl-icmp6.o)
 .data          0x000011e0       0x16 build/sky/contiki-ng-sky.a(rpl-icmp6-malic)
 .data          0x000011f6       0x12 build/sky/contiki-ng-sky.a(rpl-mrhof.o)
                0x000011f6                rpl_mrhof
 .data          0x00001208        0xa build/sky/contiki-ng-sky.a(rpl-neighbor.o)
                0x00001208                rpl_neighbors
 .data          0x00001212        0x4 build/sky/contiki-ng-sky.a(contiki-sky-pla)
                0x00001212                sensors
 .data          0x00001216        0xa build/sky/contiki-ng-sky.a(sensors.o)
                0x00001216                sensors_process
 .data          0x00001220        0xc build/sky/contiki-ng-sky.a(cc2420.o)
                0x00001220                cc2420_process
 .data          0x0000122c        0x8 build/sky/contiki-ng-sky.a(link-stats.o)
 .data          0x00001234        0x8 build/sky/contiki-ng-sky.a(nbr-table.o)
 .data          0x0000123c        0x8 build/sky/contiki-ng-sky.a(uip-sr.o)
 .data          0x00001244        0x2 build/sky/contiki-ng-sky.a(frame802154.o)
 .data.next     0x00001246        0x4 /usr/local/msp430/bin/../lib/gcc/msp430/4.7.0/../../../../msp430/lib/mmpy-16/libc.a(rand.o)
 *(.near.data .near.data.*)
                0x0000124a                . = ALIGN (0x2)
                0x0000124a                _edata = .
                0x0000e78a                __data_load_start = LOADADDR (.data)
                0x0000014a                __data_size = SIZEOF (.data)

.bss            0x0000124a     0x1dd0 load address 0x0000e8d4
                0x0000124a                __bss_start = .
 *(.bss .bss.*)
 .bss           0x0000124a       0x1c udp-server.o
 .bss           0x00001266        0x8 build/sky/contiki-ng-sky.a(platform.o)
 .bss           0x0000126e        0xa build/sky/contiki-ng-sky.a(clock.o)
 .bss           0x00001278        0x2 build/sky/contiki-ng-sky.a(watchdog.o)
 .bss           0x0000127a        0x4 build/sky/contiki-ng-sky.a(ctimer.o)
 .bss           0x0000127e        0x6 build/sky/contiki-ng-sky.a(etimer.o)
 .bss           0x00001284       0x14 build/sky/contiki-ng-sky.a(log.o)
                0x00001284                curr_log_level_lwm2m
                0x00001286                curr_log_level_coap
                0x00001288                curr_log_level_6top
                0x0000128a                curr_log_level_framer
                0x0000128c                curr_log_level_mac
                0x0000128e                curr_log_level_nullnet
                0x00001290                curr_log_level_6lowpan
                0x00001292                curr_log_level_ipv6
                0x00001294                curr_log_level_tcpip
                0x00001296                curr_log_level_rpl
 .bss           0x00001298        0x2 build/sky/contiki-ng-sky.a(node-id.o)
                0x00001298                node_id
 .bss           0x0000129a       0xc8 build/sky/contiki-ng-sky.a(process.o)
                0x0000129a                process_current
                0x0000129c                process_list
 .bss           0x00001362        0x2 build/sky/contiki-ng-sky.a(rtimer.o)
 .bss           0x00001364        0x2 build/sky/contiki-ng-sky.a(netstack.o)
 .bss           0x00001366      0x580 build/sky/contiki-ng-sky.a(queuebuf.o)
 .bss           0x000018e6       0xbe build/sky/contiki-ng-sky.a(csma-output.o)
 .bss           0x000019a4      0x6e0 build/sky/contiki-ng-sky.a(sicslowpan.o)
 .bss           0x00002084       0xf1 build/sky/contiki-ng-sky.a(simple-udp.o)
 *fill*         0x00002175        0x1 00
 .bss           0x00002176        0xc build/sky/contiki-ng-sky.a(tcpip.o)
 .bss           0x00002182        0x8 build/sky/contiki-ng-sky.a(uip6.o)
                0x00002182                uip_last_proto
                0x00002184                uip_ext_len
                0x00002186                uip_ext_bitmap
 .bss           0x0000218a       0x18 build/sky/contiki-ng-sky.a(uipbuf.o)
 .bss           0x000021a2       0x28 build/sky/contiki-ng-sky.a(uip-ds6.o)
 .bss           0x000021ca      0x120 build/sky/contiki-ng-sky.a(uip-ds6-nbr.o)
 .bss           0x000022ea       0x3c build/sky/contiki-ng-sky.a(uip-ds6-route.o)
 .bss           0x00002326       0x14 build/sky/contiki-ng-sky.a(uip-icmp6.o)
 .bss           0x0000233a        0x8 build/sky/contiki-ng-sky.a(uip-nd6.o)
 .bss           0x00002342        0x1 build/sky/contiki-ng-sky.a(rpl.o)
 *fill*         0x00002343        0x1 00
 .bss           0x00002344       0x12 build/sky/contiki-ng-sky.a(rpl-dag-root.o)
 .bss           0x00002356      0x260 build/sky/contiki-ng-sky.a(rpl-icmp6-malic)
 .bss           0x000025b6       0x80 build/sky/contiki-ng-sky.a(rpl-neighbor.o)
 .bss           0x00002636       0x28 build/sky/contiki-ng-sky.a(rpl-timers.o)
 .bss           0x0000265e        0x8 build/sky/contiki-ng-sky.a(button-sensor.o)
 .bss           0x00002666        0x6 build/sky/contiki-ng-sky.a(sensors.o)
 .bss           0x0000266c       0x10 build/sky/contiki-ng-sky.a(cc2420.o)
 .bss           0x0000267c       0x9a build/sky/contiki-ng-sky.a(uart1.o)
 .bss           0x00002716       0xa0 build/sky/contiki-ng-sky.a(link-stats.o)
 .bss           0x000027b6       0xe4 build/sky/contiki-ng-sky.a(nbr-table.o)
 .bss           0x0000289a       0x86 build/sky/contiki-ng-sky.a(packetbuf.o)
 .bss           0x00002920       0xe0 build/sky/contiki-ng-sky.a(mac-sequence.o)
 .bss           0x00002a00        0x2 build/sky/contiki-ng-sky.a(framer-802154.o)
 .bss           0x00002a02      0x134 build/sky/contiki-ng-sky.a(uip-sr.o)
 .bss           0x00002b36        0x8 build/sky/contiki-ng-sky.a(rpl-nbr-policy.)
 .bss.destination_
                0x00002b3e        0x2 /usr/local/msp430/bin/../lib/gcc/msp430/4.7.0/../../../../msp430/lib/mmpy-16/libc.a(sprintf.o)
 .bss.available_
                0x00002b40        0x2 /usr/local/msp430/bin/../lib/gcc/msp430/4.7.0/../../../../msp430/lib/mmpy-16/libc.a(sprintf.o)
 *(.near.bss .near.bss.*)
 *(COMMON)
 COMMON         0x00002b42       0x36 build/sky/obj/contiki-main.o
                0x00002b42                selector
                0x00002b44                unicast_per_neighbor_rpl_storing
                0x00002b4e                unicast_per_neighbor_rpl_ns
                0x00002b58                icmp_dropped
                0x00002b5a                default_common
                0x00002b64                malicious_nodes_list
                0x00002b66                icmp_forwarded
                0x00002b68                legitimate_nodes_list
                0x00002b6a                flood
                0x00002b6c                eb_per_time_source
                0x00002b76                dis_sent_flood
 COMMON         0x00002b78        0x2 build/sky/contiki-ng-sky.a(msp430.o)
                0x00002b78                msp430_dco_required
 COMMON         0x00002b7a        0x8 build/sky/contiki-ng-sky.a(linkaddr.o)
                0x00002b7a                linkaddr_node_addr
 COMMON         0x00002b82        0x1 build/sky/contiki-ng-sky.a(tcpip.o)
                0x00002b82                tcpip_event
 *fill*         0x00002b83        0x1 00